May 15 10:45:22 localhost kernel: [488911.427059] device p5p1 entered promiscuous mode
May 15 10:59:47 localhost kernel: [489776.294594] do_general_protection: 123 callbacks suppressed
May 15 10:59:47 localhost kernel: [489776.294598] traps: ipms[16980] general protection ip:7f1da1000d20 sp:7f1d97391d30 error:0 in libipms-5.0.1.so[7f1da0fbb000+58000]
May 15 11:00:51 localhost kernel: [489840.710300] ipms[21070]: segfault at 45 ip 00007f2cddf3fd20 sp 00007f2cd1bd2eb0 error 6 in libipms-5.0.1.so[7f2cddefa000+58000]
May 15 11:01:49 localhost kernel: [489898.000867] ipms[27637]: segfault at 45 ip 00007fd1e1306d20 sp 00007fd1d4f99eb0 error 6 in libipms-5.0.1.so[7fd1e12c1000+58000]
May 15 11:02:37 localhost kernel: [489946.673195] ipms[651]: segfault at 45 ip 00007f5e51288d20 sp 00007f5e44f1beb0 error 6 in libipms-5.0.1.so[7f5e51243000+58000]
May 15 11:12:14 localhost kernel: [    0.000000] Initializing cgroup subsys cpuset
May 15 11:12:14 localhost kernel: [    0.000000] Initializing cgroup subsys cpu
May 15 11:12:14 localhost kernel: [    0.000000] Initializing cgroup subsys cpuacct
May 15 11:12:14 localhost kernel: [    0.000000] Linux version 3.19.0-25-generic (buildd@lgw01-20) (gcc version 4.8.2 (Ubuntu 4.8.2-19ubuntu1) ) #26~14.04.1-Ubuntu SMP Fri Jul 24 21:16:20 UTC 2015 (Ubuntu 3.19.0-25.26~14.04.1-generic 3.19.8-ckt2)
May 15 11:12:14 localhost kernel: [    0.000000] Command line: BOOT_IMAGE=/boot/vmlinuz-3.19.0-25-generic root=UUID=100cd0c9-63bb-4a59-ac44-9b2930983fe5 ro
May 15 11:12:14 localhost kernel: [    0.000000] KERNEL supported cpus:
May 15 11:12:14 localhost kernel: [    0.000000]   Intel GenuineIntel
May 15 11:12:14 localhost kernel: [    0.000000]   AMD AuthenticAMD
May 15 11:12:14 localhost kernel: [    0.000000]   Centaur CentaurHauls
May 15 11:12:14 localhost kernel: [    0.000000] e820: BIOS-provided physical RAM map:
May 15 11:12:14 localhost kernel: [    0.000000] BIOS-e820: [mem 0x0000000000000000-0x0000000000099fff] usable
May 15 11:12:14 localhost kernel: [    0.000000] BIOS-e820: [mem 0x000000000009a000-0x000000000009ffff] reserved
May 15 11:12:14 localhost kernel: [    0.000000] BIOS-e820: [mem 0x00000000000e0000-0x00000000000fffff] reserved
May 15 11:12:14 localhost kernel: [    0.000000] BIOS-e820: [mem 0x0000000000100000-0x00000000ccdc2fff] usable
May 15 11:12:14 localhost kernel: [    0.000000] BIOS-e820: [mem 0x00000000ccdc3000-0x00000000cce60fff] reserved
May 15 11:12:14 localhost kernel: [    0.000000] BIOS-e820: [mem 0x00000000cce61000-0x00000000cce71fff] ACPI data
May 15 11:12:14 localhost kernel: [    0.000000] BIOS-e820: [mem 0x00000000cce72000-0x00000000cd949fff] ACPI NVS
May 15 11:12:14 localhost kernel: [    0.000000] BIOS-e820: [mem 0x00000000cd94a000-0x00000000ceb80fff] reserved
May 15 11:12:14 localhost kernel: [    0.000000] BIOS-e820: [mem 0x00000000ceb81000-0x00000000ceb81fff] usable
May 15 11:12:14 localhost kernel: [    0.000000] BIOS-e820: [mem 0x00000000ceb82000-0x00000000cebc4fff] ACPI NVS
May 15 11:12:14 localhost kernel: [    0.000000] BIOS-e820: [mem 0x00000000cebc5000-0x00000000ceffffff] usable
May 15 11:12:14 localhost kernel: [    0.000000] BIOS-e820: [mem 0x00000000e0000000-0x00000000efffffff] reserved
May 15 11:12:14 localhost kernel: [    0.000000] BIOS-e820: [mem 0x00000000fec00000-0x00000000fec00fff] reserved
May 15 11:12:14 localhost kernel: [    0.000000] BIOS-e820: [mem 0x00000000fed00000-0x00000000fed03fff] reserved
May 15 11:12:14 localhost kernel: [    0.000000] BIOS-e820: [mem 0x00000000fed1c000-0x00000000fed1ffff] reserved
May 15 11:12:14 localhost kernel: [    0.000000] BIOS-e820: [mem 0x00000000fee00000-0x00000000fee00fff] reserved
May 15 11:12:14 localhost kernel: [    0.000000] BIOS-e820: [mem 0x00000000ff000000-0x00000000ffffffff] reserved
May 15 11:12:14 localhost kernel: [    0.000000] BIOS-e820: [mem 0x0000000100000000-0x000000082fffffff] usable
May 15 11:12:14 localhost kernel: [    0.000000] NX (Execute Disable) protection: active
May 15 11:12:14 localhost kernel: [    0.000000] SMBIOS 2.7 present.
May 15 11:12:14 localhost kernel: [    0.000000] DMI: To be filled by O.E.M. To be filled by O.E.M./P8B-C Series, BIOS 6702 07/23/2013
May 15 11:12:14 localhost kernel: [    0.000000] e820: update [mem 0x00000000-0x00000fff] usable ==> reserved
May 15 11:12:14 localhost kernel: [    0.000000] e820: remove [mem 0x000a0000-0x000fffff] usable
May 15 11:12:14 localhost kernel: [    0.000000] AGP: No AGP bridge found
May 15 11:12:14 localhost kernel: [    0.000000] e820: last_pfn = 0x830000 max_arch_pfn = 0x400000000
May 15 11:12:14 localhost kernel: [    0.000000] MTRR default type: uncachable
May 15 11:12:14 localhost kernel: [    0.000000] MTRR fixed ranges enabled:
May 15 11:12:14 localhost kernel: [    0.000000]   00000-9FFFF write-back
May 15 11:12:14 localhost kernel: [    0.000000]   A0000-BFFFF uncachable
May 15 11:12:14 localhost kernel: [    0.000000]   C0000-D3FFF write-protect
May 15 11:12:14 localhost kernel: [    0.000000]   D4000-E7FFF uncachable
May 15 11:12:14 localhost kernel: [    0.000000]   E8000-FFFFF write-protect
May 15 11:12:14 localhost kernel: [    0.000000] MTRR variable ranges enabled:
May 15 11:12:14 localhost kernel: [    0.000000]   0 base 000000000 mask 800000000 write-back
May 15 11:12:14 localhost kernel: [    0.000000]   1 base 800000000 mask FE0000000 write-back
May 15 11:12:14 localhost kernel: [    0.000000]   2 base 820000000 mask FF0000000 write-back
May 15 11:12:14 localhost kernel: [    0.000000]   3 base 0E0000000 mask FE0000000 uncachable
May 15 11:12:14 localhost kernel: [    0.000000]   4 base 0D0000000 mask FF0000000 uncachable
May 15 11:12:14 localhost kernel: [    0.000000]   5 disabled
May 15 11:12:14 localhost kernel: [    0.000000]   6 disabled
May 15 11:12:14 localhost kernel: [    0.000000]   7 disabled
May 15 11:12:14 localhost kernel: [    0.000000]   8 disabled
May 15 11:12:14 localhost kernel: [    0.000000]   9 disabled
May 15 11:12:14 localhost kernel: [    0.000000] PAT configuration [0-7]: WB  WC  UC- UC  WB  WC  UC- UC  
May 15 11:12:14 localhost kernel: [    0.000000] original variable MTRRs
May 15 11:12:14 localhost kernel: [    0.000000] reg 0, base: 0GB, range: 32GB, type WB
May 15 11:12:14 localhost kernel: [    0.000000] reg 1, base: 32GB, range: 512MB, type WB
May 15 11:12:14 localhost kernel: [    0.000000] reg 2, base: 33280MB, range: 256MB, type WB
May 15 11:12:14 localhost kernel: [    0.000000] reg 3, base: 3584MB, range: 512MB, type UC
May 15 11:12:14 localhost kernel: [    0.000000] reg 4, base: 3328MB, range: 256MB, type UC
May 15 11:12:14 localhost kernel: [    0.000000] total RAM covered: 32768M
May 15 11:12:14 localhost kernel: [    0.000000] Found optimal setting for mtrr clean up
May 15 11:12:14 localhost kernel: [    0.000000]  gran_size: 64K 	chunk_size: 64K 	num_reg: 8  	lose cover RAM: 0G
May 15 11:12:14 localhost kernel: [    0.000000] New variable MTRRs
May 15 11:12:14 localhost kernel: [    0.000000] reg 0, base: 0GB, range: 2GB, type WB
May 15 11:12:14 localhost kernel: [    0.000000] reg 1, base: 2GB, range: 1GB, type WB
May 15 11:12:14 localhost kernel: [    0.000000] reg 2, base: 3GB, range: 256MB, type WB
May 15 11:12:14 localhost kernel: [    0.000000] reg 3, base: 4GB, range: 4GB, type WB
May 15 11:12:14 localhost kernel: [    0.000000] reg 4, base: 8GB, range: 8GB, type WB
May 15 11:12:14 localhost kernel: [    0.000000] reg 5, base: 16GB, range: 16GB, type WB
May 15 11:12:14 localhost kernel: [    0.000000] reg 6, base: 32GB, range: 512MB, type WB
May 15 11:12:14 localhost kernel: [    0.000000] reg 7, base: 33280MB, range: 256MB, type WB
May 15 11:12:14 localhost kernel: [    0.000000] e820: update [mem 0xd0000000-0xffffffff] usable ==> reserved
May 15 11:12:14 localhost kernel: [    0.000000] e820: last_pfn = 0xcf000 max_arch_pfn = 0x400000000
May 15 11:12:14 localhost kernel: [    0.000000] found SMP MP-table at [mem 0x000fda80-0x000fda8f] mapped at [ffff8800000fda80]
May 15 11:12:14 localhost kernel: [    0.000000] Scanning 1 areas for low memory corruption
May 15 11:12:14 localhost kernel: [    0.000000] Base memory trampoline at [ffff880000094000] 94000 size 24576
May 15 11:12:14 localhost kernel: [    0.000000] init_memory_mapping: [mem 0x00000000-0x000fffff]
May 15 11:12:14 localhost kernel: [    0.000000]  [mem 0x00000000-0x000fffff] page 4k
May 15 11:12:14 localhost kernel: [    0.000000] BRK [0x01fd4000, 0x01fd4fff] PGTABLE
May 15 11:12:14 localhost kernel: [    0.000000] BRK [0x01fd5000, 0x01fd5fff] PGTABLE
May 15 11:12:14 localhost kernel: [    0.000000] BRK [0x01fd6000, 0x01fd6fff] PGTABLE
May 15 11:12:14 localhost kernel: [    0.000000] init_memory_mapping: [mem 0x82fe00000-0x82fffffff]
May 15 11:12:14 localhost kernel: [    0.000000]  [mem 0x82fe00000-0x82fffffff] page 2M
May 15 11:12:14 localhost kernel: [    0.000000] BRK [0x01fd7000, 0x01fd7fff] PGTABLE
May 15 11:12:14 localhost kernel: [    0.000000] init_memory_mapping: [mem 0x820000000-0x82fdfffff]
May 15 11:12:14 localhost kernel: [    0.000000]  [mem 0x820000000-0x82fdfffff] page 2M
May 15 11:12:14 localhost kernel: [    0.000000] init_memory_mapping: [mem 0x800000000-0x81fffffff]
May 15 11:12:14 localhost kernel: [    0.000000]  [mem 0x800000000-0x81fffffff] page 2M
May 15 11:12:14 localhost kernel: [    0.000000] init_memory_mapping: [mem 0x00100000-0xccdc2fff]
May 15 11:12:14 localhost kernel: [    0.000000]  [mem 0x00100000-0x001fffff] page 4k
May 15 11:12:14 localhost kernel: [    0.000000]  [mem 0x00200000-0xccbfffff] page 2M
May 15 11:12:14 localhost kernel: [    0.000000]  [mem 0xccc00000-0xccdc2fff] page 4k
May 15 11:12:14 localhost kernel: [    0.000000] init_memory_mapping: [mem 0xceb81000-0xceb81fff]
May 15 11:12:14 localhost kernel: [    0.000000]  [mem 0xceb81000-0xceb81fff] page 4k
May 15 11:12:14 localhost kernel: [    0.000000] BRK [0x01fd8000, 0x01fd8fff] PGTABLE
May 15 11:12:14 localhost kernel: [    0.000000] init_memory_mapping: [mem 0xcebc5000-0xceffffff]
May 15 11:12:14 localhost kernel: [    0.000000]  [mem 0xcebc5000-0xcebfffff] page 4k
May 15 11:12:14 localhost kernel: [    0.000000]  [mem 0xcec00000-0xceffffff] page 2M
May 15 11:12:14 localhost kernel: [    0.000000] init_memory_mapping: [mem 0x100000000-0x7ffffffff]
May 15 11:12:14 localhost kernel: [    0.000000]  [mem 0x100000000-0x7ffffffff] page 2M
May 15 11:12:14 localhost kernel: [    0.000000] BRK [0x01fd9000, 0x01fd9fff] PGTABLE
May 15 11:12:14 localhost kernel: [    0.000000] RAMDISK: [mem 0x359ec000-0x36cedfff]
May 15 11:12:14 localhost kernel: [    0.000000] ACPI: Early table checksum verification disabled
May 15 11:12:14 localhost kernel: [    0.000000] ACPI: RSDP 0x00000000000F0490 000024 (v02 ALASKA)
May 15 11:12:14 localhost kernel: [    0.000000] ACPI: XSDT 0x00000000CCE64088 00008C (v01 ALASKA A M I    01072009 AMI  00010013)
May 15 11:12:14 localhost kernel: [    0.000000] ACPI: FACP 0x00000000CCE6F238 00010C (v05 ALASKA A M I    01072009 AMI  00010013)
May 15 11:12:14 localhost kernel: [    0.000000] ACPI: DSDT 0x00000000CCE641B0 00B083 (v02 ALASKA A M I    00000013 INTL 20051117)
May 15 11:12:14 localhost kernel: [    0.000000] ACPI: FACS 0x00000000CD948080 000040
May 15 11:12:14 localhost kernel: [    0.000000] ACPI: APIC 0x00000000CCE6F348 000072 (v03 ALASKA A M I    01072009 AMI  00010013)
May 15 11:12:14 localhost kernel: [    0.000000] ACPI: FPDT 0x00000000CCE6F3C0 000044 (v01 ALASKA A M I    01072009 AMI  00010013)
May 15 11:12:14 localhost kernel: [    0.000000] ACPI: MCFG 0x00000000CCE6F408 00003C (v01 ALASKA A M I    01072009 MSFT 00000097)
May 15 11:12:14 localhost kernel: [    0.000000] ACPI: HPET 0x00000000CCE6F448 000038 (v01 ALASKA A M I    01072009 AMI. 00000005)
May 15 11:12:14 localhost kernel: [    0.000000] ACPI: SSDT 0x00000000CCE6F480 000495 (v01 IdeRef IdeTable 00001000 INTL 20091112)
May 15 11:12:14 localhost kernel: [    0.000000] ACPI: BERT 0x00000000CCE71290 000030 (v01 AMI    AMI BERT 00000000      00000000)
May 15 11:12:14 localhost kernel: [    0.000000] ACPI: SSDT 0x00000000CCE6F970 0009A4 (v01 PmRef  Cpu0Ist  00003000 INTL 20051117)
May 15 11:12:14 localhost kernel: [    0.000000] ACPI: SSDT 0x00000000CCE70318 000B18 (v01 PmRef  CpuPm    00003000 INTL 20051117)
May 15 11:12:14 localhost kernel: [    0.000000] ACPI: DMAR 0x00000000CCE70E30 000078 (v01 INTEL  SNB      00000001 INTL 00000001)
May 15 11:12:14 localhost kernel: [    0.000000] ACPI: EINJ 0x00000000CCE70EA8 000130 (v01 AMI    AMI EINJ 00000000      00000000)
May 15 11:12:14 localhost kernel: [    0.000000] ACPI: ERST 0x00000000CCE70FD8 000210 (v01 AMIER  AMI ERST 00000000      00000000)
May 15 11:12:14 localhost kernel: [    0.000000] ACPI: HEST 0x00000000CCE711E8 0000A8 (v01 AMI    AMI HEST 00000000      00000000)
May 15 11:12:14 localhost kernel: [    0.000000] ACPI: Local APIC address 0xfee00000
May 15 11:12:14 localhost kernel: [    0.000000] No NUMA configuration found
May 15 11:12:14 localhost kernel: [    0.000000] Faking a node at [mem 0x0000000000000000-0x000000082fffffff]
May 15 11:12:14 localhost kernel: [    0.000000] NODE_DATA(0) allocated [mem 0x82ffdc000-0x82ffe0fff]
May 15 11:12:14 localhost kernel: [    0.000000]  [ffffea0000000000-ffffea0020bfffff] PMD -> [ffff88080f600000-ffff88082f5fffff] on node 0
May 15 11:12:14 localhost kernel: [    0.000000] Zone ranges:
May 15 11:12:14 localhost kernel: [    0.000000]   DMA      [mem 0x00001000-0x00ffffff]
May 15 11:12:14 localhost kernel: [    0.000000]   DMA32    [mem 0x01000000-0xffffffff]
May 15 11:12:14 localhost kernel: [    0.000000]   Normal   [mem 0x100000000-0x82fffffff]
May 15 11:12:14 localhost kernel: [    0.000000] Movable zone start for each node
May 15 11:12:14 localhost kernel: [    0.000000] Early memory node ranges
May 15 11:12:14 localhost kernel: [    0.000000]   node   0: [mem 0x00001000-0x00099fff]
May 15 11:12:14 localhost kernel: [    0.000000]   node   0: [mem 0x00100000-0xccdc2fff]
May 15 11:12:14 localhost kernel: [    0.000000]   node   0: [mem 0xceb81000-0xceb81fff]
May 15 11:12:14 localhost kernel: [    0.000000]   node   0: [mem 0xcebc5000-0xceffffff]
May 15 11:12:14 localhost kernel: [    0.000000]   node   0: [mem 0x100000000-0x82fffffff]
May 15 11:12:14 localhost kernel: [    0.000000] Initmem setup node 0 [mem 0x00001000-0x82fffffff]
May 15 11:12:14 localhost kernel: [    0.000000] On node 0 totalpages: 8376728
May 15 11:12:14 localhost kernel: [    0.000000]   DMA zone: 64 pages used for memmap
May 15 11:12:14 localhost kernel: [    0.000000]   DMA zone: 21 pages reserved
May 15 11:12:14 localhost kernel: [    0.000000]   DMA zone: 3993 pages, LIFO batch:0
May 15 11:12:14 localhost kernel: [    0.000000]   DMA32 zone: 13064 pages used for memmap
May 15 11:12:14 localhost kernel: [    0.000000]   DMA32 zone: 836095 pages, LIFO batch:31
May 15 11:12:14 localhost kernel: [    0.000000]   Normal zone: 117760 pages used for memmap
May 15 11:12:14 localhost kernel: [    0.000000]   Normal zone: 7536640 pages, LIFO batch:31
May 15 11:12:14 localhost kernel: [    0.000000] ACPI: PM-Timer IO Port: 0x408
May 15 11:12:14 localhost kernel: [    0.000000] ACPI: Local APIC address 0xfee00000
May 15 11:12:14 localhost kernel: [    0.000000] ACPI: LAPIC (acpi_id[0x01] lapic_id[0x00] enabled)
May 15 11:12:14 localhost kernel: [    0.000000] ACPI: LAPIC (acpi_id[0x02] lapic_id[0x02] enabled)
May 15 11:12:14 localhost kernel: [    0.000000] ACPI: LAPIC (acpi_id[0x03] lapic_id[0x04] enabled)
May 15 11:12:14 localhost kernel: [    0.000000] ACPI: LAPIC (acpi_id[0x04] lapic_id[0x06] enabled)
May 15 11:12:14 localhost kernel: [    0.000000] ACPI: LAPIC_NMI (acpi_id[0xff] high edge lint[0x1])
May 15 11:12:14 localhost kernel: [    0.000000] ACPI: IOAPIC (id[0x02] address[0xfec00000] gsi_base[0])
May 15 11:12:14 localhost kernel: [    0.000000] IOAPIC[0]: apic_id 2, version 32, address 0xfec00000, GSI 0-23
May 15 11:12:14 localhost kernel: [    0.000000] ACPI: INT_SRC_OVR (bus 0 bus_irq 0 global_irq 2 dfl dfl)
May 15 11:12:14 localhost kernel: [    0.000000] ACPI: INT_SRC_OVR (bus 0 bus_irq 9 global_irq 9 high level)
May 15 11:12:14 localhost kernel: [    0.000000] ACPI: IRQ0 used by override.
May 15 11:12:14 localhost kernel: [    0.000000] ACPI: IRQ9 used by override.
May 15 11:12:14 localhost kernel: [    0.000000] Using ACPI (MADT) for SMP configuration information
May 15 11:12:14 localhost kernel: [    0.000000] ACPI: HPET id: 0x8086a701 base: 0xfed00000
May 15 11:12:14 localhost kernel: [    0.000000] smpboot: Allowing 4 CPUs, 0 hotplug CPUs
May 15 11:12:14 localhost kernel: [    0.000000] PM: Registered nosave memory: [mem 0x00000000-0x00000fff]
May 15 11:12:14 localhost kernel: [    0.000000] PM: Registered nosave memory: [mem 0x0009a000-0x0009ffff]
May 15 11:12:14 localhost kernel: [    0.000000] PM: Registered nosave memory: [mem 0x000a0000-0x000dffff]
May 15 11:12:14 localhost kernel: [    0.000000] PM: Registered nosave memory: [mem 0x000e0000-0x000fffff]
May 15 11:12:14 localhost kernel: [    0.000000] PM: Registered nosave memory: [mem 0xccdc3000-0xcce60fff]
May 15 11:12:14 localhost kernel: [    0.000000] PM: Registered nosave memory: [mem 0xcce61000-0xcce71fff]
May 15 11:12:14 localhost kernel: [    0.000000] PM: Registered nosave memory: [mem 0xcce72000-0xcd949fff]
May 15 11:12:14 localhost kernel: [    0.000000] PM: Registered nosave memory: [mem 0xcd94a000-0xceb80fff]
May 15 11:12:14 localhost kernel: [    0.000000] PM: Registered nosave memory: [mem 0xceb82000-0xcebc4fff]
May 15 11:12:14 localhost kernel: [    0.000000] PM: Registered nosave memory: [mem 0xcf000000-0xdfffffff]
May 15 11:12:14 localhost kernel: [    0.000000] PM: Registered nosave memory: [mem 0xe0000000-0xefffffff]
May 15 11:12:14 localhost kernel: [    0.000000] PM: Registered nosave memory: [mem 0xf0000000-0xfebfffff]
May 15 11:12:14 localhost kernel: [    0.000000] PM: Registered nosave memory: [mem 0xfec00000-0xfec00fff]
May 15 11:12:14 localhost kernel: [    0.000000] PM: Registered nosave memory: [mem 0xfec01000-0xfecfffff]
May 15 11:12:14 localhost kernel: [    0.000000] PM: Registered nosave memory: [mem 0xfed00000-0xfed03fff]
May 15 11:12:14 localhost kernel: [    0.000000] PM: Registered nosave memory: [mem 0xfed04000-0xfed1bfff]
May 15 11:12:14 localhost kernel: [    0.000000] PM: Registered nosave memory: [mem 0xfed1c000-0xfed1ffff]
May 15 11:12:14 localhost kernel: [    0.000000] PM: Registered nosave memory: [mem 0xfed20000-0xfedfffff]
May 15 11:12:14 localhost kernel: [    0.000000] PM: Registered nosave memory: [mem 0xfee00000-0xfee00fff]
May 15 11:12:14 localhost kernel: [    0.000000] PM: Registered nosave memory: [mem 0xfee01000-0xfeffffff]
May 15 11:12:14 localhost kernel: [    0.000000] PM: Registered nosave memory: [mem 0xff000000-0xffffffff]
May 15 11:12:14 localhost kernel: [    0.000000] e820: [mem 0xcf000000-0xdfffffff] available for PCI devices
May 15 11:12:14 localhost kernel: [    0.000000] Booting paravirtualized kernel on bare hardware
May 15 11:12:14 localhost kernel: [    0.000000] setup_percpu: NR_CPUS:256 nr_cpumask_bits:256 nr_cpu_ids:4 nr_node_ids:1
May 15 11:12:14 localhost kernel: [    0.000000] PERCPU: Embedded 31 pages/cpu @ffff88082fc00000 s86144 r8192 d32640 u524288
May 15 11:12:14 localhost kernel: [    0.000000] pcpu-alloc: s86144 r8192 d32640 u524288 alloc=1*2097152
May 15 11:12:14 localhost kernel: [    0.000000] pcpu-alloc: [0] 0 1 2 3 
May 15 11:12:14 localhost kernel: [    0.000000] Built 1 zonelists in Node order, mobility grouping on.  Total pages: 8245819
May 15 11:12:14 localhost kernel: [    0.000000] Policy zone: Normal
May 15 11:12:14 localhost kernel: [    0.000000] Kernel command line: BOOT_IMAGE=/boot/vmlinuz-3.19.0-25-generic root=UUID=100cd0c9-63bb-4a59-ac44-9b2930983fe5 ro
May 15 11:12:14 localhost kernel: [    0.000000] PID hash table entries: 4096 (order: 3, 32768 bytes)
May 15 11:12:14 localhost kernel: [    0.000000] xsave: enabled xstate_bv 0x7, cntxt size 0x340 using standard form
May 15 11:12:14 localhost kernel: [    0.000000] AGP: Checking aperture...
May 15 11:12:14 localhost kernel: [    0.000000] AGP: No AGP bridge found
May 15 11:12:14 localhost kernel: [    0.000000] Calgary: detecting Calgary via BIOS EBDA area
May 15 11:12:14 localhost kernel: [    0.000000] Calgary: Unable to locate Rio Grande table in EBDA - bailing!
May 15 11:12:14 localhost kernel: [    0.000000] Memory: 32879892K/33506912K available (7918K kernel code, 1172K rwdata, 3752K rodata, 1408K init, 1292K bss, 627020K reserved, 0K cma-reserved)
May 15 11:12:14 localhost kernel: [    0.000000] SLUB: HWalign=64, Order=0-3, MinObjects=0, CPUs=4, Nodes=1
May 15 11:12:14 localhost kernel: [    0.000000] Hierarchical RCU implementation.
May 15 11:12:14 localhost kernel: [    0.000000] 	RCU dyntick-idle grace-period acceleration is enabled.
May 15 11:12:14 localhost kernel: [    0.000000] 	RCU restricting CPUs from NR_CPUS=256 to nr_cpu_ids=4.
May 15 11:12:14 localhost kernel: [    0.000000] RCU: Adjusting geometry for rcu_fanout_leaf=16, nr_cpu_ids=4
May 15 11:12:14 localhost kernel: [    0.000000] NR_IRQS:16640 nr_irqs:456 16
May 15 11:12:14 localhost kernel: [    0.000000] 	Offload RCU callbacks from all CPUs
May 15 11:12:14 localhost kernel: [    0.000000] 	Offload RCU callbacks from CPUs: 0-3.
May 15 11:12:14 localhost kernel: [    0.000000] Console: colour dummy device 80x25
May 15 11:12:14 localhost kernel: [    0.000000] console [tty0] enabled
May 15 11:12:14 localhost kernel: [    0.000000] hpet clockevent registered
May 15 11:12:14 localhost kernel: [    0.000000] tsc: Fast TSC calibration using PIT
May 15 11:12:14 localhost kernel: [    0.000000] tsc: Detected 3092.897 MHz processor
May 15 11:12:14 localhost kernel: [    0.000027] Calibrating delay loop (skipped), value calculated using timer frequency.. 6185.79 BogoMIPS (lpj=12371588)
May 15 11:12:14 localhost kernel: [    0.000031] pid_max: default: 32768 minimum: 301
May 15 11:12:14 localhost kernel: [    0.000036] ACPI: Core revision 20141107
May 15 11:12:14 localhost kernel: [    0.005553] ACPI: All ACPI Tables successfully acquired
May 15 11:12:14 localhost kernel: [    0.005785] Security Framework initialized
May 15 11:12:14 localhost kernel: [    0.005799] AppArmor: AppArmor initialized
May 15 11:12:14 localhost kernel: [    0.005800] Yama: becoming mindful.
May 15 11:12:14 localhost kernel: [    0.007313] Dentry cache hash table entries: 4194304 (order: 13, 33554432 bytes)
May 15 11:12:14 localhost kernel: [    0.013576] Inode-cache hash table entries: 2097152 (order: 12, 16777216 bytes)
May 15 11:12:14 localhost kernel: [    0.016348] Mount-cache hash table entries: 65536 (order: 7, 524288 bytes)
May 15 11:12:14 localhost kernel: [    0.016376] Mountpoint-cache hash table entries: 65536 (order: 7, 524288 bytes)
May 15 11:12:14 localhost kernel: [    0.016607] Initializing cgroup subsys memory
May 15 11:12:14 localhost kernel: [    0.016613] Initializing cgroup subsys devices
May 15 11:12:14 localhost kernel: [    0.016615] Initializing cgroup subsys freezer
May 15 11:12:14 localhost kernel: [    0.016618] Initializing cgroup subsys net_cls
May 15 11:12:14 localhost kernel: [    0.016620] Initializing cgroup subsys blkio
May 15 11:12:14 localhost kernel: [    0.016623] Initializing cgroup subsys perf_event
May 15 11:12:14 localhost kernel: [    0.016625] Initializing cgroup subsys net_prio
May 15 11:12:14 localhost kernel: [    0.016627] Initializing cgroup subsys hugetlb
May 15 11:12:14 localhost kernel: [    0.016648] CPU: Physical Processor ID: 0
May 15 11:12:14 localhost kernel: [    0.016649] CPU: Processor Core ID: 0
May 15 11:12:14 localhost kernel: [    0.016653] ENERGY_PERF_BIAS: Set to 'normal', was 'performance'
May 15 11:12:14 localhost kernel: [    0.016653] ENERGY_PERF_BIAS: View and update with x86_energy_perf_policy(8)
May 15 11:12:14 localhost kernel: [    0.016942] mce: CPU supports 9 MCE banks
May 15 11:12:14 localhost kernel: [    0.016953] CPU0: Thermal monitoring enabled (TM1)
May 15 11:12:14 localhost kernel: [    0.016959] process: using mwait in idle threads
May 15 11:12:14 localhost kernel: [    0.016963] Last level iTLB entries: 4KB 512, 2MB 8, 4MB 8
May 15 11:12:14 localhost kernel: [    0.016963] Last level dTLB entries: 4KB 512, 2MB 32, 4MB 32, 1GB 0
May 15 11:12:14 localhost kernel: [    0.017086] Freeing SMP alternatives memory: 32K (ffffffff81e87000 - ffffffff81e8f000)
May 15 11:12:14 localhost kernel: [    0.018145] ftrace: allocating 29988 entries in 118 pages
May 15 11:12:14 localhost kernel: [    0.029395] dmar: Host address width 36
May 15 11:12:14 localhost kernel: [    0.029398] dmar: DRHD base: 0x000000fed90000 flags: 0x1
May 15 11:12:14 localhost kernel: [    0.029404] dmar: IOMMU 0: reg_base_addr fed90000 ver 1:0 cap c9008020660262 ecap f010da
May 15 11:12:14 localhost kernel: [    0.029406] dmar: RMRR base: 0x000000ccdf8000 end: 0x000000cce04fff
May 15 11:12:14 localhost kernel: [    0.029477] IOAPIC id 2 under DRHD base  0xfed90000 IOMMU 0
May 15 11:12:14 localhost kernel: [    0.029479] HPET id 0 under DRHD base 0xfed90000
May 15 11:12:14 localhost kernel: [    0.029480] Queued invalidation will be enabled to support x2apic and Intr-remapping.
May 15 11:12:14 localhost kernel: [    0.029539] Enabled IRQ remapping in x2apic mode
May 15 11:12:14 localhost kernel: [    0.029541] Enabling x2apic
May 15 11:12:14 localhost kernel: [    0.029542] Enabled x2apic
May 15 11:12:14 localhost kernel: [    0.029546] Switched APIC routing to cluster x2apic.
May 15 11:12:14 localhost kernel: [    0.029960] ..TIMER: vector=0x30 apic1=0 pin1=2 apic2=-1 pin2=-1
May 15 11:12:14 localhost kernel: [    0.069634] smpboot: CPU0: Intel(R) Xeon(R) CPU E3-1220 V2 @ 3.10GHz (fam: 06, model: 3a, stepping: 09)
May 15 11:12:14 localhost kernel: [    0.069641] TSC deadline timer enabled
May 15 11:12:14 localhost kernel: [    0.069659] Performance Events: PEBS fmt1+, 16-deep LBR, IvyBridge events, full-width counters, Intel PMU driver.
May 15 11:12:14 localhost kernel: [    0.069677] ... version:                3
May 15 11:12:14 localhost kernel: [    0.069678] ... bit width:              48
May 15 11:12:14 localhost kernel: [    0.069679] ... generic registers:      8
May 15 11:12:14 localhost kernel: [    0.069680] ... value mask:             0000ffffffffffff
May 15 11:12:14 localhost kernel: [    0.069681] ... max period:             0000ffffffffffff
May 15 11:12:14 localhost kernel: [    0.069682] ... fixed-purpose events:   3
May 15 11:12:14 localhost kernel: [    0.069683] ... event mask:             00000007000000ff
May 15 11:12:14 localhost kernel: [    0.070343] x86: Booting SMP configuration:
May 15 11:12:14 localhost kernel: [    0.070345] .... node  #0, CPUs:      #1
May 15 11:12:14 localhost kernel: [    0.083720] NMI watchdog: enabled on all CPUs, permanently consumes one hw-PMU counter.
May 15 11:12:14 localhost kernel: [    0.083800]  #2 #3
May 15 11:12:14 localhost kernel: [    0.110562] x86: Booted up 1 node, 4 CPUs
May 15 11:12:14 localhost kernel: [    0.110566] smpboot: Total of 4 processors activated (24743.17 BogoMIPS)
May 15 11:12:14 localhost kernel: [    0.113829] devtmpfs: initialized
May 15 11:12:14 localhost kernel: [    0.117701] evm: security.selinux
May 15 11:12:14 localhost kernel: [    0.117703] evm: security.SMACK64
May 15 11:12:14 localhost kernel: [    0.117704] evm: security.SMACK64EXEC
May 15 11:12:14 localhost kernel: [    0.117705] evm: security.SMACK64TRANSMUTE
May 15 11:12:14 localhost kernel: [    0.117706] evm: security.SMACK64MMAP
May 15 11:12:14 localhost kernel: [    0.117707] evm: security.ima
May 15 11:12:14 localhost kernel: [    0.117708] evm: security.capability
May 15 11:12:14 localhost kernel: [    0.117743] PM: Registering ACPI NVS region [mem 0xcce72000-0xcd949fff] (11370496 bytes)
May 15 11:12:14 localhost kernel: [    0.117842] PM: Registering ACPI NVS region [mem 0xceb82000-0xcebc4fff] (274432 bytes)
May 15 11:12:14 localhost kernel: [    0.117958] pinctrl core: initialized pinctrl subsystem
May 15 11:12:14 localhost kernel: [    0.118045] RTC time: 11:12:06, date: 05/15/17
May 15 11:12:14 localhost kernel: [    0.118127] NET: Registered protocol family 16
May 15 11:12:14 localhost kernel: [    0.125683] cpuidle: using governor ladder
May 15 11:12:14 localhost kernel: [    0.129689] cpuidle: using governor menu
May 15 11:12:14 localhost kernel: [    0.129774] ACPI FADT declares the system doesn't support PCIe ASPM, so disable it
May 15 11:12:14 localhost kernel: [    0.129777] ACPI: bus type PCI registered
May 15 11:12:14 localhost kernel: [    0.129779] acpiphp: ACPI Hot Plug PCI Controller Driver version: 0.5
May 15 11:12:14 localhost kernel: [    0.129845] PCI: MMCONFIG for domain 0000 [bus 00-ff] at [mem 0xe0000000-0xefffffff] (base 0xe0000000)
May 15 11:12:14 localhost kernel: [    0.129848] PCI: MMCONFIG at [mem 0xe0000000-0xefffffff] reserved in E820
May 15 11:12:14 localhost kernel: [    0.130078] PCI: Using configuration type 1 for base access
May 15 11:12:14 localhost kernel: [    0.138003] ACPI: Added _OSI(Module Device)
May 15 11:12:14 localhost kernel: [    0.138006] ACPI: Added _OSI(Processor Device)
May 15 11:12:14 localhost kernel: [    0.138007] ACPI: Added _OSI(3.0 _SCP Extensions)
May 15 11:12:14 localhost kernel: [    0.138008] ACPI: Added _OSI(Processor Aggregator Device)
May 15 11:12:14 localhost kernel: [    0.140293] ACPI: Executed 1 blocks of module-level executable AML code
May 15 11:12:14 localhost kernel: [    0.142216] \_SB_:_OSC invalid UUID
May 15 11:12:14 localhost kernel: [    0.142217] _OSC request data:1 1f 
May 15 11:12:14 localhost kernel: [    0.142408] ACPI: Dynamic OEM Table Load:
May 15 11:12:14 localhost kernel: [    0.142414] ACPI: SSDT 0xFFFF88080B94D000 00083B (v01 PmRef  Cpu0Cst  00003001 INTL 20051117)
May 15 11:12:14 localhost kernel: [    0.142834] ACPI: Dynamic OEM Table Load:
May 15 11:12:14 localhost kernel: [    0.142838] ACPI: SSDT 0xFFFF88080B484000 000303 (v01 PmRef  ApIst    00003000 INTL 20051117)
May 15 11:12:14 localhost kernel: [    0.143200] ACPI: Dynamic OEM Table Load:
May 15 11:12:14 localhost kernel: [    0.143204] ACPI: SSDT 0xFFFF88080B459000 000119 (v01 PmRef  ApCst    00003000 INTL 20051117)
May 15 11:12:14 localhost kernel: [    0.143901] ACPI: Interpreter enabled
May 15 11:12:14 localhost kernel: [    0.143909] ACPI Exception: AE_NOT_FOUND, While evaluating Sleep State [\_S2_] (20141107/hwxface-580)
May 15 11:12:14 localhost kernel: [    0.143921] ACPI: (supports S0 S1 S3 S4 S5)
May 15 11:12:14 localhost kernel: [    0.143922] ACPI: Using IOAPIC for interrupt routing
May 15 11:12:14 localhost kernel: [    0.143961] HEST: Table parsing has been initialized.
May 15 11:12:14 localhost kernel: [    0.143964] PCI: Using host bridge windows from ACPI; if necessary, use "pci=nocrs" and report a bug
May 15 11:12:14 localhost kernel: [    0.148647] ACPI: Power Resource [FN00] (off)
May 15 11:12:14 localhost kernel: [    0.148704] ACPI: Power Resource [FN01] (off)
May 15 11:12:14 localhost kernel: [    0.148760] ACPI: Power Resource [FN02] (off)
May 15 11:12:14 localhost kernel: [    0.148815] ACPI: Power Resource [FN03] (off)
May 15 11:12:14 localhost kernel: [    0.148869] ACPI: Power Resource [FN04] (off)
May 15 11:12:14 localhost kernel: [    0.149276] ACPI: PCI Root Bridge [PCI0] (domain 0000 [bus 00-fe])
May 15 11:12:14 localhost kernel: [    0.149281] acpi PNP0A08:00: _OSC: OS supports [ExtendedConfig ASPM ClockPM Segments MSI]
May 15 11:12:14 localhost kernel: [    0.149392] acpi PNP0A08:00: _OSC: platform does not support [PCIeHotplug PME]
May 15 11:12:14 localhost kernel: [    0.149482] acpi PNP0A08:00: _OSC: OS now controls [AER PCIeCapability]
May 15 11:12:14 localhost kernel: [    0.149484] acpi PNP0A08:00: FADT indicates ASPM is unsupported, using BIOS configuration
May 15 11:12:14 localhost kernel: [    0.149944] PCI host bridge to bus 0000:00
May 15 11:12:14 localhost kernel: [    0.149947] pci_bus 0000:00: root bus resource [bus 00-fe]
May 15 11:12:14 localhost kernel: [    0.149948] pci_bus 0000:00: root bus resource [io  0x0000-0x0cf7]
May 15 11:12:14 localhost kernel: [    0.149950] pci_bus 0000:00: root bus resource [io  0x0d00-0xffff]
May 15 11:12:14 localhost kernel: [    0.149952] pci_bus 0000:00: root bus resource [mem 0x000a0000-0x000bffff]
May 15 11:12:14 localhost kernel: [    0.149954] pci_bus 0000:00: root bus resource [mem 0x000d4000-0x000d7fff]
May 15 11:12:14 localhost kernel: [    0.149956] pci_bus 0000:00: root bus resource [mem 0x000d8000-0x000dbfff]
May 15 11:12:14 localhost kernel: [    0.149958] pci_bus 0000:00: root bus resource [mem 0x000dc000-0x000dffff]
May 15 11:12:14 localhost kernel: [    0.149960] pci_bus 0000:00: root bus resource [mem 0x000e0000-0x000e3fff]
May 15 11:12:14 localhost kernel: [    0.149961] pci_bus 0000:00: root bus resource [mem 0x000e4000-0x000e7fff]
May 15 11:12:14 localhost kernel: [    0.149963] pci_bus 0000:00: root bus resource [mem 0xd0000000-0xfeafffff]
May 15 11:12:14 localhost kernel: [    0.149970] pci 0000:00:00.0: [8086:0158] type 00 class 0x060000
May 15 11:12:14 localhost kernel: [    0.150040] pci 0000:00:01.0: [8086:0151] type 01 class 0x060400
May 15 11:12:14 localhost kernel: [    0.150068] pci 0000:00:01.0: PME# supported from D0 D3hot D3cold
May 15 11:12:14 localhost kernel: [    0.150099] pci 0000:00:01.0: System wakeup disabled by ACPI
May 15 11:12:14 localhost kernel: [    0.150160] pci 0000:00:1a.0: [8086:1c2d] type 00 class 0x0c0320
May 15 11:12:14 localhost kernel: [    0.150180] pci 0000:00:1a.0: reg 0x10: [mem 0xdc903000-0xdc9033ff]
May 15 11:12:14 localhost kernel: [    0.150266] pci 0000:00:1a.0: PME# supported from D0 D3hot D3cold
May 15 11:12:14 localhost kernel: [    0.150311] pci 0000:00:1a.0: System wakeup disabled by ACPI
May 15 11:12:14 localhost kernel: [    0.150342] pci 0000:00:1c.0: [8086:1c10] type 01 class 0x060400
May 15 11:12:14 localhost kernel: [    0.150420] pci 0000:00:1c.0: PME# supported from D0 D3hot D3cold
May 15 11:12:14 localhost kernel: [    0.150458] pci 0000:00:1c.0: System wakeup disabled by ACPI
May 15 11:12:14 localhost kernel: [    0.150490] pci 0000:00:1c.4: [8086:1c18] type 01 class 0x060400
May 15 11:12:14 localhost kernel: [    0.150568] pci 0000:00:1c.4: PME# supported from D0 D3hot D3cold
May 15 11:12:14 localhost kernel: [    0.150606] pci 0000:00:1c.4: System wakeup disabled by ACPI
May 15 11:12:14 localhost kernel: [    0.150637] pci 0000:00:1c.5: [8086:1c1a] type 01 class 0x060400
May 15 11:12:14 localhost kernel: [    0.150715] pci 0000:00:1c.5: PME# supported from D0 D3hot D3cold
May 15 11:12:14 localhost kernel: [    0.150753] pci 0000:00:1c.5: System wakeup disabled by ACPI
May 15 11:12:14 localhost kernel: [    0.150782] pci 0000:00:1c.6: [8086:1c1c] type 01 class 0x060400
May 15 11:12:14 localhost kernel: [    0.150859] pci 0000:00:1c.6: PME# supported from D0 D3hot D3cold
May 15 11:12:14 localhost kernel: [    0.150897] pci 0000:00:1c.6: System wakeup disabled by ACPI
May 15 11:12:14 localhost kernel: [    0.150927] pci 0000:00:1c.7: [8086:1c1e] type 01 class 0x060400
May 15 11:12:14 localhost kernel: [    0.151004] pci 0000:00:1c.7: PME# supported from D0 D3hot D3cold
May 15 11:12:14 localhost kernel: [    0.151042] pci 0000:00:1c.7: System wakeup disabled by ACPI
May 15 11:12:14 localhost kernel: [    0.151075] pci 0000:00:1d.0: [8086:1c26] type 00 class 0x0c0320
May 15 11:12:14 localhost kernel: [    0.151095] pci 0000:00:1d.0: reg 0x10: [mem 0xdc902000-0xdc9023ff]
May 15 11:12:14 localhost kernel: [    0.151181] pci 0000:00:1d.0: PME# supported from D0 D3hot D3cold
May 15 11:12:14 localhost kernel: [    0.151226] pci 0000:00:1d.0: System wakeup disabled by ACPI
May 15 11:12:14 localhost kernel: [    0.151254] pci 0000:00:1e.0: [8086:244e] type 01 class 0x060401
May 15 11:12:14 localhost kernel: [    0.151328] pci 0000:00:1e.0: System wakeup disabled by ACPI
May 15 11:12:14 localhost kernel: [    0.151359] pci 0000:00:1f.0: [8086:1c52] type 00 class 0x060100
May 15 11:12:14 localhost kernel: [    0.151512] pci 0000:00:1f.2: [8086:1c00] type 00 class 0x01018f
May 15 11:12:14 localhost kernel: [    0.151525] pci 0000:00:1f.2: reg 0x10: [io  0xf0d0-0xf0d7]
May 15 11:12:14 localhost kernel: [    0.151532] pci 0000:00:1f.2: reg 0x14: [io  0xf0c0-0xf0c3]
May 15 11:12:14 localhost kernel: [    0.151539] pci 0000:00:1f.2: reg 0x18: [io  0xf0b0-0xf0b7]
May 15 11:12:14 localhost kernel: [    0.151546] pci 0000:00:1f.2: reg 0x1c: [io  0xf0a0-0xf0a3]
May 15 11:12:14 localhost kernel: [    0.151553] pci 0000:00:1f.2: reg 0x20: [io  0xf090-0xf09f]
May 15 11:12:14 localhost kernel: [    0.151560] pci 0000:00:1f.2: reg 0x24: [io  0xf080-0xf08f]
May 15 11:12:14 localhost kernel: [    0.151639] pci 0000:00:1f.3: [8086:1c22] type 00 class 0x0c0500
May 15 11:12:14 localhost kernel: [    0.151653] pci 0000:00:1f.3: reg 0x10: [mem 0xdc901000-0xdc9010ff 64bit]
May 15 11:12:14 localhost kernel: [    0.151672] pci 0000:00:1f.3: reg 0x20: [io  0xf000-0xf01f]
May 15 11:12:14 localhost kernel: [    0.151742] pci 0000:00:1f.5: [8086:1c08] type 00 class 0x010185
May 15 11:12:14 localhost kernel: [    0.151755] pci 0000:00:1f.5: reg 0x10: [io  0xf070-0xf077]
May 15 11:12:14 localhost kernel: [    0.151762] pci 0000:00:1f.5: reg 0x14: [io  0xf060-0xf063]
May 15 11:12:14 localhost kernel: [    0.151769] pci 0000:00:1f.5: reg 0x18: [io  0xf050-0xf057]
May 15 11:12:14 localhost kernel: [    0.151776] pci 0000:00:1f.5: reg 0x1c: [io  0xf040-0xf043]
May 15 11:12:14 localhost kernel: [    0.151783] pci 0000:00:1f.5: reg 0x20: [io  0xf030-0xf03f]
May 15 11:12:14 localhost kernel: [    0.151790] pci 0000:00:1f.5: reg 0x24: [io  0xf020-0xf02f]
May 15 11:12:14 localhost kernel: [    0.151900] pci 0000:01:00.0: [1000:0079] type 00 class 0x010400
May 15 11:12:14 localhost kernel: [    0.151907] pci 0000:01:00.0: reg 0x10: [io  0xe000-0xe0ff]
May 15 11:12:14 localhost kernel: [    0.151914] pci 0000:01:00.0: reg 0x14: [mem 0xdc860000-0xdc863fff 64bit]
May 15 11:12:14 localhost kernel: [    0.151920] pci 0000:01:00.0: reg 0x1c: [mem 0xdc800000-0xdc83ffff 64bit]
May 15 11:12:14 localhost kernel: [    0.151928] pci 0000:01:00.0: reg 0x30: [mem 0xdc840000-0xdc85ffff pref]
May 15 11:12:14 localhost kernel: [    0.151957] pci 0000:01:00.0: supports D1 D2
May 15 11:12:14 localhost kernel: [    0.161694] pci 0000:00:01.0: PCI bridge to [bus 01]
May 15 11:12:14 localhost kernel: [    0.161700] pci 0000:00:01.0:   bridge window [io  0xe000-0xefff]
May 15 11:12:14 localhost kernel: [    0.161704] pci 0000:00:01.0:   bridge window [mem 0xdc800000-0xdc8fffff]
May 15 11:12:14 localhost kernel: [    0.161805] pci 0000:02:00.0: [8086:10fb] type 00 class 0x020000
May 15 11:12:14 localhost kernel: [    0.161831] pci 0000:02:00.0: reg 0x10: [mem 0xdc280000-0xdc2fffff 64bit]
May 15 11:12:14 localhost kernel: [    0.161843] pci 0000:02:00.0: reg 0x18: [io  0xd020-0xd03f]
May 15 11:12:14 localhost kernel: [    0.161872] pci 0000:02:00.0: reg 0x20: [mem 0xdc304000-0xdc307fff 64bit]
May 15 11:12:14 localhost kernel: [    0.161884] pci 0000:02:00.0: reg 0x30: [mem 0xdc200000-0xdc27ffff pref]
May 15 11:12:14 localhost kernel: [    0.161978] pci 0000:02:00.0: PME# supported from D0 D3hot
May 15 11:12:14 localhost kernel: [    0.162032] pci 0000:02:00.0: reg 0x184: [mem 0x00000000-0x00003fff 64bit]
May 15 11:12:14 localhost kernel: [    0.162059] pci 0000:02:00.0: reg 0x190: [mem 0x00000000-0x00003fff 64bit]
May 15 11:12:14 localhost kernel: [    0.162077] pci 0000:02:00.0: System wakeup disabled by ACPI
May 15 11:12:14 localhost kernel: [    0.162122] pci 0000:02:00.1: [8086:10fb] type 00 class 0x020000
May 15 11:12:14 localhost kernel: [    0.162148] pci 0000:02:00.1: reg 0x10: [mem 0xdc180000-0xdc1fffff 64bit]
May 15 11:12:14 localhost kernel: [    0.162160] pci 0000:02:00.1: reg 0x18: [io  0xd000-0xd01f]
May 15 11:12:14 localhost kernel: [    0.162188] pci 0000:02:00.1: reg 0x20: [mem 0xdc300000-0xdc303fff 64bit]
May 15 11:12:14 localhost kernel: [    0.162200] pci 0000:02:00.1: reg 0x30: [mem 0xdc100000-0xdc17ffff pref]
May 15 11:12:14 localhost kernel: [    0.162292] pci 0000:02:00.1: PME# supported from D0 D3hot
May 15 11:12:14 localhost kernel: [    0.162344] pci 0000:02:00.1: reg 0x184: [mem 0x00000000-0x00003fff 64bit]
May 15 11:12:14 localhost kernel: [    0.162371] pci 0000:02:00.1: reg 0x190: [mem 0x00000000-0x00003fff 64bit]
May 15 11:12:14 localhost kernel: [    0.169704] pci 0000:00:1c.0: PCI bridge to [bus 02]
May 15 11:12:14 localhost kernel: [    0.169711] pci 0000:00:1c.0:   bridge window [io  0xd000-0xdfff]
May 15 11:12:14 localhost kernel: [    0.169717] pci 0000:00:1c.0:   bridge window [mem 0xdc100000-0xdc3fffff]
May 15 11:12:14 localhost kernel: [    0.169724] pci 0000:00:1c.0: bridge has subordinate 02 but max busn 03
May 15 11:12:14 localhost kernel: [    0.169830] pci 0000:03:00.0: [8086:10d3] type 00 class 0x020000
May 15 11:12:14 localhost kernel: [    0.169861] pci 0000:03:00.0: reg 0x10: [mem 0xdc700000-0xdc71ffff]
May 15 11:12:14 localhost kernel: [    0.169897] pci 0000:03:00.0: reg 0x18: [io  0xc000-0xc01f]
May 15 11:12:14 localhost kernel: [    0.169916] pci 0000:03:00.0: reg 0x1c: [mem 0xdc720000-0xdc723fff]
May 15 11:12:14 localhost kernel: [    0.170099] pci 0000:03:00.0: PME# supported from D0 D3hot D3cold
May 15 11:12:14 localhost kernel: [    0.170140] pci 0000:03:00.0: System wakeup disabled by ACPI
May 15 11:12:14 localhost kernel: [    0.177706] pci 0000:00:1c.4: PCI bridge to [bus 03]
May 15 11:12:14 localhost kernel: [    0.177713] pci 0000:00:1c.4:   bridge window [io  0xc000-0xcfff]
May 15 11:12:14 localhost kernel: [    0.177718] pci 0000:00:1c.4:   bridge window [mem 0xdc700000-0xdc7fffff]
May 15 11:12:14 localhost kernel: [    0.177827] pci 0000:04:00.0: [8086:10d3] type 00 class 0x020000
May 15 11:12:14 localhost kernel: [    0.177858] pci 0000:04:00.0: reg 0x10: [mem 0xdc600000-0xdc61ffff]
May 15 11:12:14 localhost kernel: [    0.177894] pci 0000:04:00.0: reg 0x18: [io  0xb000-0xb01f]
May 15 11:12:14 localhost kernel: [    0.177913] pci 0000:04:00.0: reg 0x1c: [mem 0xdc620000-0xdc623fff]
May 15 11:12:14 localhost kernel: [    0.178095] pci 0000:04:00.0: PME# supported from D0 D3hot D3cold
May 15 11:12:14 localhost kernel: [    0.178136] pci 0000:04:00.0: System wakeup disabled by ACPI
May 15 11:12:14 localhost kernel: [    0.185707] pci 0000:00:1c.5: PCI bridge to [bus 04]
May 15 11:12:14 localhost kernel: [    0.185713] pci 0000:00:1c.5:   bridge window [io  0xb000-0xbfff]
May 15 11:12:14 localhost kernel: [    0.185718] pci 0000:00:1c.5:   bridge window [mem 0xdc600000-0xdc6fffff]
May 15 11:12:14 localhost kernel: [    0.185827] pci 0000:05:00.0: [8086:10d3] type 00 class 0x020000
May 15 11:12:14 localhost kernel: [    0.185859] pci 0000:05:00.0: reg 0x10: [mem 0xdc500000-0xdc51ffff]
May 15 11:12:14 localhost kernel: [    0.185895] pci 0000:05:00.0: reg 0x18: [io  0xa000-0xa01f]
May 15 11:12:14 localhost kernel: [    0.185914] pci 0000:05:00.0: reg 0x1c: [mem 0xdc520000-0xdc523fff]
May 15 11:12:14 localhost kernel: [    0.186095] pci 0000:05:00.0: PME# supported from D0 D3hot D3cold
May 15 11:12:14 localhost kernel: [    0.186136] pci 0000:05:00.0: System wakeup disabled by ACPI
May 15 11:12:14 localhost kernel: [    0.193709] pci 0000:00:1c.6: PCI bridge to [bus 05]
May 15 11:12:14 localhost kernel: [    0.193716] pci 0000:00:1c.6:   bridge window [io  0xa000-0xafff]
May 15 11:12:14 localhost kernel: [    0.193721] pci 0000:00:1c.6:   bridge window [mem 0xdc500000-0xdc5fffff]
May 15 11:12:14 localhost kernel: [    0.193828] pci 0000:06:00.0: [8086:10d3] type 00 class 0x020000
May 15 11:12:14 localhost kernel: [    0.193859] pci 0000:06:00.0: reg 0x10: [mem 0xdc400000-0xdc41ffff]
May 15 11:12:14 localhost kernel: [    0.193895] pci 0000:06:00.0: reg 0x18: [io  0x9000-0x901f]
May 15 11:12:14 localhost kernel: [    0.193914] pci 0000:06:00.0: reg 0x1c: [mem 0xdc420000-0xdc423fff]
May 15 11:12:14 localhost kernel: [    0.194096] pci 0000:06:00.0: PME# supported from D0 D3hot D3cold
May 15 11:12:14 localhost kernel: [    0.194137] pci 0000:06:00.0: System wakeup disabled by ACPI
May 15 11:12:14 localhost kernel: [    0.201710] pci 0000:00:1c.7: PCI bridge to [bus 06]
May 15 11:12:14 localhost kernel: [    0.201717] pci 0000:00:1c.7:   bridge window [io  0x9000-0x9fff]
May 15 11:12:14 localhost kernel: [    0.201722] pci 0000:00:1c.7:   bridge window [mem 0xdc400000-0xdc4fffff]
May 15 11:12:14 localhost kernel: [    0.201791] pci 0000:07:05.0: [1a03:2000] type 00 class 0x030000
May 15 11:12:14 localhost kernel: [    0.201807] pci 0000:07:05.0: reg 0x10: [mem 0xd8000000-0xdbffffff]
May 15 11:12:14 localhost kernel: [    0.201817] pci 0000:07:05.0: reg 0x14: [mem 0xdc000000-0xdc01ffff]
May 15 11:12:14 localhost kernel: [    0.201826] pci 0000:07:05.0: reg 0x18: [io  0x8000-0x807f]
May 15 11:12:14 localhost kernel: [    0.201885] pci 0000:07:05.0: supports D1 D2
May 15 11:12:14 localhost kernel: [    0.201886] pci 0000:07:05.0: PME# supported from D0 D1 D2 D3hot D3cold
May 15 11:12:14 localhost kernel: [    0.201944] pci 0000:00:1e.0: PCI bridge to [bus 07] (subtractive decode)
May 15 11:12:14 localhost kernel: [    0.201948] pci 0000:00:1e.0:   bridge window [io  0x8000-0x8fff]
May 15 11:12:14 localhost kernel: [    0.201951] pci 0000:00:1e.0:   bridge window [mem 0xd8000000-0xdc0fffff]
May 15 11:12:14 localhost kernel: [    0.201956] pci 0000:00:1e.0:   bridge window [io  0x0000-0x0cf7] (subtractive decode)
May 15 11:12:14 localhost kernel: [    0.201957] pci 0000:00:1e.0:   bridge window [io  0x0d00-0xffff] (subtractive decode)
May 15 11:12:14 localhost kernel: [    0.201959] pci 0000:00:1e.0:   bridge window [mem 0x000a0000-0x000bffff] (subtractive decode)
May 15 11:12:14 localhost kernel: [    0.201960] pci 0000:00:1e.0:   bridge window [mem 0x000d4000-0x000d7fff] (subtractive decode)
May 15 11:12:14 localhost kernel: [    0.201961] pci 0000:00:1e.0:   bridge window [mem 0x000d8000-0x000dbfff] (subtractive decode)
May 15 11:12:14 localhost kernel: [    0.201962] pci 0000:00:1e.0:   bridge window [mem 0x000dc000-0x000dffff] (subtractive decode)
May 15 11:12:14 localhost kernel: [    0.201963] pci 0000:00:1e.0:   bridge window [mem 0x000e0000-0x000e3fff] (subtractive decode)
May 15 11:12:14 localhost kernel: [    0.201964] pci 0000:00:1e.0:   bridge window [mem 0x000e4000-0x000e7fff] (subtractive decode)
May 15 11:12:14 localhost kernel: [    0.201966] pci 0000:00:1e.0:   bridge window [mem 0xd0000000-0xfeafffff] (subtractive decode)
May 15 11:12:14 localhost kernel: [    0.202500] ACPI: PCI Interrupt Link [LNKA] (IRQs 3 4 5 6 10 *11 12 14 15)
May 15 11:12:14 localhost kernel: [    0.202540] ACPI: PCI Interrupt Link [LNKB] (IRQs 3 4 5 6 10 11 12 14 *15)
May 15 11:12:14 localhost kernel: [    0.202577] ACPI: PCI Interrupt Link [LNKC] (IRQs 3 4 5 6 10 11 12 *14 15)
May 15 11:12:14 localhost kernel: [    0.202614] ACPI: PCI Interrupt Link [LNKD] (IRQs 3 4 5 6 *10 11 12 14 15)
May 15 11:12:14 localhost kernel: [    0.202650] ACPI: PCI Interrupt Link [LNKE] (IRQs 3 4 5 6 10 11 12 14 15) *0, disabled.
May 15 11:12:14 localhost kernel: [    0.202686] ACPI: PCI Interrupt Link [LNKF] (IRQs 3 4 5 6 10 11 12 14 15) *0, disabled.
May 15 11:12:14 localhost kernel: [    0.202721] ACPI: PCI Interrupt Link [LNKG] (IRQs 3 4 5 6 10 11 12 14 15) *0, disabled.
May 15 11:12:14 localhost kernel: [    0.202758] ACPI: PCI Interrupt Link [LNKH] (IRQs 3 4 5 6 10 *11 12 14 15)
May 15 11:12:14 localhost kernel: [    0.202927] ACPI: Enabled 5 GPEs in block 00 to 3F
May 15 11:12:14 localhost kernel: [    0.203000] vgaarb: setting as boot device: PCI:0000:07:05.0
May 15 11:12:14 localhost kernel: [    0.203003] vgaarb: device added: PCI:0000:07:05.0,decodes=io+mem,owns=io+mem,locks=none
May 15 11:12:14 localhost kernel: [    0.203004] vgaarb: loaded
May 15 11:12:14 localhost kernel: [    0.203005] vgaarb: bridge control possible 0000:07:05.0
May 15 11:12:14 localhost kernel: [    0.203169] SCSI subsystem initialized
May 15 11:12:14 localhost kernel: [    0.203195] libata version 3.00 loaded.
May 15 11:12:14 localhost kernel: [    0.203213] ACPI: bus type USB registered
May 15 11:12:14 localhost kernel: [    0.203227] usbcore: registered new interface driver usbfs
May 15 11:12:14 localhost kernel: [    0.203233] usbcore: registered new interface driver hub
May 15 11:12:14 localhost kernel: [    0.203244] usbcore: registered new device driver usb
May 15 11:12:14 localhost kernel: [    0.203332] PCI: Using ACPI for IRQ routing
May 15 11:12:14 localhost kernel: [    0.209218] PCI: pci_cache_line_size set to 64 bytes
May 15 11:12:14 localhost kernel: [    0.209284] e820: reserve RAM buffer [mem 0x0009a000-0x0009ffff]
May 15 11:12:14 localhost kernel: [    0.209285] e820: reserve RAM buffer [mem 0xccdc3000-0xcfffffff]
May 15 11:12:14 localhost kernel: [    0.209286] e820: reserve RAM buffer [mem 0xceb82000-0xcfffffff]
May 15 11:12:14 localhost kernel: [    0.209287] e820: reserve RAM buffer [mem 0xcf000000-0xcfffffff]
May 15 11:12:14 localhost kernel: [    0.209371] NetLabel: Initializing
May 15 11:12:14 localhost kernel: [    0.209373] NetLabel:  domain hash size = 128
May 15 11:12:14 localhost kernel: [    0.209374] NetLabel:  protocols = UNLABELED CIPSOv4
May 15 11:12:14 localhost kernel: [    0.209384] NetLabel:  unlabeled traffic allowed by default
May 15 11:12:14 localhost kernel: [    0.209424] hpet0: at MMIO 0xfed00000, IRQs 2, 8, 0, 0, 0, 0, 0, 0
May 15 11:12:14 localhost kernel: [    0.209429] hpet0: 8 comparators, 64-bit 14.318180 MHz counter
May 15 11:12:14 localhost kernel: [    0.211457] Switched to clocksource hpet
May 15 11:12:14 localhost kernel: [    0.215610] AppArmor: AppArmor Filesystem Enabled
May 15 11:12:14 localhost kernel: [    0.215659] pnp: PnP ACPI init
May 15 11:12:14 localhost kernel: [    0.215721] system 00:00: [mem 0xfed40000-0xfed44fff] has been reserved
May 15 11:12:14 localhost kernel: [    0.215724] system 00:00: Plug and Play ACPI device, IDs PNP0c01 (active)
May 15 11:12:14 localhost kernel: [    0.215783] system 00:01: [io  0x0680-0x069f] has been reserved
May 15 11:12:14 localhost kernel: [    0.215786] system 00:01: [io  0x1000-0x100f] has been reserved
May 15 11:12:14 localhost kernel: [    0.215788] system 00:01: [io  0xffff] has been reserved
May 15 11:12:14 localhost kernel: [    0.215790] system 00:01: [io  0xffff] has been reserved
May 15 11:12:14 localhost kernel: [    0.215792] system 00:01: [io  0x0400-0x0453] could not be reserved
May 15 11:12:14 localhost kernel: [    0.215794] system 00:01: [io  0x0458-0x047f] has been reserved
May 15 11:12:14 localhost kernel: [    0.215796] system 00:01: [io  0x0500-0x057f] has been reserved
May 15 11:12:14 localhost kernel: [    0.215798] system 00:01: [io  0x164e-0x164f] has been reserved
May 15 11:12:14 localhost kernel: [    0.215800] system 00:01: Plug and Play ACPI device, IDs PNP0c02 (active)
May 15 11:12:14 localhost kernel: [    0.215824] pnp 00:02: Plug and Play ACPI device, IDs PNP0b00 (active)
May 15 11:12:14 localhost kernel: [    0.215858] system 00:03: [io  0x0454-0x0457] has been reserved
May 15 11:12:14 localhost kernel: [    0.215861] system 00:03: Plug and Play ACPI device, IDs INT3f0d PNP0c02 (active)
May 15 11:12:14 localhost kernel: [    0.215920] system 00:04: [io  0x0290-0x029f] has been reserved
May 15 11:12:14 localhost kernel: [    0.215922] system 00:04: Plug and Play ACPI device, IDs PNP0c02 (active)
May 15 11:12:14 localhost kernel: [    0.216109] pnp 00:05: [dma 0 disabled]
May 15 11:12:14 localhost kernel: [    0.216177] pnp 00:05: Plug and Play ACPI device, IDs PNP0400 (active)
May 15 11:12:14 localhost kernel: [    0.216216] system 00:06: [io  0x04d0-0x04d1] has been reserved
May 15 11:12:14 localhost kernel: [    0.216219] system 00:06: Plug and Play ACPI device, IDs PNP0c02 (active)
May 15 11:12:14 localhost kernel: [    0.216359] pnp 00:07: [dma 0 disabled]
May 15 11:12:14 localhost kernel: [    0.216389] pnp 00:07: Plug and Play ACPI device, IDs PNP0501 (active)
May 15 11:12:14 localhost kernel: [    0.216529] pnp 00:08: [dma 0 disabled]
May 15 11:12:14 localhost kernel: [    0.216558] pnp 00:08: Plug and Play ACPI device, IDs PNP0501 (active)
May 15 11:12:14 localhost kernel: [    0.216742] system 00:09: [mem 0xfed1c000-0xfed1ffff] has been reserved
May 15 11:12:14 localhost kernel: [    0.216745] system 00:09: [mem 0xfed10000-0xfed17fff] has been reserved
May 15 11:12:14 localhost kernel: [    0.216747] system 00:09: [mem 0xfed18000-0xfed18fff] has been reserved
May 15 11:12:14 localhost kernel: [    0.216749] system 00:09: [mem 0xfed19000-0xfed19fff] has been reserved
May 15 11:12:14 localhost kernel: [    0.216751] system 00:09: [mem 0xe0000000-0xefffffff] has been reserved
May 15 11:12:14 localhost kernel: [    0.216753] system 00:09: [mem 0xfed20000-0xfed3ffff] has been reserved
May 15 11:12:14 localhost kernel: [    0.216755] system 00:09: [mem 0xfed90000-0xfed93fff] could not be reserved
May 15 11:12:14 localhost kernel: [    0.216757] system 00:09: [mem 0xfed45000-0xfed8ffff] has been reserved
May 15 11:12:14 localhost kernel: [    0.216759] system 00:09: [mem 0xff000000-0xffffffff] has been reserved
May 15 11:12:14 localhost kernel: [    0.216761] system 00:09: [mem 0xfee00000-0xfeefffff] could not be reserved
May 15 11:12:14 localhost kernel: [    0.216763] system 00:09: [mem 0xd0000000-0xd0000fff] has been reserved
May 15 11:12:14 localhost kernel: [    0.216766] system 00:09: Plug and Play ACPI device, IDs PNP0c02 (active)
May 15 11:12:14 localhost kernel: [    0.216850] pnp: PnP ACPI: found 10 devices
May 15 11:12:14 localhost kernel: [    0.222709] pci_bus 0000:00: max bus depth: 1 pci_try_num: 2
May 15 11:12:14 localhost kernel: [    0.222752] pci 0000:00:01.0: PCI bridge to [bus 01]
May 15 11:12:14 localhost kernel: [    0.222755] pci 0000:00:01.0:   bridge window [io  0xe000-0xefff]
May 15 11:12:14 localhost kernel: [    0.222758] pci 0000:00:01.0:   bridge window [mem 0xdc800000-0xdc8fffff]
May 15 11:12:14 localhost kernel: [    0.222778] pci 0000:02:00.0: reg 0x184: [mem 0x00000000-0x00003fff 64bit]
May 15 11:12:14 localhost kernel: [    0.222795] pci 0000:02:00.0: reg 0x190: [mem 0x00000000-0x00003fff 64bit]
May 15 11:12:14 localhost kernel: [    0.222812] pci 0000:02:00.0: reg 0x184: [mem 0x00000000-0x00003fff 64bit]
May 15 11:12:14 localhost kernel: [    0.222829] pci 0000:02:00.1: reg 0x184: [mem 0x00000000-0x00003fff 64bit]
May 15 11:12:14 localhost kernel: [    0.222845] pci 0000:02:00.0: reg 0x184: [mem 0x00000000-0x00003fff 64bit]
May 15 11:12:14 localhost kernel: [    0.222861] pci 0000:02:00.0: reg 0x190: [mem 0x00000000-0x00003fff 64bit]
May 15 11:12:14 localhost kernel: [    0.222878] pci 0000:02:00.1: reg 0x190: [mem 0x00000000-0x00003fff 64bit]
May 15 11:12:14 localhost kernel: [    0.222895] pci 0000:02:00.0: reg 0x184: [mem 0x00000000-0x00003fff 64bit]
May 15 11:12:14 localhost kernel: [    0.222911] pci 0000:02:00.0: reg 0x190: [mem 0x00000000-0x00003fff 64bit]
May 15 11:12:14 localhost kernel: [    0.222928] pci 0000:02:00.1: reg 0x184: [mem 0x00000000-0x00003fff 64bit]
May 15 11:12:14 localhost kernel: [    0.222945] pci 0000:02:00.0: reg 0x184: [mem 0x00000000-0x00003fff 64bit]
May 15 11:12:14 localhost kernel: [    0.222948] pci 0000:02:00.0: BAR 7: no space for [mem size 0x00100000 64bit]
May 15 11:12:14 localhost kernel: [    0.222950] pci 0000:02:00.0: BAR 7: failed to assign [mem size 0x00100000 64bit]
May 15 11:12:14 localhost kernel: [    0.222968] pci 0000:02:00.0: reg 0x190: [mem 0x00000000-0x00003fff 64bit]
May 15 11:12:14 localhost kernel: [    0.222970] pci 0000:02:00.0: BAR 10: no space for [mem size 0x00100000 64bit]
May 15 11:12:14 localhost kernel: [    0.222972] pci 0000:02:00.0: BAR 10: failed to assign [mem size 0x00100000 64bit]
May 15 11:12:14 localhost kernel: [    0.222990] pci 0000:02:00.1: reg 0x184: [mem 0x00000000-0x00003fff 64bit]
May 15 11:12:14 localhost kernel: [    0.222991] pci 0000:02:00.1: BAR 7: no space for [mem size 0x00100000 64bit]
May 15 11:12:14 localhost kernel: [    0.222993] pci 0000:02:00.1: BAR 7: failed to assign [mem size 0x00100000 64bit]
May 15 11:12:14 localhost kernel: [    0.223011] pci 0000:02:00.1: reg 0x190: [mem 0x00000000-0x00003fff 64bit]
May 15 11:12:14 localhost kernel: [    0.223012] pci 0000:02:00.1: BAR 10: no space for [mem size 0x00100000 64bit]
May 15 11:12:14 localhost kernel: [    0.223014] pci 0000:02:00.1: BAR 10: failed to assign [mem size 0x00100000 64bit]
May 15 11:12:14 localhost kernel: [    0.223018] pci 0000:00:1c.0: PCI bridge to [bus 02]
May 15 11:12:14 localhost kernel: [    0.223021] pci 0000:00:1c.0:   bridge window [io  0xd000-0xdfff]
May 15 11:12:14 localhost kernel: [    0.223026] pci 0000:00:1c.0:   bridge window [mem 0xdc100000-0xdc3fffff]
May 15 11:12:14 localhost kernel: [    0.223034] pci 0000:00:1c.4: PCI bridge to [bus 03]
May 15 11:12:14 localhost kernel: [    0.223037] pci 0000:00:1c.4:   bridge window [io  0xc000-0xcfff]
May 15 11:12:14 localhost kernel: [    0.223042] pci 0000:00:1c.4:   bridge window [mem 0xdc700000-0xdc7fffff]
May 15 11:12:14 localhost kernel: [    0.223051] pci 0000:00:1c.5: PCI bridge to [bus 04]
May 15 11:12:14 localhost kernel: [    0.223054] pci 0000:00:1c.5:   bridge window [io  0xb000-0xbfff]
May 15 11:12:14 localhost kernel: [    0.223059] pci 0000:00:1c.5:   bridge window [mem 0xdc600000-0xdc6fffff]
May 15 11:12:14 localhost kernel: [    0.223066] pci 0000:00:1c.6: PCI bridge to [bus 05]
May 15 11:12:14 localhost kernel: [    0.223069] pci 0000:00:1c.6:   bridge window [io  0xa000-0xafff]
May 15 11:12:14 localhost kernel: [    0.223074] pci 0000:00:1c.6:   bridge window [mem 0xdc500000-0xdc5fffff]
May 15 11:12:14 localhost kernel: [    0.223082] pci 0000:00:1c.7: PCI bridge to [bus 06]
May 15 11:12:14 localhost kernel: [    0.223085] pci 0000:00:1c.7:   bridge window [io  0x9000-0x9fff]
May 15 11:12:14 localhost kernel: [    0.223090] pci 0000:00:1c.7:   bridge window [mem 0xdc400000-0xdc4fffff]
May 15 11:12:14 localhost kernel: [    0.223099] pci 0000:00:1e.0: PCI bridge to [bus 07]
May 15 11:12:14 localhost kernel: [    0.223101] pci 0000:00:1e.0:   bridge window [io  0x8000-0x8fff]
May 15 11:12:14 localhost kernel: [    0.223106] pci 0000:00:1e.0:   bridge window [mem 0xd8000000-0xdc0fffff]
May 15 11:12:14 localhost kernel: [    0.223113] pci_bus 0000:00: No. 2 try to assign unassigned res
May 15 11:12:14 localhost kernel: [    0.223114] release child resource [mem 0xdc100000-0xdc17ffff pref]
May 15 11:12:14 localhost kernel: [    0.223115] release child resource [mem 0xdc180000-0xdc1fffff 64bit]
May 15 11:12:14 localhost kernel: [    0.223116] release child resource [mem 0xdc200000-0xdc27ffff pref]
May 15 11:12:14 localhost kernel: [    0.223117] release child resource [mem 0xdc280000-0xdc2fffff 64bit]
May 15 11:12:14 localhost kernel: [    0.223117] release child resource [mem 0xdc300000-0xdc303fff 64bit]
May 15 11:12:14 localhost kernel: [    0.223118] release child resource [mem 0xdc304000-0xdc307fff 64bit]
May 15 11:12:14 localhost kernel: [    0.223120] pci 0000:00:1c.0: resource 14 [mem 0xdc100000-0xdc3fffff] released
May 15 11:12:14 localhost kernel: [    0.223121] pci 0000:00:1c.0: PCI bridge to [bus 02]
May 15 11:12:14 localhost kernel: [    0.223135] pci 0000:00:1c.0: bridge window [mem 0x00100000-0x003fffff] to [bus 02] add_size 400000
May 15 11:12:14 localhost kernel: [    0.223166] pci 0000:00:1c.0: res[14]=[mem 0x00100000-0x003fffff] get_res_add_size add_size 400000
May 15 11:12:14 localhost kernel: [    0.223169] pci 0000:00:1c.0: BAR 14: assigned [mem 0xd0100000-0xd07fffff]
May 15 11:12:14 localhost kernel: [    0.223171] pci 0000:00:01.0: PCI bridge to [bus 01]
May 15 11:12:14 localhost kernel: [    0.223173] pci 0000:00:01.0:   bridge window [io  0xe000-0xefff]
May 15 11:12:14 localhost kernel: [    0.223176] pci 0000:00:01.0:   bridge window [mem 0xdc800000-0xdc8fffff]
May 15 11:12:14 localhost kernel: [    0.223195] pci 0000:02:00.0: reg 0x184: [mem 0x00000000-0x00003fff 64bit]
May 15 11:12:14 localhost kernel: [    0.223212] pci 0000:02:00.0: reg 0x190: [mem 0x00000000-0x00003fff 64bit]
May 15 11:12:14 localhost kernel: [    0.223228] pci 0000:02:00.0: reg 0x184: [mem 0x00000000-0x00003fff 64bit]
May 15 11:12:14 localhost kernel: [    0.223245] pci 0000:02:00.0: reg 0x184: [mem 0x00000000-0x00003fff 64bit]
May 15 11:12:14 localhost kernel: [    0.223262] pci 0000:02:00.0: reg 0x190: [mem 0x00000000-0x00003fff 64bit]
May 15 11:12:14 localhost kernel: [    0.223278] pci 0000:02:00.1: reg 0x184: [mem 0x00000000-0x00003fff 64bit]
May 15 11:12:14 localhost kernel: [    0.223295] pci 0000:02:00.0: reg 0x184: [mem 0x00000000-0x00003fff 64bit]
May 15 11:12:14 localhost kernel: [    0.223312] pci 0000:02:00.0: reg 0x190: [mem 0x00000000-0x00003fff 64bit]
May 15 11:12:14 localhost kernel: [    0.223328] pci 0000:02:00.1: reg 0x190: [mem 0x00000000-0x00003fff 64bit]
May 15 11:12:14 localhost kernel: [    0.223345] pci 0000:02:00.0: reg 0x184: [mem 0x00000000-0x00003fff 64bit]
May 15 11:12:14 localhost kernel: [    0.223362] pci 0000:02:00.0: reg 0x190: [mem 0x00000000-0x00003fff 64bit]
May 15 11:12:14 localhost kernel: [    0.223379] pci 0000:02:00.1: reg 0x184: [mem 0x00000000-0x00003fff 64bit]
May 15 11:12:14 localhost kernel: [    0.223380] pci 0000:02:00.0: res[7]=[mem size 0x00000000 64bit] get_res_add_size add_size 100000
May 15 11:12:14 localhost kernel: [    0.223382] pci 0000:02:00.0: res[10]=[mem size 0x00000000 64bit] get_res_add_size add_size 100000
May 15 11:12:14 localhost kernel: [    0.223383] pci 0000:02:00.1: res[7]=[mem size 0x00000000 64bit] get_res_add_size add_size 100000
May 15 11:12:14 localhost kernel: [    0.223384] pci 0000:02:00.1: res[10]=[mem size 0x00000000 64bit] get_res_add_size add_size 100000
May 15 11:12:14 localhost kernel: [    0.223386] pci 0000:02:00.0: BAR 0: assigned [mem 0xd0100000-0xd017ffff 64bit]
May 15 11:12:14 localhost kernel: [    0.223400] pci 0000:02:00.0: BAR 6: assigned [mem 0xd0180000-0xd01fffff pref]
May 15 11:12:14 localhost kernel: [    0.223403] pci 0000:02:00.1: BAR 0: assigned [mem 0xd0200000-0xd027ffff 64bit]
May 15 11:12:14 localhost kernel: [    0.223416] pci 0000:02:00.1: BAR 6: assigned [mem 0xd0280000-0xd02fffff pref]
May 15 11:12:14 localhost kernel: [    0.223418] pci 0000:02:00.0: BAR 4: assigned [mem 0xd0300000-0xd0303fff 64bit]
May 15 11:12:14 localhost kernel: [    0.223446] pci 0000:02:00.0: reg 0x184: [mem 0x00000000-0x00003fff 64bit]
May 15 11:12:14 localhost kernel: [    0.223448] pci 0000:02:00.0: BAR 7: assigned [mem 0xd0304000-0xd0403fff 64bit]
May 15 11:12:14 localhost kernel: [    0.223480] pci 0000:02:00.0: reg 0x190: [mem 0x00000000-0x00003fff 64bit]
May 15 11:12:14 localhost kernel: [    0.223482] pci 0000:02:00.0: BAR 10: assigned [mem 0xd0404000-0xd0503fff 64bit]
May 15 11:12:14 localhost kernel: [    0.223494] pci 0000:02:00.1: BAR 4: assigned [mem 0xd0504000-0xd0507fff 64bit]
May 15 11:12:14 localhost kernel: [    0.223522] pci 0000:02:00.1: reg 0x184: [mem 0x00000000-0x00003fff 64bit]
May 15 11:12:14 localhost kernel: [    0.223524] pci 0000:02:00.1: BAR 7: assigned [mem 0xd0508000-0xd0607fff 64bit]
May 15 11:12:14 localhost kernel: [    0.223551] pci 0000:02:00.1: reg 0x190: [mem 0x00000000-0x00003fff 64bit]
May 15 11:12:14 localhost kernel: [    0.223553] pci 0000:02:00.1: BAR 10: assigned [mem 0xd0608000-0xd0707fff 64bit]
May 15 11:12:14 localhost kernel: [    0.223565] pci 0000:00:1c.0: PCI bridge to [bus 02]
May 15 11:12:14 localhost kernel: [    0.223568] pci 0000:00:1c.0:   bridge window [io  0xd000-0xdfff]
May 15 11:12:14 localhost kernel: [    0.223574] pci 0000:00:1c.0:   bridge window [mem 0xd0100000-0xd07fffff]
May 15 11:12:14 localhost kernel: [    0.223582] pci 0000:00:1c.4: PCI bridge to [bus 03]
May 15 11:12:14 localhost kernel: [    0.223585] pci 0000:00:1c.4:   bridge window [io  0xc000-0xcfff]
May 15 11:12:14 localhost kernel: [    0.223590] pci 0000:00:1c.4:   bridge window [mem 0xdc700000-0xdc7fffff]
May 15 11:12:14 localhost kernel: [    0.223598] pci 0000:00:1c.5: PCI bridge to [bus 04]
May 15 11:12:14 localhost kernel: [    0.223601] pci 0000:00:1c.5:   bridge window [io  0xb000-0xbfff]
May 15 11:12:14 localhost kernel: [    0.223606] pci 0000:00:1c.5:   bridge window [mem 0xdc600000-0xdc6fffff]
May 15 11:12:14 localhost kernel: [    0.223614] pci 0000:00:1c.6: PCI bridge to [bus 05]
May 15 11:12:14 localhost kernel: [    0.223617] pci 0000:00:1c.6:   bridge window [io  0xa000-0xafff]
May 15 11:12:14 localhost kernel: [    0.223622] pci 0000:00:1c.6:   bridge window [mem 0xdc500000-0xdc5fffff]
May 15 11:12:14 localhost kernel: [    0.223629] pci 0000:00:1c.7: PCI bridge to [bus 06]
May 15 11:12:14 localhost kernel: [    0.223633] pci 0000:00:1c.7:   bridge window [io  0x9000-0x9fff]
May 15 11:12:14 localhost kernel: [    0.223638] pci 0000:00:1c.7:   bridge window [mem 0xdc400000-0xdc4fffff]
May 15 11:12:14 localhost kernel: [    0.223645] pci 0000:00:1e.0: PCI bridge to [bus 07]
May 15 11:12:14 localhost kernel: [    0.223648] pci 0000:00:1e.0:   bridge window [io  0x8000-0x8fff]
May 15 11:12:14 localhost kernel: [    0.223653] pci 0000:00:1e.0:   bridge window [mem 0xd8000000-0xdc0fffff]
May 15 11:12:14 localhost kernel: [    0.223660] pci_bus 0000:00: resource 4 [io  0x0000-0x0cf7]
May 15 11:12:14 localhost kernel: [    0.223661] pci_bus 0000:00: resource 5 [io  0x0d00-0xffff]
May 15 11:12:14 localhost kernel: [    0.223663] pci_bus 0000:00: resource 6 [mem 0x000a0000-0x000bffff]
May 15 11:12:14 localhost kernel: [    0.223664] pci_bus 0000:00: resource 7 [mem 0x000d4000-0x000d7fff]
May 15 11:12:14 localhost kernel: [    0.223665] pci_bus 0000:00: resource 8 [mem 0x000d8000-0x000dbfff]
May 15 11:12:14 localhost kernel: [    0.223666] pci_bus 0000:00: resource 9 [mem 0x000dc000-0x000dffff]
May 15 11:12:14 localhost kernel: [    0.223667] pci_bus 0000:00: resource 10 [mem 0x000e0000-0x000e3fff]
May 15 11:12:14 localhost kernel: [    0.223669] pci_bus 0000:00: resource 11 [mem 0x000e4000-0x000e7fff]
May 15 11:12:14 localhost kernel: [    0.223670] pci_bus 0000:00: resource 12 [mem 0xd0000000-0xfeafffff]
May 15 11:12:14 localhost kernel: [    0.223671] pci_bus 0000:01: resource 0 [io  0xe000-0xefff]
May 15 11:12:14 localhost kernel: [    0.223672] pci_bus 0000:01: resource 1 [mem 0xdc800000-0xdc8fffff]
May 15 11:12:14 localhost kernel: [    0.223674] pci_bus 0000:02: resource 0 [io  0xd000-0xdfff]
May 15 11:12:14 localhost kernel: [    0.223675] pci_bus 0000:02: resource 1 [mem 0xd0100000-0xd07fffff]
May 15 11:12:14 localhost kernel: [    0.223676] pci_bus 0000:03: resource 0 [io  0xc000-0xcfff]
May 15 11:12:14 localhost kernel: [    0.223677] pci_bus 0000:03: resource 1 [mem 0xdc700000-0xdc7fffff]
May 15 11:12:14 localhost kernel: [    0.223678] pci_bus 0000:04: resource 0 [io  0xb000-0xbfff]
May 15 11:12:14 localhost kernel: [    0.223680] pci_bus 0000:04: resource 1 [mem 0xdc600000-0xdc6fffff]
May 15 11:12:14 localhost kernel: [    0.223681] pci_bus 0000:05: resource 0 [io  0xa000-0xafff]
May 15 11:12:14 localhost kernel: [    0.223682] pci_bus 0000:05: resource 1 [mem 0xdc500000-0xdc5fffff]
May 15 11:12:14 localhost kernel: [    0.223683] pci_bus 0000:06: resource 0 [io  0x9000-0x9fff]
May 15 11:12:14 localhost kernel: [    0.223684] pci_bus 0000:06: resource 1 [mem 0xdc400000-0xdc4fffff]
May 15 11:12:14 localhost kernel: [    0.223686] pci_bus 0000:07: resource 0 [io  0x8000-0x8fff]
May 15 11:12:14 localhost kernel: [    0.223687] pci_bus 0000:07: resource 1 [mem 0xd8000000-0xdc0fffff]
May 15 11:12:14 localhost kernel: [    0.223688] pci_bus 0000:07: resource 4 [io  0x0000-0x0cf7]
May 15 11:12:14 localhost kernel: [    0.223689] pci_bus 0000:07: resource 5 [io  0x0d00-0xffff]
May 15 11:12:14 localhost kernel: [    0.223690] pci_bus 0000:07: resource 6 [mem 0x000a0000-0x000bffff]
May 15 11:12:14 localhost kernel: [    0.223691] pci_bus 0000:07: resource 7 [mem 0x000d4000-0x000d7fff]
May 15 11:12:14 localhost kernel: [    0.223693] pci_bus 0000:07: resource 8 [mem 0x000d8000-0x000dbfff]
May 15 11:12:14 localhost kernel: [    0.223694] pci_bus 0000:07: resource 9 [mem 0x000dc000-0x000dffff]
May 15 11:12:14 localhost kernel: [    0.223695] pci_bus 0000:07: resource 10 [mem 0x000e0000-0x000e3fff]
May 15 11:12:14 localhost kernel: [    0.223696] pci_bus 0000:07: resource 11 [mem 0x000e4000-0x000e7fff]
May 15 11:12:14 localhost kernel: [    0.223697] pci_bus 0000:07: resource 12 [mem 0xd0000000-0xfeafffff]
May 15 11:12:14 localhost kernel: [    0.223717] NET: Registered protocol family 2
May 15 11:12:14 localhost kernel: [    0.223907] TCP established hash table entries: 262144 (order: 9, 2097152 bytes)
May 15 11:12:14 localhost kernel: [    0.224211] TCP bind hash table entries: 65536 (order: 8, 1048576 bytes)
May 15 11:12:14 localhost kernel: [    0.224311] TCP: Hash tables configured (established 262144 bind 65536)
May 15 11:12:14 localhost kernel: [    0.224323] TCP: reno registered
May 15 11:12:14 localhost kernel: [    0.224348] UDP hash table entries: 16384 (order: 7, 524288 bytes)
May 15 11:12:14 localhost kernel: [    0.224426] UDP-Lite hash table entries: 16384 (order: 7, 524288 bytes)
May 15 11:12:14 localhost kernel: [    0.224511] NET: Registered protocol family 1
May 15 11:12:14 localhost kernel: [    0.263562] PCI: CLS mismatch (64 != 32), using 64 bytes
May 15 11:12:14 localhost kernel: [    0.263570] pci 0000:07:05.0: Video device with shadowed ROM
May 15 11:12:14 localhost kernel: [    0.263607] Trying to unpack rootfs image as initramfs...
May 15 11:12:14 localhost kernel: [    0.491068] Freeing initrd memory: 19464K (ffff8800359ec000 - ffff880036cee000)
May 15 11:12:14 localhost kernel: [    0.491093] PCI-DMA: Using software bounce buffering for IO (SWIOTLB)
May 15 11:12:14 localhost kernel: [    0.491096] software IO TLB [mem 0xc8dc3000-0xccdc3000] (64MB) mapped at [ffff8800c8dc3000-ffff8800ccdc2fff]
May 15 11:12:14 localhost kernel: [    0.491251] RAPL PMU detected, hw unit 2^-16 Joules, API unit is 2^-32 Joules, 3 fixed counters 163840 ms ovfl timer
May 15 11:12:14 localhost kernel: [    0.491295] microcode: CPU0 sig=0x306a9, pf=0x2, revision=0x15
May 15 11:12:14 localhost kernel: [    0.491302] microcode: CPU1 sig=0x306a9, pf=0x2, revision=0x15
May 15 11:12:14 localhost kernel: [    0.491307] microcode: CPU2 sig=0x306a9, pf=0x2, revision=0x15
May 15 11:12:14 localhost kernel: [    0.491313] microcode: CPU3 sig=0x306a9, pf=0x2, revision=0x15
May 15 11:12:14 localhost kernel: [    0.491357] microcode: Microcode Update Driver: v2.00 <tigran@aivazian.fsnet.co.uk>, Peter Oruba
May 15 11:12:14 localhost kernel: [    0.491377] Scanning for low memory corruption every 60 seconds
May 15 11:12:14 localhost kernel: [    0.491627] futex hash table entries: 1024 (order: 4, 65536 bytes)
May 15 11:12:14 localhost kernel: [    0.491641] Initialise system trusted keyring
May 15 11:12:14 localhost kernel: [    0.491657] audit: initializing netlink subsys (disabled)
May 15 11:12:14 localhost kernel: [    0.491670] audit: type=2000 audit(1494846725.492:1): initialized
May 15 11:12:14 localhost kernel: [    0.491893] HugeTLB registered 2 MB page size, pre-allocated 0 pages
May 15 11:12:14 localhost kernel: [    0.492954] zpool: loaded
May 15 11:12:14 localhost kernel: [    0.492957] zbud: loaded
May 15 11:12:14 localhost kernel: [    0.493075] VFS: Disk quotas dquot_6.5.2
May 15 11:12:14 localhost kernel: [    0.493101] VFS: Dquot-cache hash table entries: 512 (order 0, 4096 bytes)
May 15 11:12:14 localhost kernel: [    0.493424] fuse init (API version 7.23)
May 15 11:12:14 localhost kernel: [    0.493524] Key type big_key registered
May 15 11:12:14 localhost kernel: [    0.493798] Key type asymmetric registered
May 15 11:12:14 localhost kernel: [    0.493801] Asymmetric key parser 'x509' registered
May 15 11:12:14 localhost kernel: [    0.493829] Block layer SCSI generic (bsg) driver version 0.4 loaded (major 252)
May 15 11:12:14 localhost kernel: [    0.493860] io scheduler noop registered
May 15 11:12:14 localhost kernel: [    0.493864] io scheduler deadline registered (default)
May 15 11:12:14 localhost kernel: [    0.493887] io scheduler cfq registered
May 15 11:12:14 localhost kernel: [    0.494501] pci_hotplug: PCI Hot Plug PCI Core version: 0.5
May 15 11:12:14 localhost kernel: [    0.494515] pciehp: PCI Express Hot Plug Controller Driver version: 0.4
May 15 11:12:14 localhost kernel: [    0.494538] vesafb: mode is 640x480x32, linelength=2560, pages=0
May 15 11:12:14 localhost kernel: [    0.494539] vesafb: scrolling: redraw
May 15 11:12:14 localhost kernel: [    0.494541] vesafb: Truecolor: size=8:8:8:8, shift=24:16:8:0
May 15 11:12:14 localhost kernel: [    0.497075] vesafb: framebuffer at 0xd8000000, mapped to 0xffffc90013600000, using 1216k, total 1216k
May 15 11:12:14 localhost kernel: [    0.518636] Console: switching to colour frame buffer device 80x30
May 15 11:12:14 localhost kernel: [    0.540777] fb0: VESA VGA frame buffer device
May 15 11:12:14 localhost kernel: [    0.541246] intel_idle: MWAIT substates: 0x1120
May 15 11:12:14 localhost kernel: [    0.541247] intel_idle: v0.4 model 0x3A
May 15 11:12:14 localhost kernel: [    0.541248] intel_idle: lapic_timer_reliable_states 0xffffffff
May 15 11:12:14 localhost kernel: [    0.541409] input: Power Button as /devices/LNXSYSTM:00/LNXSYBUS:00/PNP0C0C:00/input/input0
May 15 11:12:14 localhost kernel: [    0.542254] ACPI: Power Button [PWRB]
May 15 11:12:14 localhost kernel: [    0.542655] input: Power Button as /devices/LNXSYSTM:00/LNXPWRBN:00/input/input1
May 15 11:12:14 localhost kernel: [    0.570690] ACPI: Power Button [PWRF]
May 15 11:12:14 localhost kernel: [    0.585290] thermal LNXTHERM:00: registered as thermal_zone0
May 15 11:12:14 localhost kernel: [    0.599461] ACPI: Thermal Zone [TZ00] (28 C)
May 15 11:12:14 localhost kernel: [    0.613604] thermal LNXTHERM:01: registered as thermal_zone1
May 15 11:12:14 localhost kernel: [    0.628116] ACPI: Thermal Zone [TZ01] (30 C)
May 15 11:12:14 localhost kernel: [    0.642703] ERST: Error Record Serialization Table (ERST) support is initialized.
May 15 11:12:14 localhost kernel: [    0.671945] pstore: Registered erst as persistent store backend
May 15 11:12:14 localhost kernel: [    0.687147] GHES: APEI firmware first mode is enabled by WHEA _OSC.
May 15 11:12:14 localhost kernel: [    0.702751] Serial: 8250/16550 driver, 32 ports, IRQ sharing enabled
May 15 11:12:14 localhost kernel: [    0.738841] 00:07: ttyS0 at I/O 0x3f8 (irq = 4, base_baud = 115200) is a 16550A
May 15 11:12:14 localhost kernel: [    0.790144] 00:08: ttyS1 at I/O 0x2f8 (irq = 3, base_baud = 115200) is a 16550A
May 15 11:12:14 localhost kernel: [    0.823117] Linux agpgart interface v0.103
May 15 11:12:14 localhost kernel: [    0.840162] brd: module loaded
May 15 11:12:14 localhost kernel: [    0.856503] loop: module loaded
May 15 11:12:14 localhost kernel: [    0.872201] ata_piix 0000:00:1f.2: version 2.13
May 15 11:12:14 localhost kernel: [    0.872267] ata_piix 0000:00:1f.2: MAP [ P0 P2 P1 P3 ]
May 15 11:12:14 localhost kernel: [    0.888279] scsi host0: ata_piix
May 15 11:12:14 localhost kernel: [    0.903905] scsi host1: ata_piix
May 15 11:12:14 localhost kernel: [    0.919073] ata1: SATA max UDMA/133 cmd 0xf0d0 ctl 0xf0c0 bmdma 0xf090 irq 19
May 15 11:12:14 localhost kernel: [    0.934644] ata2: SATA max UDMA/133 cmd 0xf0b0 ctl 0xf0a0 bmdma 0xf098 irq 19
May 15 11:12:14 localhost kernel: [    0.949691] ata_piix 0000:00:1f.5: MAP [ P0 -- P1 -- ]
May 15 11:12:14 localhost kernel: [    0.964818] scsi host2: ata_piix
May 15 11:12:14 localhost kernel: [    0.979476] scsi host3: ata_piix
May 15 11:12:14 localhost kernel: [    0.993396] ata3: SATA max UDMA/133 cmd 0xf070 ctl 0xf060 bmdma 0xf030 irq 19
May 15 11:12:14 localhost kernel: [    1.007562] ata4: SATA max UDMA/133 cmd 0xf050 ctl 0xf040 bmdma 0xf038 irq 19
May 15 11:12:14 localhost kernel: [    1.021555] libphy: Fixed MDIO Bus: probed
May 15 11:12:14 localhost kernel: [    1.035158] tun: Universal TUN/TAP device driver, 1.6
May 15 11:12:14 localhost kernel: [    1.048577] tun: (C) 1999-2004 Max Krasnyansky <maxk@qualcomm.com>
May 15 11:12:14 localhost kernel: [    1.062382] PPP generic driver version 2.4.2
May 15 11:12:14 localhost kernel: [    1.076085] ehci_hcd: USB 2.0 'Enhanced' Host Controller (EHCI) Driver
May 15 11:12:14 localhost kernel: [    1.089981] ehci-pci: EHCI PCI platform driver
May 15 11:12:14 localhost kernel: [    1.103739] ehci-pci 0000:00:1a.0: EHCI Host Controller
May 15 11:12:14 localhost kernel: [    1.117384] ehci-pci 0000:00:1a.0: new USB bus registered, assigned bus number 1
May 15 11:12:14 localhost kernel: [    1.143982] ehci-pci 0000:00:1a.0: debug port 2
May 15 11:12:14 localhost kernel: [    1.161109] ehci-pci 0000:00:1a.0: cache line size of 64 is not supported
May 15 11:12:14 localhost kernel: [    1.161122] ehci-pci 0000:00:1a.0: irq 16, io mem 0xdc903000
May 15 11:12:14 localhost kernel: [    1.183278] ehci-pci 0000:00:1a.0: USB 2.0 started, EHCI 1.00
May 15 11:12:14 localhost kernel: [    1.196132] usb usb1: New USB device found, idVendor=1d6b, idProduct=0002
May 15 11:12:14 localhost kernel: [    1.209048] usb usb1: New USB device strings: Mfr=3, Product=2, SerialNumber=1
May 15 11:12:14 localhost kernel: [    1.233914] usb usb1: Product: EHCI Host Controller
May 15 11:12:14 localhost kernel: [    1.246319] usb usb1: Manufacturer: Linux 3.19.0-25-generic ehci_hcd
May 15 11:12:14 localhost kernel: [    1.258962] usb usb1: SerialNumber: 0000:00:1a.0
May 15 11:12:14 localhost kernel: [    1.271673] hub 1-0:1.0: USB hub found
May 15 11:12:14 localhost kernel: [    1.284284] hub 1-0:1.0: 2 ports detected
May 15 11:12:14 localhost kernel: [    1.296892] ehci-pci 0000:00:1d.0: EHCI Host Controller
May 15 11:12:14 localhost kernel: [    1.309525] ehci-pci 0000:00:1d.0: new USB bus registered, assigned bus number 2
May 15 11:12:14 localhost kernel: [    1.335177] ehci-pci 0000:00:1d.0: debug port 2
May 15 11:12:14 localhost kernel: [    1.352317] ehci-pci 0000:00:1d.0: cache line size of 64 is not supported
May 15 11:12:14 localhost kernel: [    1.352328] ehci-pci 0000:00:1d.0: irq 23, io mem 0xdc902000
May 15 11:12:14 localhost kernel: [    1.362950] ata4: SATA link down (SStatus 0 SControl 300)
May 15 11:12:14 localhost kernel: [    1.383986] ata3: SATA link down (SStatus 0 SControl 300)
May 15 11:12:14 localhost kernel: [    1.387462] ehci-pci 0000:00:1d.0: USB 2.0 started, EHCI 1.00
May 15 11:12:14 localhost kernel: [    1.387496] usb usb2: New USB device found, idVendor=1d6b, idProduct=0002
May 15 11:12:14 localhost kernel: [    1.387497] usb usb2: New USB device strings: Mfr=3, Product=2, SerialNumber=1
May 15 11:12:14 localhost kernel: [    1.387498] usb usb2: Product: EHCI Host Controller
May 15 11:12:14 localhost kernel: [    1.387499] usb usb2: Manufacturer: Linux 3.19.0-25-generic ehci_hcd
May 15 11:12:14 localhost kernel: [    1.387500] usb usb2: SerialNumber: 0000:00:1d.0
May 15 11:12:14 localhost kernel: [    1.388093] hub 2-0:1.0: USB hub found
May 15 11:12:14 localhost kernel: [    1.388096] hub 2-0:1.0: 2 ports detected
May 15 11:12:14 localhost kernel: [    1.388285] ehci-platform: EHCI generic platform driver
May 15 11:12:14 localhost kernel: [    1.388292] ohci_hcd: USB 1.1 'Open' Host Controller (OHCI) Driver
May 15 11:12:14 localhost kernel: [    1.388297] ohci-pci: OHCI PCI platform driver
May 15 11:12:14 localhost kernel: [    1.388305] ohci-platform: OHCI generic platform driver
May 15 11:12:14 localhost kernel: [    1.388310] uhci_hcd: USB Universal Host Controller Interface driver
May 15 11:12:14 localhost kernel: [    1.388348] i8042: PNP: No PS/2 controller found. Probing ports directly.
May 15 11:12:14 localhost kernel: [    1.398900] serio: i8042 KBD port at 0x60,0x64 irq 1
May 15 11:12:14 localhost kernel: [    1.398904] serio: i8042 AUX port at 0x60,0x64 irq 12
May 15 11:12:14 localhost kernel: [    1.399517] mousedev: PS/2 mouse device common for all mice
May 15 11:12:14 localhost kernel: [    1.400398] rtc_cmos 00:02: RTC can wake from S4
May 15 11:12:14 localhost kernel: [    1.402030] rtc_cmos 00:02: rtc core: registered rtc_cmos as rtc0
May 15 11:12:14 localhost kernel: [    1.402444] rtc_cmos 00:02: alarms up to one month, y3k, 242 bytes nvram, hpet irqs
May 15 11:12:14 localhost kernel: [    1.402456] i2c /dev entries driver
May 15 11:12:14 localhost kernel: [    1.402500] device-mapper: uevent: version 1.0.3
May 15 11:12:14 localhost kernel: [    1.402915] device-mapper: ioctl: 4.29.0-ioctl (2014-10-28) initialised: dm-devel@redhat.com
May 15 11:12:14 localhost kernel: [    1.402925] Intel P-state driver initializing.
May 15 11:12:14 localhost kernel: [    1.410396] Consider also installing thermald for improved thermal control.
May 15 11:12:14 localhost kernel: [    1.410398] ledtrig-cpu: registered to indicate activity on CPUs
May 15 11:12:14 localhost kernel: [    1.412958] PCCT header not found.
May 15 11:12:14 localhost kernel: [    1.412958] ACPI PCC probe failed.
May 15 11:12:14 localhost kernel: [    1.413029] TCP: cubic registered
May 15 11:12:14 localhost kernel: [    1.413101] NET: Registered protocol family 10
May 15 11:12:14 localhost kernel: [    1.413972] NET: Registered protocol family 17
May 15 11:12:14 localhost kernel: [    1.413981] Key type dns_resolver registered
May 15 11:12:14 localhost kernel: [    1.415928] Loading compiled-in X.509 certificates
May 15 11:12:14 localhost kernel: [    1.416516] Loaded X.509 cert 'Magrathea: Glacier signing key: 6aaa11d18c2d3a40b1b4dbe5bf8ad656ddf51838'
May 15 11:12:14 localhost kernel: [    1.416529] registered taskstats version 1
May 15 11:12:14 localhost kernel: [    1.421117] Key type trusted registered
May 15 11:12:14 localhost kernel: [    1.429498] Key type encrypted registered
May 15 11:12:14 localhost kernel: [    1.429502] AppArmor: AppArmor sha1 policy hashing enabled
May 15 11:12:14 localhost kernel: [    1.429505] ima: No TPM chip found, activating TPM-bypass!
May 15 11:12:14 localhost kernel: [    1.429518] evm: HMAC attrs: 0x1
May 15 11:12:14 localhost kernel: [    1.433863]   Magic number: 1:454:226
May 15 11:12:14 localhost kernel: [    1.433931] memory memory108: hash matches
May 15 11:12:14 localhost kernel: [    1.450545] rtc_cmos 00:02: setting system clock to 2017-05-15 11:12:07 UTC (1494846727)
May 15 11:12:14 localhost kernel: [    1.452033] BIOS EDD facility v0.16 2004-Jun-25, 0 devices found
May 15 11:12:14 localhost kernel: [    1.452033] EDD information not available.
May 15 11:12:14 localhost kernel: [    1.452206] PM: Hibernation image not present or could not be loaded.
May 15 11:12:14 localhost kernel: [    1.626182] ata2.00: SATA link down (SStatus 0 SControl 300)
May 15 11:12:14 localhost kernel: [    1.626441] ata2.01: SATA link down (SStatus 0 SControl 300)
May 15 11:12:14 localhost kernel: [    1.626734] usb 1-1: new high-speed USB device number 2 using ehci-pci
May 15 11:12:14 localhost kernel: [    1.658934] ata1.00: SATA link down (SStatus 0 SControl 300)
May 15 11:12:14 localhost kernel: [    1.659430] ata1.01: SATA link down (SStatus 0 SControl 300)
May 15 11:12:14 localhost kernel: [    1.727677] usb 2-1: new high-speed USB device number 2 using ehci-pci
May 15 11:12:14 localhost kernel: [    1.850701] usb 1-1: New USB device found, idVendor=8087, idProduct=0024
May 15 11:12:14 localhost kernel: [    1.850702] usb 1-1: New USB device strings: Mfr=0, Product=0, SerialNumber=0
May 15 11:12:14 localhost kernel: [    1.888856] hub 1-1:1.0: USB hub found
May 15 11:12:14 localhost kernel: [    1.901657] hub 1-1:1.0: 6 ports detected
May 15 11:12:14 localhost kernel: [    1.965349] usb 2-1: New USB device found, idVendor=8087, idProduct=0024
May 15 11:12:14 localhost kernel: [    1.965350] usb 2-1: New USB device strings: Mfr=0, Product=0, SerialNumber=0
May 15 11:12:14 localhost kernel: [    1.977524] hub 2-1:1.0: USB hub found
May 15 11:12:14 localhost kernel: [    1.990015] hub 2-1:1.0: 6 ports detected
May 15 11:12:14 localhost kernel: [    2.217053] Freeing unused kernel memory: 1408K (ffffffff81d27000 - ffffffff81e87000)
May 15 11:12:14 localhost kernel: [    2.242968] Write protecting the kernel read-only data: 12288k
May 15 11:12:14 localhost kernel: [    2.256292] Freeing unused kernel memory: 260K (ffff8800017bf000 - ffff880001800000)
May 15 11:12:14 localhost kernel: [    2.282948] Freeing unused kernel memory: 344K (ffff880001baa000 - ffff880001c00000)
May 15 11:12:14 localhost kernel: [    2.379553] megasas: 06.805.06.01-rc1
May 15 11:12:14 localhost kernel: [    2.379569] megasas: 0x1000:0x0079:0x1000:0x9261: bus 1:slot 0:func 0
May 15 11:12:14 localhost kernel: [    2.379969] pps_core: LinuxPPS API ver. 1 registered
May 15 11:12:14 localhost kernel: [    2.379970] pps_core: Software ver. 5.3.6 - Copyright 2005-2007 Rodolfo Giometti <giometti@linux.it>
May 15 11:12:14 localhost kernel: [    2.380901] PTP clock support registered
May 15 11:12:14 localhost kernel: [    2.384541] dca service started, version 1.12.1
May 15 11:12:14 localhost kernel: [    2.386644] e1000e: Intel(R) PRO/1000 Network Driver - 2.3.2-k
May 15 11:12:14 localhost kernel: [    2.386645] e1000e: Copyright(c) 1999 - 2014 Intel Corporation.
May 15 11:12:14 localhost kernel: [    2.387495] ixgbe: Intel(R) 10 Gigabit PCI Express Network Driver - version 4.0.1-k
May 15 11:12:14 localhost kernel: [    2.387496] ixgbe: Copyright (c) 1999-2014 Intel Corporation.
May 15 11:12:14 localhost kernel: [    2.387738] megasas: FW now in Ready state
May 15 11:12:14 localhost kernel: [    2.388323] megaraid_sas 0000:01:00.0: [scsi4]: FW supports<0> MSIX vector,Online CPUs: <4>,Current MSIX <1>
May 15 11:12:14 localhost kernel: [    2.391857] e1000e 0000:03:00.0: Interrupt Throttling Rate (ints/sec) set to dynamic conservative mode
May 15 11:12:14 localhost kernel: [    2.464889] megasas_init_mfi: fw_support_ieee=0
May 15 11:12:14 localhost kernel: [    2.464889] megasas: INIT adapter done
May 15 11:12:14 localhost kernel: [    2.511123] megaraid_sas 0000:01:00.0: Controller type: MR,Memory size is: 512MB
May 15 11:12:14 localhost kernel: [    2.511248] scsi host4: LSI SAS based MegaRAID driver
May 15 11:12:14 localhost kernel: [    2.513285] scsi 4:2:0:0: Direct-Access     LSI      MR9260-8i        2.12 PQ: 0 ANSI: 5
May 15 11:12:14 localhost kernel: [    2.514368] scsi 4:2:1:0: Direct-Access     LSI      MR9260-8i        2.12 PQ: 0 ANSI: 5
May 15 11:12:14 localhost kernel: [    2.539505] sd 4:2:0:0: Attached scsi generic sg0 type 0
May 15 11:12:14 localhost kernel: [    2.539681] sd 4:2:1:0: Attached scsi generic sg1 type 0
May 15 11:12:14 localhost kernel: [    2.539816] sd 4:2:0:0: [sda] 1952448512 512-byte logical blocks: (999 GB/931 GiB)
May 15 11:12:14 localhost kernel: [    2.540149] sd 4:2:1:0: [sdb] 11714691072 512-byte logical blocks: (5.99 TB/5.45 TiB)
May 15 11:12:14 localhost kernel: [    2.540305] sd 4:2:0:0: [sda] Write Protect is off
May 15 11:12:14 localhost kernel: [    2.540306] sd 4:2:0:0: [sda] Mode Sense: 1f 00 10 08
May 15 11:12:14 localhost kernel: [    2.540615] sd 4:2:1:0: [sdb] Write Protect is off
May 15 11:12:14 localhost kernel: [    2.540616] sd 4:2:1:0: [sdb] Mode Sense: 1f 00 10 08
May 15 11:12:14 localhost kernel: [    2.540631] sd 4:2:0:0: [sda] Write cache: disabled, read cache: enabled, supports DPO and FUA
May 15 11:12:14 localhost kernel: [    2.540905] sd 4:2:1:0: [sdb] Write cache: disabled, read cache: enabled, supports DPO and FUA
May 15 11:12:14 localhost kernel: [    2.572350]  sdb: sdb1 sdb2 sdb3
May 15 11:12:14 localhost kernel: [    2.573464] sd 4:2:1:0: [sdb] Attached SCSI disk
May 15 11:12:14 localhost kernel: [    2.581700]  sda: sda1 sda2 < sda5 sda6 >
May 15 11:12:14 localhost kernel: [    2.588019] sd 4:2:0:0: [sda] Attached SCSI disk
May 15 11:12:14 localhost kernel: [    2.650705] e1000e 0000:03:00.0 eth0: registered PHC clock
May 15 11:12:14 localhost kernel: [    2.650706] e1000e 0000:03:00.0 eth0: (PCI Express:2.5GT/s:Width x1) 14:dd:a9:4d:d3:00
May 15 11:12:14 localhost kernel: [    2.650707] e1000e 0000:03:00.0 eth0: Intel(R) PRO/1000 Network Connection
May 15 11:12:14 localhost kernel: [    2.651185] e1000e 0000:03:00.0 eth0: MAC: 3, PHY: 8, PBA No: FFFFFF-0FF
May 15 11:12:14 localhost kernel: [    2.652779] e1000e 0000:04:00.0: Interrupt Throttling Rate (ints/sec) set to dynamic conservative mode
May 15 11:12:14 localhost kernel: [    2.745605] ixgbe 0000:02:00.0: Multiqueue Enabled: Rx Queue count = 4, Tx Queue count = 4
May 15 11:12:14 localhost kernel: [    2.746014] ixgbe 0000:02:00.0: PCI Express bandwidth of 16GT/s available
May 15 11:12:14 localhost kernel: [    2.746015] ixgbe 0000:02:00.0: (Speed:5.0GT/s, Width: x4, Encoding Loss:20%)
May 15 11:12:14 localhost kernel: [    2.746015] ixgbe 0000:02:00.0: This is not sufficient for optimal performance of this card.
May 15 11:12:14 localhost kernel: [    2.746016] ixgbe 0000:02:00.0: For optimal performance, at least 20GT/s of bandwidth is required.
May 15 11:12:14 localhost kernel: [    2.746016] ixgbe 0000:02:00.0: A slot with more lanes and/or higher speed is suggested.
May 15 11:12:14 localhost kernel: [    2.746335] ixgbe 0000:02:00.0: MAC: 2, PHY: 17, SFP+: 5, PBA No: Unknown
May 15 11:12:14 localhost kernel: [    2.746336] ixgbe 0000:02:00.0: 00:16:31:f6:b5:b6
May 15 11:12:14 localhost kernel: [    2.762021] ixgbe 0000:02:00.0: Intel(R) 10 Gigabit Network Connection
May 15 11:12:14 localhost kernel: [    2.799406] e1000e 0000:04:00.0 eth2: registered PHC clock
May 15 11:12:14 localhost kernel: [    2.799407] e1000e 0000:04:00.0 eth2: (PCI Express:2.5GT/s:Width x1) 14:dd:a9:4d:d3:01
May 15 11:12:14 localhost kernel: [    2.799408] e1000e 0000:04:00.0 eth2: Intel(R) PRO/1000 Network Connection
May 15 11:12:14 localhost kernel: [    2.799689] e1000e 0000:04:00.0 eth2: MAC: 3, PHY: 8, PBA No: FFFFFF-0FF
May 15 11:12:14 localhost kernel: [    2.801651] e1000e 0000:05:00.0: Interrupt Throttling Rate (ints/sec) set to dynamic conservative mode
May 15 11:12:14 localhost kernel: [    2.965347] e1000e 0000:05:00.0 eth3: registered PHC clock
May 15 11:12:14 localhost kernel: [    2.965348] e1000e 0000:05:00.0 eth3: (PCI Express:2.5GT/s:Width x1) 14:dd:a9:4d:d3:02
May 15 11:12:14 localhost kernel: [    2.965348] e1000e 0000:05:00.0 eth3: Intel(R) PRO/1000 Network Connection
May 15 11:12:14 localhost kernel: [    2.965611] e1000e 0000:05:00.0 eth3: MAC: 3, PHY: 8, PBA No: FFFFFF-0FF
May 15 11:12:14 localhost kernel: [    2.967317] e1000e 0000:06:00.0: Interrupt Throttling Rate (ints/sec) set to dynamic conservative mode
May 15 11:12:14 localhost kernel: [    3.086120] ixgbe 0000:02:00.1: Multiqueue Enabled: Rx Queue count = 4, Tx Queue count = 4
May 15 11:12:14 localhost kernel: [    3.086659] ixgbe 0000:02:00.1: PCI Express bandwidth of 16GT/s available
May 15 11:12:14 localhost kernel: [    3.086659] ixgbe 0000:02:00.1: (Speed:5.0GT/s, Width: x4, Encoding Loss:20%)
May 15 11:12:14 localhost kernel: [    3.086660] ixgbe 0000:02:00.1: This is not sufficient for optimal performance of this card.
May 15 11:12:14 localhost kernel: [    3.086661] ixgbe 0000:02:00.1: For optimal performance, at least 20GT/s of bandwidth is required.
May 15 11:12:14 localhost kernel: [    3.086661] ixgbe 0000:02:00.1: A slot with more lanes and/or higher speed is suggested.
May 15 11:12:14 localhost kernel: [    3.087137] ixgbe 0000:02:00.1: MAC: 2, PHY: 17, SFP+: 6, PBA No: Unknown
May 15 11:12:14 localhost kernel: [    3.087137] ixgbe 0000:02:00.1: 00:16:31:f6:b5:b7
May 15 11:12:14 localhost kernel: [    3.103326] e1000e 0000:06:00.0 eth4: registered PHC clock
May 15 11:12:14 localhost kernel: [    3.103327] e1000e 0000:06:00.0 eth4: (PCI Express:2.5GT/s:Width x1) 14:dd:a9:4d:d3:03
May 15 11:12:14 localhost kernel: [    3.103327] e1000e 0000:06:00.0 eth4: Intel(R) PRO/1000 Network Connection
May 15 11:12:14 localhost kernel: [    3.103624] e1000e 0000:06:00.0 eth4: MAC: 3, PHY: 8, PBA No: FFFFFF-0FF
May 15 11:12:14 localhost kernel: [    3.106791] ixgbe 0000:02:00.1: Intel(R) 10 Gigabit Network Connection
May 15 11:12:14 localhost kernel: [    3.133205] e1000e 0000:05:00.0 p6p1: renamed from eth3
May 15 11:12:14 localhost kernel: [    3.602790] random: nonblocking pool is initialized
May 15 11:12:14 localhost kernel: [    3.903298] Switched to clocksource tsc
May 15 11:12:14 localhost kernel: [    3.931375] ixgbe 0000:02:00.0 p1p1: renamed from eth1
May 15 11:12:14 localhost kernel: [    3.998938] e1000e 0000:04:00.0 p5p1: renamed from eth2
May 15 11:12:14 localhost kernel: [    4.037297] EXT4-fs (sda1): mounted filesystem with ordered data mode. Opts: (null)
May 15 11:12:14 localhost kernel: [    4.110784] e1000e 0000:03:00.0 p4p1: renamed from eth0
May 15 11:12:14 localhost kernel: [    4.171024] ixgbe 0000:02:00.1 p1p2: renamed from eth5
May 15 11:12:14 localhost kernel: [    4.227715] e1000e 0000:06:00.0 p7p1: renamed from eth4
May 15 11:12:14 localhost kernel: [    5.667253] Adding 62498812k swap on /dev/sda5.  Priority:-1 extents:1 across:62498812k FS
May 15 11:12:14 localhost kernel: [    6.480157] EXT4-fs (sda1): re-mounted. Opts: errors=remount-ro
May 15 11:12:14 localhost kernel: [    6.627795] lp: driver loaded but no devices found
May 15 11:12:14 localhost kernel: [    6.716000] EXT4-fs (sdb1): mounted filesystem with ordered data mode. Opts: (null)
May 15 11:12:14 localhost kernel: [    6.750990] EXT4-fs (sdb2): mounted filesystem with ordered data mode. Opts: (null)
May 15 11:12:14 localhost kernel: [    6.812140] EXT4-fs (sdb3): mounted filesystem with ordered data mode. Opts: (null)
May 15 11:12:14 localhost kernel: [    7.003318] parport_pc 00:05: reported by Plug and Play ACPI
May 15 11:12:14 localhost kernel: [    7.003365] parport0: PC-style at 0x378, irq 5 [PCSPP]
May 15 11:12:14 localhost kernel: [    7.046534] EDAC MC: Ver: 3.0.0
May 15 11:12:14 localhost kernel: [    7.051300] ipmi message handler version 39.2
May 15 11:12:14 localhost kernel: [    7.063228] ACPI Warning: SystemIO range 0x0000000000000428-0x000000000000042f conflicts with OpRegion 0x0000000000000400-0x000000000000047f (\PMIO) (20141107/utaddress-258)
May 15 11:12:14 localhost kernel: [    7.063232] ACPI: If an ACPI driver is available for this device, you should use it instead of the native driver
May 15 11:12:14 localhost kernel: [    7.063235] ACPI Warning: SystemIO range 0x0000000000000540-0x000000000000054f conflicts with OpRegion 0x0000000000000500-0x0000000000000563 (\GPIO) (20141107/utaddress-258)
May 15 11:12:14 localhost kernel: [    7.063238] ACPI Warning: SystemIO range 0x0000000000000540-0x000000000000054f conflicts with OpRegion 0x0000000000000500-0x000000000000057f (\_SB_.PCI0.LPCB.GPBX) (20141107/utaddress-258)
May 15 11:12:14 localhost kernel: [    7.063240] ACPI: If an ACPI driver is available for this device, you should use it instead of the native driver
May 15 11:12:14 localhost kernel: [    7.063240] ACPI Warning: SystemIO range 0x0000000000000530-0x000000000000053f conflicts with OpRegion 0x0000000000000500-0x0000000000000563 (\GPIO) (20141107/utaddress-258)
May 15 11:12:14 localhost kernel: [    7.063242] ACPI Warning: SystemIO range 0x0000000000000530-0x000000000000053f conflicts with OpRegion 0x0000000000000500-0x000000000000057f (\_SB_.PCI0.LPCB.GPBX) (20141107/utaddress-258)
May 15 11:12:14 localhost kernel: [    7.063244] ACPI: If an ACPI driver is available for this device, you should use it instead of the native driver
May 15 11:12:14 localhost kernel: [    7.063245] ACPI Warning: SystemIO range 0x0000000000000500-0x000000000000052f conflicts with OpRegion 0x0000000000000500-0x0000000000000563 (\GPIO) (20141107/utaddress-258)
May 15 11:12:14 localhost kernel: [    7.063247] ACPI Warning: SystemIO range 0x0000000000000500-0x000000000000052f conflicts with OpRegion 0x0000000000000500-0x000000000000057f (\_SB_.PCI0.LPCB.GPBX) (20141107/utaddress-258)
May 15 11:12:14 localhost kernel: [    7.063248] ACPI: If an ACPI driver is available for this device, you should use it instead of the native driver
May 15 11:12:14 localhost kernel: [    7.063249] lpc_ich: Resource conflict(s) found affecting gpio_ich
May 15 11:12:14 localhost kernel: [    7.069804] shpchp: Standard Hot Plug PCI Controller Driver version: 0.4
May 15 11:12:14 localhost kernel: [    7.094243] IPMI System Interface driver.
May 15 11:12:14 localhost kernel: [    7.094261] ipmi_si: Adding default-specified kcs state machine
May 15 11:12:14 localhost kernel: [    7.094263] ipmi_si: Trying default-specified kcs state machine at i/o address 0xca2, slave address 0x0, irq 0
May 15 11:12:14 localhost kernel: [    7.094268] ipmi_si: Interface detection failed
May 15 11:12:14 localhost kernel: [    7.097911] lp0: using parport0 (interrupt-driven).
May 15 11:12:14 localhost kernel: [    7.101822] EDAC MC0: Giving out device to module ie31200_edac controller IE31200: DEV 0000:00:00.0 (POLLED)
May 15 11:12:14 localhost kernel: [    7.126395] ipmi_si: Adding default-specified smic state machine
May 15 11:12:14 localhost kernel: [    7.126398] ipmi_si: Trying default-specified smic state machine at i/o address 0xca9, slave address 0x0, irq 0
May 15 11:12:14 localhost kernel: [    7.126402] ipmi_si: Interface detection failed
May 15 11:12:14 localhost kernel: [    7.153868] ipmi_si: Adding default-specified bt state machine
May 15 11:12:14 localhost kernel: [    7.153872] ipmi_si: Trying default-specified bt state machine at i/o address 0xe4, slave address 0x0, irq 0
May 15 11:12:14 localhost kernel: [    7.153877] ipmi_si: Interface detection failed
May 15 11:12:14 localhost kernel: [    7.181880] ipmi_si: Unable to find any System Interface(s)
May 15 11:12:14 localhost kernel: [    7.242095] ppdev: user-space parallel port driver
May 15 11:12:14 localhost kernel: [    7.285029] IPMI SSIF Interface driver
May 15 11:12:14 localhost kernel: [    7.326679] [drm] Initialized drm 1.1.0 20060810
May 15 11:12:14 localhost kernel: [    7.614424] [drm] AST 1100 detected
May 15 11:12:14 localhost kernel: [    7.614435] [drm] Analog VGA only
May 15 11:12:14 localhost kernel: [    7.614449] [drm] dram 800000000 0 16 04000000
May 15 11:12:14 localhost kernel: [    7.614480] [TTM] Zone  kernel: Available graphics memory: 16450700 kiB
May 15 11:12:14 localhost kernel: [    7.614482] [TTM] Zone   dma32: Available graphics memory: 2097152 kiB
May 15 11:12:14 localhost kernel: [    7.614482] [TTM] Initializing pool allocator
May 15 11:12:14 localhost kernel: [    7.614487] [TTM] Initializing DMA pool allocator
May 15 11:12:14 localhost kernel: [    7.617633] checking generic (d8000000 130000) vs hw (d8000000 4000000)
May 15 11:12:14 localhost kernel: [    7.617635] fb: switching to astdrmfb from VESA VGA
May 15 11:12:14 localhost kernel: [    7.617658] Console: switching to colour dummy device 80x25
May 15 11:12:14 localhost kernel: [    7.617728] fbcon: astdrmfb (fb0) is primary device
May 15 11:12:14 localhost kernel: [    7.621574] AVX version of gcm_enc/dec engaged.
May 15 11:12:14 localhost kernel: [    7.621574] AES CTR mode by8 optimization enabled
May 15 11:12:14 localhost kernel: [    7.672643] Console: switching to colour frame buffer device 128x48
May 15 11:12:14 localhost kernel: [    7.732902] ast 0000:07:05.0: fb0: astdrmfb frame buffer device
May 15 11:12:14 localhost kernel: [    7.732903] ast 0000:07:05.0: registered panic notifier
May 15 11:12:14 localhost kernel: [    7.749736] [drm] Initialized ast 0.1.0 20120228 for 0000:07:05.0 on minor 0
