May 21 09:30:38 localhost kernel: [170662.817042] device p1p1 left promiscuous mode
May 21 09:31:07 localhost kernel: [170692.441007] device p1p1 entered promiscuous mode
May 21 12:42:41 localhost kernel: [182182.993329] device p1p1 left promiscuous mode
May 21 12:43:07 localhost kernel: [182209.692338] device p1p1 entered promiscuous mode
May 21 15:50:06 localhost kernel: [193426.167105] device p1p1 left promiscuous mode
May 21 15:50:07 localhost kernel: [193426.868222] device p1p1 entered promiscuous mode
May 21 15:55:50 localhost kernel: [193770.101514] traps: ipmtube[16910] general protection ip:7f181c8d5d1c sp:7fff4e759c48 error:0 in libc-2.19.so[7f181c853000+1ba000]
May 21 15:55:57 localhost kernel: [193777.103981] device p1p1 left promiscuous mode
May 21 15:56:08 localhost kernel: [193787.445831] device p1p1 entered promiscuous mode
May 21 23:59:04 localhost kernel: [222756.048237] device p1p1 left promiscuous mode
May 21 23:59:07 localhost kernel: [222759.902958] device p1p1 entered promiscuous mode
May 22 00:04:33 localhost kernel: [223085.154677] device p1p1 left promiscuous mode
May 22 00:05:07 localhost kernel: [223119.671239] device p1p1 entered promiscuous mode
May 22 06:10:49 localhost kernel: [245056.564109] device p1p1 left promiscuous mode
May 22 06:11:07 localhost kernel: [245074.329897] device p1p1 entered promiscuous mode
May 22 06:17:01 localhost kernel: [245427.604764] device p1p1 left promiscuous mode
May 22 06:17:07 localhost kernel: [245434.261861] device p1p1 entered promiscuous mode
May 22 06:22:57 localhost kernel: [245783.517877] device p1p1 left promiscuous mode
May 22 06:23:07 localhost kernel: [245794.100667] device p1p1 entered promiscuous mode
May 22 09:30:21 localhost kernel: [257025.683265] device p1p1 left promiscuous mode
May 22 09:31:07 localhost kernel: [257071.424812] device p1p1 entered promiscuous mode
May 22 12:43:35 localhost kernel: [268615.945804] device p1p1 left promiscuous mode
May 22 12:44:07 localhost kernel: [268648.570269] device p1p1 entered promiscuous mode
May 22 13:07:33 localhost kernel: [270054.501785] device p1p1 left promiscuous mode
May 22 13:08:07 localhost kernel: [270088.400735] device p1p1 entered promiscuous mode
May 22 14:55:05 localhost kernel: [276504.639930] device p1p1 left promiscuous mode
May 22 14:55:07 localhost kernel: [276506.667951] device p1p1 entered promiscuous mode
May 22 15:00:23 localhost kernel: [276822.750820] device p1p1 left promiscuous mode
May 22 15:01:07 localhost kernel: [276866.634138] device p1p1 entered promiscuous mode
May 22 15:04:11 localhost kernel: [277050.792498] device p1p1 left promiscuous mode
May 22 15:05:07 localhost kernel: [277106.549044] device p1p1 entered promiscuous mode
May 22 15:10:20 localhost kernel: [277418.762406] device p1p1 left promiscuous mode
May 22 15:11:07 localhost kernel: [277466.492833] device p1p1 entered promiscuous mode
May 22 15:11:41 localhost kernel: [277499.786615] device p1p1 left promiscuous mode
May 22 15:12:07 localhost kernel: [277526.488166] device p1p1 entered promiscuous mode
May 22 15:17:16 localhost kernel: [277834.794896] device p1p1 left promiscuous mode
May 22 15:18:07 localhost kernel: [277886.368201] device p1p1 entered promiscuous mode
May 22 15:23:35 localhost kernel: [278214.235308] ipmtube: page allocation failure: order:0, mode:0x20
May 22 15:23:35 localhost kernel: [278214.235310] ipmtube: page allocation failure: order:0, mode:0x20
May 22 15:23:35 localhost kernel: [278214.235312] ipmtube: page allocation failure: order:0, mode:0x20
May 22 15:23:35 localhost kernel: [278214.235315] ipmtube: page allocation failure: order:0, mode:0x20
May 22 15:23:35 localhost kernel: [278214.235317] CPU: 0 PID: 6851 Comm: ipmtube Tainted: G           OE  3.19.0-25-generic #26~14.04.1-Ubuntu
May 22 15:23:35 localhost kernel: [278214.235320] Hardware name: To be filled by O.E.M. To be filled by O.E.M./P8B-C Series, BIOS 6702 07/23/2013
May 22 15:23:35 localhost kernel: [278214.235326]  0000000000000000 ffff8804a7643888 ffffffff817aed00 000000008a8a8a8a
May 22 15:23:35 localhost kernel: [278214.235327]  0000000000000020 ffff8804a7643918 ffffffff8117b6e6 ffff88082ffdde38
May 22 15:23:35 localhost kernel: [278214.235331]  0000003fffffffc0 0000000000000000 0000000000000010 ffffffff00000000
May 22 15:23:35 localhost kernel: [278214.235334] Call Trace:
May 22 15:23:35 localhost kernel: [278214.235344]  [<ffffffff817aed00>] dump_stack+0x45/0x57
May 22 15:23:35 localhost kernel: [278214.235349]  [<ffffffff8117b6e6>] warn_alloc_failed+0xd6/0x130
May 22 15:23:35 localhost kernel: [278214.235354]  [<ffffffff8117f182>] __alloc_pages_nodemask+0x7a2/0xa60
May 22 15:23:35 localhost kernel: [278214.235359]  [<ffffffff8169c8ba>] ? __build_skb+0x2a/0x1b0
May 22 15:23:35 localhost kernel: [278214.235363]  [<ffffffff81697db4>] __alloc_page_frag+0x114/0x130
May 22 15:23:35 localhost kernel: [278214.235367]  [<ffffffff81697dff>] __netdev_alloc_frag+0x2f/0x50
May 22 15:23:35 localhost kernel: [278214.235369]  [<ffffffff8169cb92>] __alloc_rx_skb+0xa2/0xb0
May 22 15:23:35 localhost kernel: [278214.235371]  [<ffffffff8169cbbf>] __netdev_alloc_skb+0x1f/0x40
May 22 15:23:35 localhost kernel: [278214.235380]  [<ffffffffc0496fcb>] ixgbe_alloc_rx_buffers+0xbb/0x230 [ixgbe]
May 22 15:23:35 localhost kernel: [278214.235387]  [<ffffffffc0499ae6>] ixgbe_configure_rx_ring+0x2f6/0x5a0 [ixgbe]
May 22 15:23:35 localhost kernel: [278214.235393]  [<ffffffffc049adb3>] notify_function_ptr+0x243/0x3c0 [ixgbe]
May 22 15:23:35 localhost kernel: [278214.235397]  [<ffffffffc05761e8>] pfring_release_zc_dev+0xb8/0x1c0 [pf_ring]
May 22 15:23:35 localhost kernel: [278214.235402]  [<ffffffffc0583641>] ring_release+0x491/0x760 [pf_ring]
May 22 15:23:35 localhost kernel: [278214.235407]  [<ffffffff8168dc6f>] sock_release+0x1f/0x90
May 22 15:23:35 localhost kernel: [278214.235410]  [<ffffffff8168dcf2>] sock_close+0x12/0x20
May 22 15:23:35 localhost kernel: [278214.235414]  [<ffffffff811eddf7>] __fput+0xe7/0x220
May 22 15:23:35 localhost kernel: [278214.235418]  [<ffffffff811edf7e>] ____fput+0xe/0x10
May 22 15:23:35 localhost kernel: [278214.235422]  [<ffffffff81091de4>] task_work_run+0xd4/0xf0
May 22 15:23:35 localhost kernel: [278214.235426]  [<ffffffff81077390>] do_exit+0x2c0/0xb00
May 22 15:23:35 localhost kernel: [278214.235429]  [<ffffffff810a70cd>] ? set_next_entity+0x9d/0xb0
May 22 15:23:35 localhost kernel: [278214.235432]  [<ffffffff81080dcf>] ? recalc_sigpending+0x1f/0x60
May 22 15:23:35 localhost kernel: [278214.235435]  [<ffffffff81077c5f>] do_group_exit+0x3f/0xa0
May 22 15:23:35 localhost kernel: [278214.235437]  [<ffffffff81083b40>] get_signal+0x1e0/0x710
May 22 15:23:35 localhost kernel: [278214.235442]  [<ffffffff81014e70>] do_signal+0x20/0x120
May 22 15:23:35 localhost kernel: [278214.235445]  [<ffffffff810de2ab>] ? hrtimer_nanosleep+0xbb/0x180
May 22 15:23:35 localhost kernel: [278214.235448]  [<ffffffff810dd1a0>] ? hrtimer_get_res+0x50/0x50
May 22 15:23:35 localhost kernel: [278214.235451]  [<ffffffff817b54f1>] ? do_nanosleep+0x71/0x130
May 22 15:23:35 localhost kernel: [278214.235455]  [<ffffffff81014fd9>] do_notify_resume+0x69/0xb0
May 22 15:23:35 localhost kernel: [278214.235458]  [<ffffffff817b692f>] int_signal+0x12/0x17
May 22 15:23:35 localhost kernel: [278214.235459] Mem-Info:
May 22 15:23:35 localhost kernel: [278214.235462] CPU: 3 PID: 6569 Comm: ipmtube Tainted: G           OE  3.19.0-25-generic #26~14.04.1-Ubuntu
May 22 15:23:35 localhost kernel: [278214.235464] Hardware name: To be filled by O.E.M. To be filled by O.E.M./P8B-C Series, BIOS 6702 07/23/2013
May 22 15:23:35 localhost kernel: [278214.235465]  0000000000000000 ffff880156feb888
May 22 15:23:35 localhost kernel: [278214.235468] Node 0 DMA per-cpu:
May 22 15:23:35 localhost kernel: [278214.235472] CPU    0: hi:    0, btch:   1 usd:   0
May 22 15:23:35 localhost kernel: [278214.235473] CPU    1: hi:    0, btch:   1 usd:   0
May 22 15:23:35 localhost kernel: [278214.235474] CPU    2: hi:    0, btch:   1 usd:   0
May 22 15:23:35 localhost kernel: [278214.235476] CPU    3: hi:    0, btch:   1 usd:   0
May 22 15:23:35 localhost kernel: [278214.235477] Node 0 DMA32 per-cpu:
May 22 15:23:35 localhost kernel: [278214.235479] CPU    0: hi:  186, btch:  31 usd: 178
May 22 15:23:35 localhost kernel: [278214.235481] CPU    1: hi:  186, btch:  31 usd: 185
May 22 15:23:35 localhost kernel: [278214.235482] CPU    2: hi:  186, btch:  31 usd:  90
May 22 15:23:35 localhost kernel: [278214.235483] CPU    3: hi:  186, btch:  31 usd: 180
May 22 15:23:35 localhost kernel: [278214.235484] Node 0 Normal per-cpu:
May 22 15:23:35 localhost kernel: [278214.235487] CPU    0: hi:  186, btch:  31 usd: 118
May 22 15:23:35 localhost kernel: [278214.235488] CPU    1: hi:  186, btch:  31 usd: 161
May 22 15:23:35 localhost kernel: [278214.235489] CPU    2: hi:  186, btch:  31 usd:  16
May 22 15:23:35 localhost kernel: [278214.235491] CPU    3: hi:  186, btch:  31 usd: 113
May 22 15:23:35 localhost kernel: [278214.235494] active_anon:390290 inactive_anon:220903 isolated_anon:0
May 22 15:23:35 localhost kernel: [278214.235494]  active_file:2145076 inactive_file:2160579 isolated_file:0
May 22 15:23:35 localhost kernel: [278214.235494]  unevictable:0 dirty:723 writeback:9569 unstable:0
May 22 15:23:35 localhost kernel: [278214.235494]  free:39113 slab_reclaimable:214788 slab_unreclaimable:46050
May 22 15:23:35 localhost kernel: [278214.235494]  mapped:62987 shmem:15 pagetables:20614 bounce:0
May 22 15:23:35 localhost kernel: [278214.235494]  free_cma:0
May 22 15:23:35 localhost kernel: [278214.235498] Node 0 DMA free:15848kB min:32kB low:40kB high:48kB active_anon:0kB inactive_anon:0kB active_file:0kB inactive_file:0kB unevictable:0kB isolated(anon):0kB isolated(file):0kB present:15972kB managed:15888kB mlocked:0kB dirty:0kB writeback:0kB mapped:0kB shmem:0kB slab_reclaimable:4kB slab_unreclaimable:4kB kernel_stack:0kB pagetables:0kB unstable:0kB bounce:0kB free_cma:0kB writeback_tmp:0kB pages_scanned:0 all_unreclaimable? yes
May 22 15:23:35 localhost kernel: [278214.235504] lowmem_reserve[]: 0 3186 32112 32112
May 22 15:23:35 localhost kernel: [278214.235509] Node 0 DMA32 free:118012kB min:6700kB low:8372kB high:10048kB active_anon:320488kB inactive_anon:419276kB active_file:223864kB inactive_file:316928kB unevictable:0kB isolated(anon):0kB isolated(file):0kB present:3344380kB managed:3264624kB mlocked:0kB dirty:52kB writeback:44kB mapped:9520kB shmem:20kB slab_reclaimable:381516kB slab_unreclaimable:19356kB kernel_stack:688kB pagetables:3852kB unstable:0kB bounce:0kB free_cma:0kB writeback_tmp:0kB pages_scanned:0 all_unreclaimable? no
May 22 15:23:35 localhost kernel: [278214.235515] lowmem_reserve[]: 0 0 28926 28926
May 22 15:23:35 localhost kernel: [278214.235520] Node 0 Normal free:22592kB min:60848kB low:76060kB high:91272kB active_anon:1240672kB inactive_anon:464336kB active_file:8356440kB inactive_file:8325388kB unevictable:0kB isolated(anon):0kB isolated(file):0kB present:30146560kB managed:29620888kB mlocked:0kB dirty:2840kB writeback:38232kB mapped:242428kB shmem:40kB slab_reclaimable:477632kB slab_unreclaimable:164840kB kernel_stack:3872kB pagetables:78604kB unstable:0kB bounce:0kB free_cma:0kB writeback_tmp:0kB pages_scanned:0 all_unreclaimable? no
May 22 15:23:35 localhost kernel: [278214.235525] lowmem_reserve[]: 0 0 0 0
May 22 15:23:35 localhost kernel: [278214.235530] Node 0 DMA: 2*4kB  ffffffff817aed00 000000008a8c8a8c
May 22 15:23:35 localhost kernel: [278214.235536]  0000000000000020 ffff880156feb918 ffffffff8117b6e6
May 22 15:23:35 localhost kernel: [278214.235538] (UE) 2*8kB (UE) 3*16kB (UE) 1*32kB (E) 2*64kB (UE) 2*128kB (UE) 2*256kB (UE) 1*512kB (E) 2*1024kB (UE) 2*2048kB (ER) 2*4096kB (M) = 15848kB
May 22 15:23:35 localhost kernel: [278214.235556] Node 0 DMA32: 950*4kB  ffff88082ffdde38
May 22 15:23:35 localhost kernel: [278214.235560]  0000003fffffffc0 0000000000000000 0000000000000010 ffffffff00000000
May 22 15:23:35 localhost kernel: [278214.235563] (UEM) 739*8kB (UEM) 533*16kB (UEM) 58*32kB (EM) 306*64kB (UEM) 337*128kB (UEM) 25*256kB (UE) 0*512kB 0*1024kB 14*2048kB (M) 0*4096kB = 117888kB
May 22 15:23:35 localhost kernel: [278214.235579] Node 0 Normal: 5586*4kB (M) 0*8kB 0*16kB 0*32kB 0*64kB 0*128kB 0*256kB 0*512kB 0*1024kB 0*2048kB 0*4096kB = 22344kB
May 22 15:23:35 localhost kernel: [278214.235592] Node 0 hugepages_total=5120 hugepages_free=4854 hugepages_surp=0 hugepages_size=2048kB
May 22 15:23:35 localhost kernel: [278214.235594] 4307488 total pagecache pages
May 22 15:23:35 localhost kernel: [278214.235595] 1622 pages in swap cache
May 22 15:23:35 localhost kernel: [278214.235597] Swap cache stats: add 232895, delete 231273, find 1006529/1015155
May 22 15:23:35 localhost kernel: [278214.235598] Free swap  = 62364140kB
May 22 15:23:35 localhost kernel: [278214.235599] Total swap = 62498812kB
May 22 15:23:35 localhost kernel: [278214.235600] 8376728 pages RAM
May 22 15:23:35 localhost kernel: [278214.235601] 0 pages HighMem/MovableOnly
May 22 15:23:35 localhost kernel: [278214.235603] 151378 pages reserved
May 22 15:23:35 localhost kernel: [278214.235604] 0 pages cma reserved
May 22 15:23:35 localhost kernel: [278214.235605] 0 pages hwpoisoned
May 22 15:23:35 localhost kernel: [278214.235606] 
May 22 15:23:35 localhost kernel: [278214.235607] Call Trace:
May 22 15:23:35 localhost kernel: [278214.235613]  [<ffffffff817aed00>] dump_stack+0x45/0x57
May 22 15:23:35 localhost kernel: [278214.235617]  [<ffffffff8117b6e6>] warn_alloc_failed+0xd6/0x130
May 22 15:23:35 localhost kernel: [278214.235621]  [<ffffffff8117f182>] __alloc_pages_nodemask+0x7a2/0xa60
May 22 15:23:35 localhost kernel: [278214.235622] ipmtube: page allocation failure: order:0, mode:0x20
May 22 15:23:35 localhost kernel: [278214.235627]  [<ffffffff8169c8ba>] ? __build_skb+0x2a/0x1b0
May 22 15:23:35 localhost kernel: [278214.235631]  [<ffffffff81697db4>] __alloc_page_frag+0x114/0x130
May 22 15:23:35 localhost kernel: [278214.235634]  [<ffffffff81697dff>] __netdev_alloc_frag+0x2f/0x50
May 22 15:23:35 localhost kernel: [278214.235636]  [<ffffffff8169cb92>] __alloc_rx_skb+0xa2/0xb0
May 22 15:23:35 localhost kernel: [278214.235639]  [<ffffffff8169cbbf>] __netdev_alloc_skb+0x1f/0x40
May 22 15:23:35 localhost kernel: [278214.235646]  [<ffffffffc0496fcb>] ixgbe_alloc_rx_buffers+0xbb/0x230 [ixgbe]
May 22 15:23:35 localhost kernel: [278214.235652]  [<ffffffffc0499ae6>] ixgbe_configure_rx_ring+0x2f6/0x5a0 [ixgbe]
May 22 15:23:35 localhost kernel: [278214.235658]  [<ffffffffc049adb3>] notify_function_ptr+0x243/0x3c0 [ixgbe]
May 22 15:23:35 localhost kernel: [278214.235662]  [<ffffffffc05761e8>] pfring_release_zc_dev+0xb8/0x1c0 [pf_ring]
May 22 15:23:35 localhost kernel: [278214.235666]  [<ffffffffc0583641>] ring_release+0x491/0x760 [pf_ring]
May 22 15:23:35 localhost kernel: [278214.235670]  [<ffffffff8168dc6f>] sock_release+0x1f/0x90
May 22 15:23:35 localhost kernel: [278214.235674]  [<ffffffff8168dcf2>] sock_close+0x12/0x20
May 22 15:23:35 localhost kernel: [278214.235678]  [<ffffffff811eddf7>] __fput+0xe7/0x220
May 22 15:23:35 localhost kernel: [278214.235681]  [<ffffffff811edf7e>] ____fput+0xe/0x10
May 22 15:23:35 localhost kernel: [278214.235684]  [<ffffffff81091de4>] task_work_run+0xd4/0xf0
May 22 15:23:35 localhost kernel: [278214.235687]  [<ffffffff81077390>] do_exit+0x2c0/0xb00
May 22 15:23:35 localhost kernel: [278214.235690]  [<ffffffff81081c6e>] ? __send_signal+0x17e/0x490
May 22 15:23:35 localhost kernel: [278214.235692]  [<ffffffff81080dcf>] ? recalc_sigpending+0x1f/0x60
May 22 15:23:35 localhost kernel: [278214.235695]  [<ffffffff81077c5f>] do_group_exit+0x3f/0xa0
May 22 15:23:35 localhost kernel: [278214.235698]  [<ffffffff81083b40>] get_signal+0x1e0/0x710
May 22 15:23:35 localhost kernel: [278214.235701]  [<ffffffff810aa4a4>] ? update_curr+0xe4/0x180
May 22 15:23:35 localhost kernel: [278214.235705]  [<ffffffff81014e70>] do_signal+0x20/0x120
May 22 15:23:35 localhost kernel: [278214.235709]  [<ffffffff8111a450>] ? kprobe_flush_task+0x90/0x120
May 22 15:23:35 localhost kernel: [278214.235713]  [<ffffffff8109d147>] ? finish_task_switch+0x127/0x140
May 22 15:23:35 localhost kernel: [278214.235716]  [<ffffffff817b1e0b>] ? __schedule+0x37b/0x830
May 22 15:23:35 localhost kernel: [278214.235719]  [<ffffffff81014fd9>] do_notify_resume+0x69/0xb0
May 22 15:23:35 localhost kernel: [278214.235722]  [<ffffffff817b692f>] int_signal+0x12/0x17
May 22 15:23:35 localhost kernel: [278214.235724] Mem-Info:
May 22 15:23:35 localhost kernel: [278214.235726] CPU: 2 PID: 6591 Comm: ipmtube Tainted: G           OE  3.19.0-25-generic #26~14.04.1-Ubuntu
May 22 15:23:35 localhost kernel: [278214.235728] Hardware name: To be filled by O.E.M. To be filled by O.E.M./P8B-C Series, BIOS 6702 07/23/2013
May 22 15:23:35 localhost kernel: [278214.235729]  0000000000000000 ffff880109d27888
May 22 15:23:35 localhost kernel: [278214.235731] Node 0 DMA per-cpu:
May 22 15:23:35 localhost kernel: [278214.235734] CPU    0: hi:    0, btch:   1 usd:   0
May 22 15:23:35 localhost kernel: [278214.235735] CPU    1: hi:    0, btch:   1 usd:   0
May 22 15:23:35 localhost kernel: [278214.235737] CPU    2: hi:    0, btch:   1 usd:   0
May 22 15:23:35 localhost kernel: [278214.235738] CPU    3: hi:    0, btch:   1 usd:   0
May 22 15:23:35 localhost kernel: [278214.235739] Node 0 DMA32 per-cpu:
May 22 15:23:35 localhost kernel: [278214.235741] CPU    0: hi:  186, btch:  31 usd: 178
May 22 15:23:35 localhost kernel: [278214.235743] CPU    1: hi:  186, btch:  31 usd: 185
May 22 15:23:35 localhost kernel: [278214.235744] CPU    2: hi:  186, btch:  31 usd:  90
May 22 15:23:35 localhost kernel: [278214.235745] CPU    3: hi:  186, btch:  31 usd: 180
May 22 15:23:35 localhost kernel: [278214.235746] Node 0 Normal per-cpu:
May 22 15:23:35 localhost kernel: [278214.235749] CPU    0: hi:  186, btch:  31 usd: 120
May 22 15:23:35 localhost kernel: [278214.235750] CPU    1: hi:  186, btch:  31 usd: 161
May 22 15:23:35 localhost kernel: [278214.235751] CPU    2: hi:  186, btch:  31 usd:  16
May 22 15:23:35 localhost kernel: [278214.235752] CPU    3: hi:  186, btch:  31 usd: 113
May 22 15:23:35 localhost kernel: [278214.235756] active_anon:390290 inactive_anon:220903 isolated_anon:0
May 22 15:23:35 localhost kernel: [278214.235756]  active_file:2145076 inactive_file:2160579 isolated_file:0
May 22 15:23:35 localhost kernel: [278214.235756]  unevictable:0 dirty:723 writeback:9569 unstable:0
May 22 15:23:35 localhost kernel: [278214.235756]  free:39113 slab_reclaimable:214788 slab_unreclaimable:46050
May 22 15:23:35 localhost kernel: [278214.235756]  mapped:62987 shmem:15 pagetables:20614 bounce:0
May 22 15:23:35 localhost kernel: [278214.235756]  free_cma:0
May 22 15:23:35 localhost kernel: [278214.235760] Node 0 DMA free:15848kB min:32kB low:40kB high:48kB active_anon:0kB inactive_anon:0kB active_file:0kB inactive_file:0kB unevictable:0kB isolated(anon):0kB isolated(file):0kB present:15972kB managed:15888kB mlocked:0kB dirty:0kB writeback:0kB mapped:0kB shmem:0kB slab_reclaimable:4kB slab_unreclaimable:4kB kernel_stack:0kB pagetables:0kB unstable:0kB bounce:0kB free_cma:0kB writeback_tmp:0kB pages_scanned:0 all_unreclaimable? yes
May 22 15:23:35 localhost kernel: [278214.235765] lowmem_reserve[]: 0 3186 32112 32112
May 22 15:23:35 localhost kernel: [278214.235770] Node 0 DMA32 free:118012kB min:6700kB low:8372kB high:10048kB active_anon:320488kB inactive_anon:419276kB active_file:223864kB inactive_file:316928kB unevictable:0kB isolated(anon):0kB isolated(file):0kB present:3344380kB managed:3264624kB mlocked:0kB dirty:52kB writeback:44kB mapped:9520kB shmem:20kB slab_reclaimable:381516kB slab_unreclaimable:19356kB kernel_stack:688kB pagetables:3852kB unstable:0kB bounce:0kB free_cma:0kB writeback_tmp:0kB pages_scanned:0 all_unreclaimable? no
May 22 15:23:35 localhost kernel: [278214.235776] lowmem_reserve[]: 0 0 28926 28926
May 22 15:23:35 localhost kernel: [278214.235781] Node 0 Normal free:22592kB min:60848kB low:76060kB high:91272kB active_anon:1240672kB inactive_anon:464336kB active_file:8356440kB inactive_file:8325388kB unevictable:0kB isolated(anon):0kB isolated(file):0kB present:30146560kB managed:29620888kB mlocked:0kB dirty:2840kB writeback:38232kB mapped:242428kB shmem:40kB slab_reclaimable:477632kB slab_unreclaimable:164840kB kernel_stack:3872kB pagetables:78604kB unstable:0kB bounce:0kB free_cma:0kB writeback_tmp:0kB pages_scanned:0 all_unreclaimable? no
May 22 15:23:35 localhost kernel: [278214.235786] lowmem_reserve[]: 0 0 0 0
May 22 15:23:35 localhost kernel: [278214.235791] Node 0 DMA: 2*4kB  ffffffff817aed00 0000000000000001
May 22 15:23:35 localhost kernel: [278214.235796]  0000000000000020 ffff880109d27918 ffffffff8117b6e6
May 22 15:23:35 localhost kernel: [278214.235798] (UE) 2*8kB (UE) 3*16kB (UE) 1*32kB (E) 2*64kB (UE) 2*128kB (UE) 2*256kB (UE) 1*512kB (E) 2*1024kB (UE) 2*2048kB (ER) 2*4096kB (M) = 15848kB
May 22 15:23:35 localhost kernel: [278214.235815] Node 0 DMA32: 950*4kB  ffff88082ffdde38
May 22 15:23:35 localhost kernel: [278214.235819]  0000003fffffffc0 0000000000000000 0000000000000010 ffffffff00000000
May 22 15:23:35 localhost kernel: [278214.235822] (UEM) 739*8kB (UEM) 533*16kB (UEM) 58*32kB (EM) 306*64kB (UEM) 337*128kB (UEM) 25*256kB (UE) 0*512kB 0*1024kB 14*2048kB (M) 0*4096kB = 117888kB
May 22 15:23:35 localhost kernel: [278214.235837] Node 0 Normal: 5586*4kB (M) 0*8kB 0*16kB 0*32kB 0*64kB 0*128kB 0*256kB 0*512kB 0*1024kB 0*2048kB 0*4096kB = 22344kB
May 22 15:23:35 localhost kernel: [278214.235850] Node 0 hugepages_total=5120 hugepages_free=4854 hugepages_surp=0 hugepages_size=2048kB
May 22 15:23:35 localhost kernel: [278214.235851] 4307488 total pagecache pages
May 22 15:23:35 localhost kernel: [278214.235852] 1622 pages in swap cache
May 22 15:23:35 localhost kernel: [278214.235854] Swap cache stats: add 232895, delete 231273, find 1006529/1015155
May 22 15:23:35 localhost kernel: [278214.235855] Free swap  = 62364140kB
May 22 15:23:35 localhost kernel: [278214.235856] Total swap = 62498812kB
May 22 15:23:35 localhost kernel: [278214.235857] 8376728 pages RAM
May 22 15:23:35 localhost kernel: [278214.235858] 0 pages HighMem/MovableOnly
May 22 15:23:35 localhost kernel: [278214.235859] 151378 pages reserved
May 22 15:23:35 localhost kernel: [278214.235860] 0 pages cma reserved
May 22 15:23:35 localhost kernel: [278214.235861] 0 pages hwpoisoned
May 22 15:23:35 localhost kernel: [278214.235862] 
May 22 15:23:35 localhost kernel: [278214.235864] Call Trace:
May 22 15:23:35 localhost kernel: [278214.235868]  [<ffffffff817aed00>] dump_stack+0x45/0x57
May 22 15:23:35 localhost kernel: [278214.235872]  [<ffffffff8117b6e6>] warn_alloc_failed+0xd6/0x130
May 22 15:23:35 localhost kernel: [278214.235876]  [<ffffffff8117f182>] __alloc_pages_nodemask+0x7a2/0xa60
May 22 15:23:35 localhost kernel: [278214.235880]  [<ffffffff8169c8ba>] ? __build_skb+0x2a/0x1b0
May 22 15:23:35 localhost kernel: [278214.235884]  [<ffffffff81697db4>] __alloc_page_frag+0x114/0x130
May 22 15:23:35 localhost kernel: [278214.235887]  [<ffffffff81697dff>] __netdev_alloc_frag+0x2f/0x50
May 22 15:23:35 localhost kernel: [278214.235889]  [<ffffffff8169cb92>] __alloc_rx_skb+0xa2/0xb0
May 22 15:23:35 localhost kernel: [278214.235892]  [<ffffffff8169cbbf>] __netdev_alloc_skb+0x1f/0x40
May 22 15:23:35 localhost kernel: [278214.235898]  [<ffffffffc0496fcb>] ixgbe_alloc_rx_buffers+0xbb/0x230 [ixgbe]
May 22 15:23:35 localhost kernel: [278214.235904]  [<ffffffffc0499ae6>] ixgbe_configure_rx_ring+0x2f6/0x5a0 [ixgbe]
May 22 15:23:35 localhost kernel: [278214.235910]  [<ffffffffc049adb3>] notify_function_ptr+0x243/0x3c0 [ixgbe]
May 22 15:23:35 localhost kernel: [278214.235914]  [<ffffffffc05761e8>] pfring_release_zc_dev+0xb8/0x1c0 [pf_ring]
May 22 15:23:35 localhost kernel: [278214.235918]  [<ffffffffc0583641>] ring_release+0x491/0x760 [pf_ring]
May 22 15:23:35 localhost kernel: [278214.235922]  [<ffffffff8168dc6f>] sock_release+0x1f/0x90
May 22 15:23:35 localhost kernel: [278214.235925]  [<ffffffff8168dcf2>] sock_close+0x12/0x20
May 22 15:23:35 localhost kernel: [278214.235929]  [<ffffffff811eddf7>] __fput+0xe7/0x220
May 22 15:23:35 localhost kernel: [278214.235932]  [<ffffffff811edf7e>] ____fput+0xe/0x10
May 22 15:23:35 localhost kernel: [278214.235935]  [<ffffffff81091de4>] task_work_run+0xd4/0xf0
May 22 15:23:35 localhost kernel: [278214.235938]  [<ffffffff81077390>] do_exit+0x2c0/0xb00
May 22 15:23:35 localhost kernel: [278214.235941]  [<ffffffff810a70cd>] ? set_next_entity+0x9d/0xb0
May 22 15:23:35 localhost kernel: [278214.235943]  [<ffffffff81080dcf>] ? recalc_sigpending+0x1f/0x60
May 22 15:23:35 localhost kernel: [278214.235946]  [<ffffffff81077c5f>] do_group_exit+0x3f/0xa0
May 22 15:23:35 localhost kernel: [278214.235948]  [<ffffffff81083b40>] get_signal+0x1e0/0x710
May 22 15:23:35 localhost kernel: [278214.235952]  [<ffffffff81014e70>] do_signal+0x20/0x120
May 22 15:23:35 localhost kernel: [278214.235956]  [<ffffffff810af68b>] ? pick_next_task_fair+0x61b/0x880
May 22 15:23:35 localhost kernel: [278214.235959]  [<ffffffff810de2ab>] ? hrtimer_nanosleep+0xbb/0x180
May 22 15:23:35 localhost kernel: [278214.235962]  [<ffffffff810dd1a0>] ? hrtimer_get_res+0x50/0x50
May 22 15:23:35 localhost kernel: [278214.235964]  [<ffffffff817b54f1>] ? do_nanosleep+0x71/0x130
May 22 15:23:35 localhost kernel: [278214.235968]  [<ffffffff81014fd9>] do_notify_resume+0x69/0xb0
May 22 15:23:35 localhost kernel: [278214.235971]  [<ffffffff817b692f>] int_signal+0x12/0x17
May 22 15:23:35 localhost kernel: [278214.235972] Mem-Info:
May 22 15:23:35 localhost kernel: [278214.235975] CPU: 1 PID: 6857 Comm: ipmtube Tainted: G           OE  3.19.0-25-generic #26~14.04.1-Ubuntu
May 22 15:23:35 localhost kernel: [278214.235976] Hardware name: To be filled by O.E.M. To be filled by O.E.M./P8B-C Series, BIOS 6702 07/23/2013
May 22 15:23:35 localhost kernel: [278214.235978]  0000000000000000 ffff880109e33a38
May 22 15:23:35 localhost kernel: [278214.235980] Node 0 DMA per-cpu:
May 22 15:23:35 localhost kernel: [278214.235984] CPU    0: hi:    0, btch:   1 usd:   0
May 22 15:23:35 localhost kernel: [278214.235985] CPU    1: hi:    0, btch:   1 usd:   0
May 22 15:23:35 localhost kernel: [278214.235986] CPU    2: hi:    0, btch:   1 usd:   0
May 22 15:23:35 localhost kernel: [278214.235988] CPU    3: hi:    0, btch:   1 usd:   0
May 22 15:23:35 localhost kernel: [278214.235989] Node 0 DMA32 per-cpu:
May 22 15:23:35 localhost kernel: [278214.235991] CPU    0: hi:  186, btch:  31 usd: 178
May 22 15:23:35 localhost kernel: [278214.235993] CPU    1: hi:  186, btch:  31 usd: 185
May 22 15:23:35 localhost kernel: [278214.235994] CPU    2: hi:  186, btch:  31 usd:  90
May 22 15:23:35 localhost kernel: [278214.235995] CPU    3: hi:  186, btch:  31 usd: 180
May 22 15:23:35 localhost kernel: [278214.235996] Node 0 Normal per-cpu:
May 22 15:23:35 localhost kernel: [278214.235998] CPU    0: hi:  186, btch:  31 usd: 120
May 22 15:23:35 localhost kernel: [278214.236000] CPU    1: hi:  186, btch:  31 usd: 161
May 22 15:23:35 localhost kernel: [278214.236001] CPU    2: hi:  186, btch:  31 usd:  16
May 22 15:23:35 localhost kernel: [278214.236002] CPU    3: hi:  186, btch:  31 usd: 113
May 22 15:23:35 localhost kernel: [278214.236006] active_anon:390290 inactive_anon:220903 isolated_anon:0
May 22 15:23:35 localhost kernel: [278214.236006]  active_file:2145076 inactive_file:2160579 isolated_file:0
May 22 15:23:35 localhost kernel: [278214.236006]  unevictable:0 dirty:723 writeback:9569 unstable:0
May 22 15:23:35 localhost kernel: [278214.236006]  free:39113 slab_reclaimable:214788 slab_unreclaimable:46050
May 22 15:23:35 localhost kernel: [278214.236006]  mapped:62987 shmem:15 pagetables:20614 bounce:0
May 22 15:23:35 localhost kernel: [278214.236006]  free_cma:0
May 22 15:23:35 localhost kernel: [278214.236010] Node 0 DMA free:15848kB min:32kB low:40kB high:48kB active_anon:0kB inactive_anon:0kB active_file:0kB inactive_file:0kB unevictable:0kB isolated(anon):0kB isolated(file):0kB present:15972kB managed:15888kB mlocked:0kB dirty:0kB writeback:0kB mapped:0kB shmem:0kB slab_reclaimable:4kB slab_unreclaimable:4kB kernel_stack:0kB pagetables:0kB unstable:0kB bounce:0kB free_cma:0kB writeback_tmp:0kB pages_scanned:0 all_unreclaimable? yes
May 22 15:23:35 localhost kernel: [278214.236015] lowmem_reserve[]: 0 3186 32112 32112
May 22 15:23:35 localhost kernel: [278214.236020] Node 0 DMA32 free:118012kB min:6700kB low:8372kB high:10048kB active_anon:320488kB inactive_anon:419276kB active_file:223864kB inactive_file:316928kB unevictable:0kB isolated(anon):0kB isolated(file):0kB present:3344380kB managed:3264624kB mlocked:0kB dirty:52kB writeback:44kB mapped:9520kB shmem:20kB slab_reclaimable:381516kB slab_unreclaimable:19356kB kernel_stack:688kB pagetables:3852kB unstable:0kB bounce:0kB free_cma:0kB writeback_tmp:0kB pages_scanned:0 all_unreclaimable? no
May 22 15:23:35 localhost kernel: [278214.236026] lowmem_reserve[]: 0 0 28926 28926
May 22 15:23:35 localhost kernel: [278214.236031] Node 0 Normal free:22592kB min:60848kB low:76060kB high:91272kB active_anon:1240672kB inactive_anon:464336kB active_file:8356440kB inactive_file:8325388kB unevictable:0kB isolated(anon):0kB isolated(file):0kB present:30146560kB managed:29620888kB mlocked:0kB dirty:2840kB writeback:38232kB mapped:242428kB shmem:40kB slab_reclaimable:477632kB slab_unreclaimable:164840kB kernel_stack:3872kB pagetables:78604kB unstable:0kB bounce:0kB free_cma:0kB writeback_tmp:0kB pages_scanned:0 all_unreclaimable? no
May 22 15:23:35 localhost kernel: [278214.236037] lowmem_reserve[]: 0 0 0 0
May 22 15:23:35 localhost kernel: [278214.236041] Node 0 DMA: 2*4kB  ffffffff817aed00 000000008a8e8a8e
May 22 15:23:35 localhost kernel: [278214.236047]  0000000000000020 ffff880109e33ac8 ffffffff8117b6e6
May 22 15:23:35 localhost kernel: [278214.236049] (UE) 2*8kB (UE) 3*16kB (UE) 1*32kB (E) 2*64kB (UE) 2*128kB (UE) 2*256kB (UE) 1*512kB (E) 2*1024kB (UE) 2*2048kB (ER) 2*4096kB (M) = 15848kB
May 22 15:23:35 localhost kernel: [278214.236067] Node 0 DMA32: 950*4kB  ffff88082ffdde38
May 22 15:23:35 localhost kernel: [278214.236070]  0000003fffffffc0 0000000000000000 0000000000000010 ffffffff00000000
May 22 15:23:35 localhost kernel: [278214.236074] (UEM) 739*8kB (UEM) 533*16kB (UEM) 58*32kB (EM) 306*64kB (UEM) 337*128kB (UEM) 25*256kB (UE) 0*512kB 0*1024kB 14*2048kB (M) 0*4096kB = 117888kB
May 22 15:23:35 localhost kernel: [278214.236089] Node 0 Normal: 5586*4kB (M) 0*8kB 0*16kB 0*32kB 0*64kB 0*128kB 0*256kB 0*512kB 0*1024kB 0*2048kB 0*4096kB = 22344kB
May 22 15:23:35 localhost kernel: [278214.236102] Node 0 hugepages_total=5120 hugepages_free=4854 hugepages_surp=0 hugepages_size=2048kB
May 22 15:23:35 localhost kernel: [278214.236103] 4307488 total pagecache pages
May 22 15:23:35 localhost kernel: [278214.236104] 1622 pages in swap cache
May 22 15:23:35 localhost kernel: [278214.236106] Swap cache stats: add 232895, delete 231273, find 1006529/1015155
May 22 15:23:35 localhost kernel: [278214.236107] Free swap  = 62364140kB
May 22 15:23:35 localhost kernel: [278214.236108] Total swap = 62498812kB
May 22 15:23:35 localhost kernel: [278214.236109] 8376728 pages RAM
May 22 15:23:35 localhost kernel: [278214.236110] 0 pages HighMem/MovableOnly
May 22 15:23:35 localhost kernel: [278214.236111] 151378 pages reserved
May 22 15:23:35 localhost kernel: [278214.236112] 0 pages cma reserved
May 22 15:23:35 localhost kernel: [278214.236113] 0 pages hwpoisoned
May 22 15:23:35 localhost kernel: [278214.236115] 
May 22 15:23:35 localhost kernel: [278214.236116] Call Trace:
May 22 15:23:35 localhost kernel: [278214.236121]  [<ffffffff817aed00>] dump_stack+0x45/0x57
May 22 15:23:35 localhost kernel: [278214.236125]  [<ffffffff8117b6e6>] warn_alloc_failed+0xd6/0x130
May 22 15:23:35 localhost kernel: [278214.236128]  [<ffffffff8117f182>] __alloc_pages_nodemask+0x7a2/0xa60
May 22 15:23:35 localhost kernel: [278214.236132]  [<ffffffff8169c8ba>] ? __build_skb+0x2a/0x1b0
May 22 15:23:35 localhost kernel: [278214.236136]  [<ffffffff81697db4>] __alloc_page_frag+0x114/0x130
May 22 15:23:35 localhost kernel: [278214.236139]  [<ffffffff81697dff>] __netdev_alloc_frag+0x2f/0x50
May 22 15:23:35 localhost kernel: [278214.236142]  [<ffffffff8169cb92>] __alloc_rx_skb+0xa2/0xb0
May 22 15:23:35 localhost kernel: [278214.236144]  [<ffffffff8169cbbf>] __netdev_alloc_skb+0x1f/0x40
May 22 15:23:35 localhost kernel: [278214.236151]  [<ffffffffc0496fcb>] ixgbe_alloc_rx_buffers+0xbb/0x230 [ixgbe]
May 22 15:23:35 localhost kernel: [278214.236157]  [<ffffffffc0499ae6>] ixgbe_configure_rx_ring+0x2f6/0x5a0 [ixgbe]
May 22 15:23:35 localhost kernel: [278214.236163]  [<ffffffffc049adb3>] notify_function_ptr+0x243/0x3c0 [ixgbe]
May 22 15:23:35 localhost kernel: [278214.236166]  [<ffffffffc05761e8>] pfring_release_zc_dev+0xb8/0x1c0 [pf_ring]
May 22 15:23:35 localhost kernel: [278214.236171]  [<ffffffffc0583641>] ring_release+0x491/0x760 [pf_ring]
May 22 15:23:35 localhost kernel: [278214.236175]  [<ffffffff8168dc6f>] sock_release+0x1f/0x90
May 22 15:23:35 localhost kernel: [278214.236178]  [<ffffffff8168dcf2>] sock_close+0x12/0x20
May 22 15:23:35 localhost kernel: [278214.236181]  [<ffffffff811eddf7>] __fput+0xe7/0x220
May 22 15:23:35 localhost kernel: [278214.236184]  [<ffffffff811edf7e>] ____fput+0xe/0x10
May 22 15:23:35 localhost kernel: [278214.236187]  [<ffffffff81091de4>] task_work_run+0xd4/0xf0
May 22 15:23:35 localhost kernel: [278214.236190]  [<ffffffff81077390>] do_exit+0x2c0/0xb00
May 22 15:23:35 localhost kernel: [278214.236193]  [<ffffffff8108157e>] ? signal_wake_up_state+0x2e/0x40
May 22 15:23:35 localhost kernel: [278214.236195]  [<ffffffff81082962>] ? zap_other_threads+0x82/0xa0
May 22 15:23:35 localhost kernel: [278214.236198]  [<ffffffff81077c5f>] do_group_exit+0x3f/0xa0
May 22 15:23:35 localhost kernel: [278214.236200]  [<ffffffff81077cd4>] SyS_exit_group+0x14/0x20
May 22 15:23:35 localhost kernel: [278214.236204]  [<ffffffff817b668d>] system_call_fastpath+0x16/0x1b
May 22 15:23:35 localhost kernel: [278214.236205] Mem-Info:
May 22 15:23:35 localhost kernel: [278214.236207] CPU: 0 PID: 6851 Comm: ipmtube Tainted: G           OE  3.19.0-25-generic #26~14.04.1-Ubuntu
May 22 15:23:35 localhost kernel: [278214.236208] Hardware name: To be filled by O.E.M. To be filled by O.E.M./P8B-C Series, BIOS 6702 07/23/2013
May 22 15:23:35 localhost kernel: [278214.236209]  0000000000000000 ffff88082fc03aa8 ffffffff817aed00 000000008ce68ce6
May 22 15:23:35 localhost kernel: [278214.236213] Node 0 DMA per-cpu:
May 22 15:23:35 localhost kernel: [278214.236216] CPU    0: hi:    0, btch:   1 usd:   0
May 22 15:23:35 localhost kernel: [278214.236218] CPU    1: hi:    0, btch:   1 usd:   0
May 22 15:23:35 localhost kernel: [278214.236219] CPU    2: hi:    0, btch:   1 usd:   0
May 22 15:23:35 localhost kernel: [278214.236220] CPU    3: hi:    0, btch:   1 usd:   0
May 22 15:23:35 localhost kernel: [278214.236222] Node 0 DMA32 per-cpu:
May 22 15:23:35 localhost kernel: [278214.236224] CPU    0: hi:  186, btch:  31 usd: 178
May 22 15:23:35 localhost kernel: [278214.236225] CPU    1: hi:  186, btch:  31 usd: 185
May 22 15:23:35 localhost kernel: [278214.236227] CPU    2: hi:  186, btch:  31 usd:  90
May 22 15:23:35 localhost kernel: [278214.236228] CPU    3: hi:  186, btch:  31 usd: 180
May 22 15:23:35 localhost kernel: [278214.236229] Node 0 Normal per-cpu:
May 22 15:23:35 localhost kernel: [278214.236232] CPU    0: hi:  186, btch:  31 usd: 120
May 22 15:23:35 localhost kernel: [278214.236233] CPU    1: hi:  186, btch:  31 usd: 161
May 22 15:23:35 localhost kernel: [278214.236234] CPU    2: hi:  186, btch:  31 usd:  16
May 22 15:23:35 localhost kernel: [278214.236236] CPU    3: hi:  186, btch:  31 usd: 113
May 22 15:23:35 localhost kernel: [278214.236239] active_anon:390290 inactive_anon:220903 isolated_anon:0
May 22 15:23:35 localhost kernel: [278214.236239]  active_file:2145076 inactive_file:2160579 isolated_file:0
May 22 15:23:35 localhost kernel: [278214.236239]  unevictable:0 dirty:723 writeback:9569 unstable:0
May 22 15:23:35 localhost kernel: [278214.236239]  free:39113 slab_reclaimable:214788 slab_unreclaimable:46050
May 22 15:23:35 localhost kernel: [278214.236239]  mapped:62987 shmem:15 pagetables:20614 bounce:0
May 22 15:23:35 localhost kernel: [278214.236239]  free_cma:0
May 22 15:23:35 localhost kernel: [278214.236243] Node 0 DMA free:15848kB min:32kB low:40kB high:48kB active_anon:0kB inactive_anon:0kB active_file:0kB inactive_file:0kB unevictable:0kB isolated(anon):0kB isolated(file):0kB present:15972kB managed:15888kB mlocked:0kB dirty:0kB writeback:0kB mapped:0kB shmem:0kB slab_reclaimable:4kB slab_unreclaimable:4kB kernel_stack:0kB pagetables:0kB unstable:0kB bounce:0kB free_cma:0kB writeback_tmp:0kB pages_scanned:0 all_unreclaimable? yes
May 22 15:23:35 localhost kernel: [278214.236248] lowmem_reserve[]: 0 3186 32112 32112
May 22 15:23:35 localhost kernel: [278214.236254] Node 0 DMA32 free:118012kB min:6700kB low:8372kB high:10048kB active_anon:320488kB inactive_anon:419276kB active_file:223864kB inactive_file:316928kB unevictable:0kB isolated(anon):0kB isolated(file):0kB present:3344380kB managed:3264624kB mlocked:0kB dirty:52kB writeback:44kB mapped:9520kB shmem:20kB slab_reclaimable:381516kB slab_unreclaimable:19356kB kernel_stack:688kB pagetables:3852kB unstable:0kB bounce:0kB free_cma:0kB writeback_tmp:0kB pages_scanned:0 all_unreclaimable? no
May 22 15:23:35 localhost kernel: [278214.236259] lowmem_reserve[]: 0 0 28926 28926
May 22 15:23:35 localhost kernel: [278214.236264] Node 0 Normal free:22592kB min:60848kB low:76060kB high:91272kB active_anon:1240672kB inactive_anon:464336kB active_file:8356440kB inactive_file:8325388kB unevictable:0kB isolated(anon):0kB isolated(file):0kB present:30146560kB managed:29620888kB mlocked:0kB dirty:2840kB writeback:38232kB mapped:242428kB shmem:40kB slab_reclaimable:477632kB slab_unreclaimable:164840kB kernel_stack:3872kB pagetables:78604kB unstable:0kB bounce:0kB free_cma:0kB writeback_tmp:0kB pages_scanned:0 all_unreclaimable? no
May 22 15:23:35 localhost kernel: [278214.236270] lowmem_reserve[]: 0 0 0 0
May 22 15:23:35 localhost kernel: [278214.236275] Node 0 DMA: 2*4kB 
May 22 15:23:35 localhost kernel: [278214.236278]  0000000000000020 ffff88082fc03b38 ffffffff8117b6e6 ffff88082ffdde38
May 22 15:23:35 localhost kernel: [278214.236282] (UE) 2*8kB (UE) 3*16kB (UE) 1*32kB (E) 2*64kB (UE) 2*128kB (UE) 2*256kB (UE) 1*512kB (E) 2*1024kB (UE) 2*2048kB (ER) 2*4096kB (M) = 15848kB
May 22 15:23:35 localhost kernel: [278214.236300] Node 0 DMA32: 950*4kB 
May 22 15:23:35 localhost kernel: [278214.236303]  0000003fffffffc0 0000000000000000 ffff88080f001700 ffffffff00000000
May 22 15:23:35 localhost kernel: [278214.236306] (UEM) 739*8kB (UEM) 533*16kB (UEM) 58*32kB (EM) 306*64kB (UEM) 337*128kB (UEM) 25*256kB (UE) 0*512kB 0*1024kB 14*2048kB (M) 0*4096kB = 117888kB
May 22 15:23:35 localhost kernel: [278214.236322] Node 0 Normal: 5586*4kB (M) 0*8kB 0*16kB 0*32kB 0*64kB 0*128kB 0*256kB 0*512kB 0*1024kB 0*2048kB 0*4096kB = 22344kB
May 22 15:23:35 localhost kernel: [278214.236335] Node 0 hugepages_total=5120 hugepages_free=4854 hugepages_surp=0 hugepages_size=2048kB
May 22 15:23:35 localhost kernel: [278214.236336] 4307488 total pagecache pages
May 22 15:23:35 localhost kernel: [278214.236337] 1622 pages in swap cache
May 22 15:23:35 localhost kernel: [278214.236339] Swap cache stats: add 232895, delete 231273, find 1006529/1015155
May 22 15:23:35 localhost kernel: [278214.236340] Free swap  = 62364140kB
May 22 15:23:35 localhost kernel: [278214.236341] Total swap = 62498812kB
May 22 15:23:35 localhost kernel: [278214.236342] 8376728 pages RAM
May 22 15:23:35 localhost kernel: [278214.236344] 0 pages HighMem/MovableOnly
May 22 15:23:35 localhost kernel: [278214.236345] 151378 pages reserved
May 22 15:23:35 localhost kernel: [278214.236346] 0 pages cma reserved
May 22 15:23:35 localhost kernel: [278214.236347] 0 pages hwpoisoned
May 22 15:23:35 localhost kernel: [278214.236348] 
May 22 15:23:35 localhost kernel: [278214.236349] Call Trace:
May 22 15:23:35 localhost kernel: [278214.236350]  <IRQ>  [<ffffffff817aed00>] dump_stack+0x45/0x57
May 22 15:23:35 localhost kernel: [278214.236357]  [<ffffffff8117b6e6>] warn_alloc_failed+0xd6/0x130
May 22 15:23:35 localhost kernel: [278214.236361]  [<ffffffff8117f182>] __alloc_pages_nodemask+0x7a2/0xa60
May 22 15:23:35 localhost kernel: [278214.236364]  [<ffffffff816986a3>] ? skb_free_head+0x63/0x80
May 22 15:23:35 localhost kernel: [278214.236368]  [<ffffffff81697db4>] __alloc_page_frag+0x114/0x130
May 22 15:23:35 localhost kernel: [278214.236371]  [<ffffffff81697dff>] __netdev_alloc_frag+0x2f/0x50
May 22 15:23:35 localhost kernel: [278214.236373]  [<ffffffff8169cb92>] __alloc_rx_skb+0xa2/0xb0
May 22 15:23:35 localhost kernel: [278214.236375]  [<ffffffff8169cbbf>] __netdev_alloc_skb+0x1f/0x40
May 22 15:23:35 localhost kernel: [278214.236394]  [<ffffffffc0222a7f>] e1000_alloc_rx_buffers+0x1df/0x250 [e1000e]
May 22 15:23:35 localhost kernel: [278214.236403]  [<ffffffffc0220030>] e1000_clean_rx_irq+0x290/0x440 [e1000e]
May 22 15:23:35 localhost kernel: [278214.236411]  [<ffffffffc02272c4>] e1000e_poll+0x94/0x2d0 [e1000e]
May 22 15:23:35 localhost kernel: [278214.236416]  [<ffffffff816aa7a9>] net_rx_action+0x159/0x340
May 22 15:23:35 localhost kernel: [278214.236419]  [<ffffffff81078ee4>] __do_softirq+0xe4/0x270
May 22 15:23:35 localhost kernel: [278214.236422]  [<ffffffff810792ad>] irq_exit+0x9d/0xb0
May 22 15:23:35 localhost kernel: [278214.236425]  [<ffffffff817b962a>] do_IRQ+0x5a/0xf0
May 22 15:23:35 localhost kernel: [278214.236429]  [<ffffffff817b742d>] common_interrupt+0x6d/0x6d
May 22 15:23:35 localhost kernel: [278214.236430]  <EOI>  [<ffffffff81697e07>] ? __netdev_alloc_frag+0x37/0x50
May 22 15:23:35 localhost kernel: [278214.236435]  [<ffffffff8169cb92>] __alloc_rx_skb+0xa2/0xb0
May 22 15:23:35 localhost kernel: [278214.236437]  [<ffffffff8169cbbf>] __netdev_alloc_skb+0x1f/0x40
May 22 15:23:35 localhost kernel: [278214.236443]  [<ffffffffc0496fcb>] ixgbe_alloc_rx_buffers+0xbb/0x230 [ixgbe]
May 22 15:23:35 localhost kernel: [278214.236448]  [<ffffffffc0499ae6>] ixgbe_configure_rx_ring+0x2f6/0x5a0 [ixgbe]
May 22 15:23:35 localhost kernel: [278214.236455]  [<ffffffffc049adb3>] notify_function_ptr+0x243/0x3c0 [ixgbe]
May 22 15:23:35 localhost kernel: [278214.236458]  [<ffffffffc05761e8>] pfring_release_zc_dev+0xb8/0x1c0 [pf_ring]
May 22 15:23:35 localhost kernel: [278214.236462]  [<ffffffffc0583641>] ring_release+0x491/0x760 [pf_ring]
May 22 15:23:35 localhost kernel: [278214.236466]  [<ffffffff8168dc6f>] sock_release+0x1f/0x90
May 22 15:23:35 localhost kernel: [278214.236469]  [<ffffffff8168dcf2>] sock_close+0x12/0x20
May 22 15:23:35 localhost kernel: [278214.236472]  [<ffffffff811eddf7>] __fput+0xe7/0x220
May 22 15:23:35 localhost kernel: [278214.236475]  [<ffffffff811edf7e>] ____fput+0xe/0x10
May 22 15:23:35 localhost kernel: [278214.236478]  [<ffffffff81091de4>] task_work_run+0xd4/0xf0
May 22 15:23:35 localhost kernel: [278214.236481]  [<ffffffff81077390>] do_exit+0x2c0/0xb00
May 22 15:23:35 localhost kernel: [278214.236484]  [<ffffffff810a70cd>] ? set_next_entity+0x9d/0xb0
May 22 15:23:35 localhost kernel: [278214.236486]  [<ffffffff81080dcf>] ? recalc_sigpending+0x1f/0x60
May 22 15:23:35 localhost kernel: [278214.236488]  [<ffffffff81077c5f>] do_group_exit+0x3f/0xa0
May 22 15:23:35 localhost kernel: [278214.236491]  [<ffffffff81083b40>] get_signal+0x1e0/0x710
May 22 15:23:35 localhost kernel: [278214.236495]  [<ffffffff81014e70>] do_signal+0x20/0x120
May 22 15:23:35 localhost kernel: [278214.236498]  [<ffffffff810de2ab>] ? hrtimer_nanosleep+0xbb/0x180
May 22 15:23:35 localhost kernel: [278214.236500]  [<ffffffff810dd1a0>] ? hrtimer_get_res+0x50/0x50
May 22 15:23:35 localhost kernel: [278214.236503]  [<ffffffff817b54f1>] ? do_nanosleep+0x71/0x130
May 22 15:23:35 localhost kernel: [278214.236506]  [<ffffffff81014fd9>] do_notify_resume+0x69/0xb0
May 22 15:23:35 localhost kernel: [278214.236509]  [<ffffffff817b692f>] int_signal+0x12/0x17
May 22 15:23:35 localhost kernel: [278214.236511] Mem-Info:
May 22 15:23:35 localhost kernel: [278214.236512] Node 0 DMA per-cpu:
May 22 15:23:35 localhost kernel: [278214.236514] CPU    0: hi:    0, btch:   1 usd:   0
May 22 15:23:35 localhost kernel: [278214.236515] CPU    1: hi:    0, btch:   1 usd:   0
May 22 15:23:35 localhost kernel: [278214.236516] CPU    2: hi:    0, btch:   1 usd:   0
May 22 15:23:35 localhost kernel: [278214.236517] CPU    3: hi:    0, btch:   1 usd:   0
May 22 15:23:35 localhost kernel: [278214.236518] Node 0 DMA32 per-cpu:
May 22 15:23:35 localhost kernel: [278214.236520] CPU    0: hi:  186, btch:  31 usd: 178
May 22 15:23:35 localhost kernel: [278214.236521] CPU    1: hi:  186, btch:  31 usd: 185
May 22 15:23:35 localhost kernel: [278214.236523] CPU    2: hi:  186, btch:  31 usd:  90
May 22 15:23:35 localhost kernel: [278214.236524] CPU    3: hi:  186, btch:  31 usd: 180
May 22 15:23:35 localhost kernel: [278214.236525] Node 0 Normal per-cpu:
May 22 15:23:35 localhost kernel: [278214.236526] CPU    0: hi:  186, btch:  31 usd: 120
May 22 15:23:35 localhost kernel: [278214.236528] CPU    1: hi:  186, btch:  31 usd: 161
May 22 15:23:35 localhost kernel: [278214.236529] CPU    2: hi:  186, btch:  31 usd: 145
May 22 15:23:35 localhost kernel: [278214.236530] CPU    3: hi:  186, btch:  31 usd: 113
May 22 15:23:35 localhost kernel: [278214.236534] active_anon:390290 inactive_anon:220903 isolated_anon:0
May 22 15:23:35 localhost kernel: [278214.236534]  active_file:2144949 inactive_file:2160579 isolated_file:0
May 22 15:23:35 localhost kernel: [278214.236534]  unevictable:0 dirty:723 writeback:9569 unstable:0
May 22 15:23:35 localhost kernel: [278214.236534]  free:39113 slab_reclaimable:214788 slab_unreclaimable:46050
May 22 15:23:35 localhost kernel: [278214.236534]  mapped:62987 shmem:15 pagetables:20614 bounce:0
May 22 15:23:35 localhost kernel: [278214.236534]  free_cma:0
May 22 15:23:35 localhost kernel: [278214.236537] Node 0 DMA free:15848kB min:32kB low:40kB high:48kB active_anon:0kB inactive_anon:0kB active_file:0kB inactive_file:0kB unevictable:0kB isolated(anon):0kB isolated(file):0kB present:15972kB managed:15888kB mlocked:0kB dirty:0kB writeback:0kB mapped:0kB shmem:0kB slab_reclaimable:4kB slab_unreclaimable:4kB kernel_stack:0kB pagetables:0kB unstable:0kB bounce:0kB free_cma:0kB writeback_tmp:0kB pages_scanned:0 all_unreclaimable? yes
May 22 15:23:35 localhost kernel: [278214.236541] lowmem_reserve[]: 0 3186 32112 32112
May 22 15:23:35 localhost kernel: [278214.236544] Node 0 DMA32 free:118012kB min:6700kB low:8372kB high:10048kB active_anon:320488kB inactive_anon:419276kB active_file:223864kB inactive_file:316928kB unevictable:0kB isolated(anon):0kB isolated(file):0kB present:3344380kB managed:3264624kB mlocked:0kB dirty:52kB writeback:44kB mapped:9520kB shmem:20kB slab_reclaimable:381516kB slab_unreclaimable:19356kB kernel_stack:688kB pagetables:3852kB unstable:0kB bounce:0kB free_cma:0kB writeback_tmp:0kB pages_scanned:0 all_unreclaimable? no
May 22 15:23:35 localhost kernel: [278214.236549] lowmem_reserve[]: 0 0 28926 28926
May 22 15:23:35 localhost kernel: [278214.236551] Node 0 Normal free:22592kB min:60848kB low:76060kB high:91272kB active_anon:1240672kB inactive_anon:464336kB active_file:8355932kB inactive_file:8325388kB unevictable:0kB isolated(anon):0kB isolated(file):0kB present:30146560kB managed:29620888kB mlocked:0kB dirty:2840kB writeback:38232kB mapped:242428kB shmem:40kB slab_reclaimable:477632kB slab_unreclaimable:164840kB kernel_stack:3872kB pagetables:78604kB unstable:0kB bounce:0kB free_cma:0kB writeback_tmp:0kB pages_scanned:1136 all_unreclaimable? no
May 22 15:23:35 localhost kernel: [278214.236556] lowmem_reserve[]: 0 0 0 0
May 22 15:23:35 localhost kernel: [278214.236558] Node 0 DMA: 2*4kB (UE) 2*8kB (UE) 3*16kB (UE) 1*32kB (E) 2*64kB (UE) 2*128kB (UE) 2*256kB (UE) 1*512kB (E) 2*1024kB (UE) 2*2048kB (ER) 2*4096kB (M) = 15848kB
May 22 15:23:35 localhost kernel: [278214.236570] Node 0 DMA32: 950*4kB (UEM) 739*8kB (UEM) 533*16kB (UEM) 58*32kB (EM) 306*64kB (UEM) 337*128kB (UEM) 25*256kB (UE) 0*512kB 0*1024kB 14*2048kB (M) 0*4096kB = 117888kB
May 22 15:23:35 localhost kernel: [278214.236581] Node 0 Normal: 5617*4kB (M) 0*8kB 0*16kB 0*32kB 0*64kB 0*128kB 0*256kB 0*512kB 0*1024kB 0*2048kB 0*4096kB = 22468kB
May 22 15:23:35 localhost kernel: [278214.236589] Node 0 hugepages_total=5120 hugepages_free=4854 hugepages_surp=0 hugepages_size=2048kB
May 22 15:23:35 localhost kernel: [278214.236590] 4307324 total pagecache pages
May 22 15:23:35 localhost kernel: [278214.236591] 1621 pages in swap cache
May 22 15:23:35 localhost kernel: [278214.236593] Swap cache stats: add 232895, delete 231274, find 1006529/1015155
May 22 15:23:35 localhost kernel: [278214.236594] Free swap  = 62364140kB
May 22 15:23:35 localhost kernel: [278214.236595] Total swap = 62498812kB
May 22 15:23:35 localhost kernel: [278214.236596] 8376728 pages RAM
May 22 15:23:35 localhost kernel: [278214.236597] 0 pages HighMem/MovableOnly
May 22 15:23:35 localhost kernel: [278214.236598] 151378 pages reserved
May 22 15:23:35 localhost kernel: [278214.236599] 0 pages cma reserved
May 22 15:23:35 localhost kernel: [278214.236600] 0 pages hwpoisoned
May 22 15:23:35 localhost kernel: [278214.236616] ipmtube: page allocation failure: order:0, mode:0x20
May 22 15:23:35 localhost kernel: [278214.236618] CPU: 0 PID: 6851 Comm: ipmtube Tainted: G           OE  3.19.0-25-generic #26~14.04.1-Ubuntu
May 22 15:23:35 localhost kernel: [278214.236620] Hardware name: To be filled by O.E.M. To be filled by O.E.M./P8B-C Series, BIOS 6702 07/23/2013
May 22 15:23:35 localhost kernel: [278214.236621]  0000000000000000 ffff88082fc03aa8 ffffffff817aed00 0000000000000000
May 22 15:23:35 localhost kernel: [278214.236623]  0000000000000020 ffff88082fc03b38 ffffffff8117b6e6 ffff88082ffdde38
May 22 15:23:35 localhost kernel: [278214.236626]  0000003fffffffc0 0000000000000000 ffff8807fef83400 ffffffff00000000
May 22 15:23:35 localhost kernel: [278214.236628] Call Trace:
May 22 15:23:35 localhost kernel: [278214.236629]  <IRQ>  [<ffffffff817aed00>] dump_stack+0x45/0x57
May 22 15:23:35 localhost kernel: [278214.236635]  [<ffffffff8117b6e6>] warn_alloc_failed+0xd6/0x130
May 22 15:23:35 localhost kernel: [278214.236639]  [<ffffffff8117f182>] __alloc_pages_nodemask+0x7a2/0xa60
May 22 15:23:35 localhost kernel: [278214.236642]  [<ffffffff816986a3>] ? skb_free_head+0x63/0x80
May 22 15:23:35 localhost kernel: [278214.236646]  [<ffffffff81697db4>] __alloc_page_frag+0x114/0x130
May 22 15:23:35 localhost kernel: [278214.236649]  [<ffffffff81697dff>] __netdev_alloc_frag+0x2f/0x50
May 22 15:23:35 localhost kernel: [278214.236651]  [<ffffffff8169cb92>] __alloc_rx_skb+0xa2/0xb0
May 22 15:23:35 localhost kernel: [278214.236654]  [<ffffffff8169cbbf>] __netdev_alloc_skb+0x1f/0x40
May 22 15:23:35 localhost kernel: [278214.236663]  [<ffffffffc0222a7f>] e1000_alloc_rx_buffers+0x1df/0x250 [e1000e]
May 22 15:23:35 localhost kernel: [278214.236670]  [<ffffffffc021e1f6>] ? e1000_receive_skb+0x86/0xf0 [e1000e]
May 22 15:23:35 localhost kernel: [278214.236677]  [<ffffffffc0220030>] e1000_clean_rx_irq+0x290/0x440 [e1000e]
May 22 15:23:35 localhost kernel: [278214.236685]  [<ffffffffc02272c4>] e1000e_poll+0x94/0x2d0 [e1000e]
May 22 15:23:35 localhost kernel: [278214.236689]  [<ffffffff816aa7a9>] net_rx_action+0x159/0x340
May 22 15:23:35 localhost kernel: [278214.236692]  [<ffffffff81078ee4>] __do_softirq+0xe4/0x270
May 22 15:23:35 localhost kernel: [278214.236695]  [<ffffffff810792ad>] irq_exit+0x9d/0xb0
May 22 15:23:35 localhost kernel: [278214.236697]  [<ffffffff817b962a>] do_IRQ+0x5a/0xf0
May 22 15:23:35 localhost kernel: [278214.236700]  [<ffffffff817b742d>] common_interrupt+0x6d/0x6d
May 22 15:23:35 localhost kernel: [278214.236701]  <EOI>  [<ffffffff81697e07>] ? __netdev_alloc_frag+0x37/0x50
May 22 15:23:35 localhost kernel: [278214.236706]  [<ffffffff8169cb92>] __alloc_rx_skb+0xa2/0xb0
May 22 15:23:35 localhost kernel: [278214.236709]  [<ffffffff8169cbbf>] __netdev_alloc_skb+0x1f/0x40
May 22 15:23:35 localhost kernel: [278214.236714]  [<ffffffffc0496fcb>] ixgbe_alloc_rx_buffers+0xbb/0x230 [ixgbe]
May 22 15:23:35 localhost kernel: [278214.236720]  [<ffffffffc0499ae6>] ixgbe_configure_rx_ring+0x2f6/0x5a0 [ixgbe]
May 22 15:23:35 localhost kernel: [278214.236726]  [<ffffffffc049adb3>] notify_function_ptr+0x243/0x3c0 [ixgbe]
May 22 15:23:35 localhost kernel: [278214.236729]  [<ffffffffc05761e8>] pfring_release_zc_dev+0xb8/0x1c0 [pf_ring]
May 22 15:23:35 localhost kernel: [278214.236733]  [<ffffffffc0583641>] ring_release+0x491/0x760 [pf_ring]
May 22 15:23:35 localhost kernel: [278214.236737]  [<ffffffff8168dc6f>] sock_release+0x1f/0x90
May 22 15:23:35 localhost kernel: [278214.236740]  [<ffffffff8168dcf2>] sock_close+0x12/0x20
May 22 15:23:35 localhost kernel: [278214.236743]  [<ffffffff811eddf7>] __fput+0xe7/0x220
May 22 15:23:35 localhost kernel: [278214.236746]  [<ffffffff811edf7e>] ____fput+0xe/0x10
May 22 15:23:35 localhost kernel: [278214.236749]  [<ffffffff81091de4>] task_work_run+0xd4/0xf0
May 22 15:23:35 localhost kernel: [278214.236751]  [<ffffffff81077390>] do_exit+0x2c0/0xb00
May 22 15:23:35 localhost kernel: [278214.236754]  [<ffffffff810a70cd>] ? set_next_entity+0x9d/0xb0
May 22 15:23:35 localhost kernel: [278214.236756]  [<ffffffff81080dcf>] ? recalc_sigpending+0x1f/0x60
May 22 15:23:35 localhost kernel: [278214.236759]  [<ffffffff81077c5f>] do_group_exit+0x3f/0xa0
May 22 15:23:35 localhost kernel: [278214.236761]  [<ffffffff81083b40>] get_signal+0x1e0/0x710
May 22 15:23:35 localhost kernel: [278214.236765]  [<ffffffff81014e70>] do_signal+0x20/0x120
May 22 15:23:35 localhost kernel: [278214.236768]  [<ffffffff810de2ab>] ? hrtimer_nanosleep+0xbb/0x180
May 22 15:23:35 localhost kernel: [278214.236771]  [<ffffffff810dd1a0>] ? hrtimer_get_res+0x50/0x50
May 22 15:23:35 localhost kernel: [278214.236773]  [<ffffffff817b54f1>] ? do_nanosleep+0x71/0x130
May 22 15:23:35 localhost kernel: [278214.236776]  [<ffffffff81014fd9>] do_notify_resume+0x69/0xb0
May 22 15:23:35 localhost kernel: [278214.236779]  [<ffffffff817b692f>] int_signal+0x12/0x17
May 22 15:23:35 localhost kernel: [278214.236781] Mem-Info:
May 22 15:23:35 localhost kernel: [278214.236782] Node 0 DMA per-cpu:
May 22 15:23:35 localhost kernel: [278214.236783] CPU    0: hi:    0, btch:   1 usd:   0
May 22 15:23:35 localhost kernel: [278214.236785] CPU    1: hi:    0, btch:   1 usd:   0
May 22 15:23:35 localhost kernel: [278214.236786] CPU    2: hi:    0, btch:   1 usd:   0
May 22 15:23:35 localhost kernel: [278214.236787] CPU    3: hi:    0, btch:   1 usd:   0
May 22 15:23:35 localhost kernel: [278214.236788] Node 0 DMA32 per-cpu:
May 22 15:23:35 localhost kernel: [278214.236790] CPU    0: hi:  186, btch:  31 usd: 178
May 22 15:23:35 localhost kernel: [278214.236791] CPU    1: hi:  186, btch:  31 usd: 185
May 22 15:23:35 localhost kernel: [278214.236792] CPU    2: hi:  186, btch:  31 usd:  90
May 22 15:23:35 localhost kernel: [278214.236794] CPU    3: hi:  186, btch:  31 usd: 180
May 22 15:23:35 localhost kernel: [278214.236794] Node 0 Normal per-cpu:
May 22 15:23:35 localhost kernel: [278214.236796] CPU    0: hi:  186, btch:  31 usd: 121
May 22 15:23:35 localhost kernel: [278214.236797] CPU    1: hi:  186, btch:  31 usd: 161
May 22 15:23:35 localhost kernel: [278214.236798] CPU    2: hi:  186, btch:  31 usd: 185
May 22 15:23:35 localhost kernel: [278214.236800] CPU    3: hi:  186, btch:  31 usd: 113
May 22 15:23:35 localhost kernel: [278214.236803] active_anon:390290 inactive_anon:220903 isolated_anon:0
May 22 15:23:35 localhost kernel: [278214.236803]  active_file:2144693 inactive_file:2160579 isolated_file:0
May 22 15:23:35 localhost kernel: [278214.236803]  unevictable:0 dirty:723 writeback:9569 unstable:0
May 22 15:23:35 localhost kernel: [278214.236803]  free:39278 slab_reclaimable:214788 slab_unreclaimable:46050
May 22 15:23:35 localhost kernel: [278214.236803]  mapped:62987 shmem:15 pagetables:20614 bounce:0
May 22 15:23:35 localhost kernel: [278214.236803]  free_cma:0
May 22 15:23:35 localhost kernel: [278214.236806] Node 0 DMA free:15848kB min:32kB low:40kB high:48kB active_anon:0kB inactive_anon:0kB active_file:0kB inactive_file:0kB unevictable:0kB isolated(anon):0kB isolated(file):0kB present:15972kB managed:15888kB mlocked:0kB dirty:0kB writeback:0kB mapped:0kB shmem:0kB slab_reclaimable:4kB slab_unreclaimable:4kB kernel_stack:0kB pagetables:0kB unstable:0kB bounce:0kB free_cma:0kB writeback_tmp:0kB pages_scanned:0 all_unreclaimable? yes
May 22 15:23:35 localhost kernel: [278214.236810] lowmem_reserve[]: 0 3186 32112 32112
May 22 15:23:35 localhost kernel: [278214.236813] Node 0 DMA32 free:118012kB min:6700kB low:8372kB high:10048kB active_anon:320488kB inactive_anon:419276kB active_file:223864kB inactive_file:316928kB unevictable:0kB isolated(anon):0kB isolated(file):0kB present:3344380kB managed:3264624kB mlocked:0kB dirty:52kB writeback:44kB mapped:9520kB shmem:20kB slab_reclaimable:381516kB slab_unreclaimable:19356kB kernel_stack:688kB pagetables:3852kB unstable:0kB bounce:0kB free_cma:0kB writeback_tmp:0kB pages_scanned:0 all_unreclaimable? no
May 22 15:23:35 localhost kernel: [278214.236817] lowmem_reserve[]: 0 0 28926 28926
May 22 15:23:35 localhost kernel: [278214.236820] Node 0 Normal free:23692kB min:60848kB low:76060kB high:91272kB active_anon:1240672kB inactive_anon:464336kB active_file:8354652kB inactive_file:8325388kB unevictable:0kB isolated(anon):0kB isolated(file):0kB present:30146560kB managed:29620888kB mlocked:0kB dirty:2840kB writeback:38232kB mapped:242428kB shmem:40kB slab_reclaimable:477632kB slab_unreclaimable:164840kB kernel_stack:3872kB pagetables:78604kB unstable:0kB bounce:0kB free_cma:0kB writeback_tmp:0kB pages_scanned:0 all_unreclaimable? no
May 22 15:23:35 localhost kernel: [278214.236824] lowmem_reserve[]: 0 0 0 0
May 22 15:23:35 localhost kernel: [278214.236827] Node 0 DMA: 2*4kB (UE) 2*8kB (UE) 3*16kB (UE) 1*32kB (E) 2*64kB (UE) 2*128kB (UE) 2*256kB (UE) 1*512kB (E) 2*1024kB (UE) 2*2048kB (ER) 2*4096kB (M) = 15848kB
May 22 15:23:35 localhost kernel: [278214.236838] Node 0 DMA32: 950*4kB (UEM) 739*8kB (UEM) 533*16kB (UEM) 58*32kB (EM) 306*64kB (UEM) 337*128kB (UEM) 25*256kB (UE) 0*512kB 0*1024kB 14*2048kB (M) 0*4096kB = 117888kB
May 22 15:23:35 localhost kernel: [278214.236848] Node 0 Normal: 5896*4kB (M) 0*8kB 0*16kB 0*32kB 0*64kB 0*128kB 0*256kB 0*512kB 0*1024kB 0*2048kB 0*4096kB = 23584kB
May 22 15:23:35 localhost kernel: [278214.236856] Node 0 hugepages_total=5120 hugepages_free=4854 hugepages_surp=0 hugepages_size=2048kB
May 22 15:23:35 localhost kernel: [278214.236857] 4306996 total pagecache pages
May 22 15:23:35 localhost kernel: [278214.236858] 1621 pages in swap cache
May 22 15:23:35 localhost kernel: [278214.236860] Swap cache stats: add 232895, delete 231274, find 1006529/1015155
May 22 15:23:35 localhost kernel: [278214.236861] Free swap  = 62364140kB
May 22 15:23:35 localhost kernel: [278214.236862] Total swap = 62498812kB
May 22 15:23:35 localhost kernel: [278214.236863] 8376728 pages RAM
May 22 15:23:35 localhost kernel: [278214.236864] 0 pages HighMem/MovableOnly
May 22 15:23:35 localhost kernel: [278214.236865] 151378 pages reserved
May 22 15:23:35 localhost kernel: [278214.236866] 0 pages cma reserved
May 22 15:23:35 localhost kernel: [278214.236867] 0 pages hwpoisoned
May 22 15:23:35 localhost kernel: [278214.241761] device p1p1 left promiscuous mode
May 22 15:24:07 localhost kernel: [278246.288258] device p1p1 entered promiscuous mode
May 22 15:24:09 localhost kernel: [278248.342566] swap_free: Bad swap offset entry 2400220d2fd594
May 22 15:24:09 localhost kernel: [278248.342609] BUG: Bad page map in process java  pte:90008834bf565000 pmd:4e340b067
May 22 15:24:09 localhost kernel: [278248.342652] addr:00007fa32b118000 vm_flags:08000070 anon_vma:          (null) mapping:ffff88080b1899e0 index:a4
May 22 15:24:09 localhost kernel: [278248.342711] vma->vm_ops->fault: filemap_fault+0x0/0x430
May 22 15:24:09 localhost kernel: [278248.342743] vma->vm_file->f_op->mmap: ext4_file_mmap+0x0/0x40
May 22 15:24:09 localhost kernel: [278248.342778] CPU: 3 PID: 16867 Comm: java Tainted: G           OE  3.19.0-25-generic #26~14.04.1-Ubuntu
May 22 15:24:09 localhost kernel: [278248.342780] Hardware name: To be filled by O.E.M. To be filled by O.E.M./P8B-C Series, BIOS 6702 07/23/2013
May 22 15:24:09 localhost kernel: [278248.342782]  ffff880148b37480 ffff88015974fa88 ffffffff817aed00 0000000000000000
May 22 15:24:09 localhost kernel: [278248.342786]  00007fa32b118000 ffff88015974fad8 ffffffff811a138a 90008834bf565000
May 22 15:24:09 localhost kernel: [278248.342789]  00000000000000a4 ffff88015974fad8 00007fa32b118000 90008834bf565000
May 22 15:24:09 localhost kernel: [278248.342792] Call Trace:
May 22 15:24:09 localhost kernel: [278248.342799]  [<ffffffff817aed00>] dump_stack+0x45/0x57
May 22 15:24:09 localhost kernel: [278248.342803]  [<ffffffff811a138a>] print_bad_pte+0x1aa/0x250
May 22 15:24:09 localhost kernel: [278248.342807]  [<ffffffff811a280e>] unmap_page_range+0x5be/0x860
May 22 15:24:09 localhost kernel: [278248.342810]  [<ffffffff811a2b31>] unmap_single_vma+0x81/0xf0
May 22 15:24:09 localhost kernel: [278248.342814]  [<ffffffff81183790>] ? put_pages_list+0x70/0x70
May 22 15:24:09 localhost kernel: [278248.342816]  [<ffffffff811a3661>] unmap_vmas+0x51/0xa0
May 22 15:24:09 localhost kernel: [278248.342820]  [<ffffffff811ac7fc>] exit_mmap+0x9c/0x170
May 22 15:24:09 localhost kernel: [278248.342825]  [<ffffffff81071e44>] mmput+0x64/0x130
May 22 15:24:09 localhost kernel: [278248.342830]  [<ffffffff811f31e4>] flush_old_exec+0x404/0x8f0
May 22 15:24:09 localhost kernel: [278248.342834]  [<ffffffff8124111b>] load_elf_binary+0x32b/0x10e0
May 22 15:24:09 localhost kernel: [278248.342839]  [<ffffffff813d4d5a>] ? strnlen_user+0xda/0x100
May 22 15:24:09 localhost kernel: [278248.342843]  [<ffffffff811f2ab7>] search_binary_handler+0x97/0x1d0
May 22 15:24:09 localhost kernel: [278248.342846]  [<ffffffff811f3ed1>] do_execveat_common.isra.28+0x561/0x700
May 22 15:24:09 localhost kernel: [278248.342850]  [<ffffffff811f430a>] SyS_execve+0x3a/0x50
May 22 15:24:09 localhost kernel: [278248.342855]  [<ffffffff817b6c29>] stub_execve+0x69/0xa0
May 22 15:24:09 localhost kernel: [278248.342857] Disabling lock debugging due to kernel taint
May 22 15:24:09 localhost kernel: [278248.342859] BUG: Bad page map in process java  pte:4500089e46430b pmd:4e340b067
May 22 15:24:09 localhost kernel: [278248.342902] addr:00007fa32b119000 vm_flags:08000070 anon_vma:          (null) mapping:ffff88080b1899e0 index:a5
May 22 15:24:09 localhost kernel: [278248.342958] vma->vm_ops->fault: filemap_fault+0x0/0x430
May 22 15:24:09 localhost kernel: [278248.342990] vma->vm_file->f_op->mmap: ext4_file_mmap+0x0/0x40
May 22 15:24:09 localhost kernel: [278248.343022] CPU: 3 PID: 16867 Comm: java Tainted: G    B      OE  3.19.0-25-generic #26~14.04.1-Ubuntu
May 22 15:24:09 localhost kernel: [278248.343024] Hardware name: To be filled by O.E.M. To be filled by O.E.M./P8B-C Series, BIOS 6702 07/23/2013
May 22 15:24:09 localhost kernel: [278248.343025]  ffff880148b37480 ffff88015974fa68 ffffffff817aed00 0000000000000000
May 22 15:24:09 localhost kernel: [278248.343028]  00007fa32b119000 ffff88015974fab8 ffffffff811a138a 004500089e46430b
May 22 15:24:09 localhost kernel: [278248.343031]  00000000000000a5 ffff88015974fad8 00007fa32b119000 004500089e46430b
May 22 15:24:09 localhost kernel: [278248.343033] Call Trace:
May 22 15:24:09 localhost kernel: [278248.343038]  [<ffffffff817aed00>] dump_stack+0x45/0x57
May 22 15:24:09 localhost kernel: [278248.343040]  [<ffffffff811a138a>] print_bad_pte+0x1aa/0x250
May 22 15:24:09 localhost kernel: [278248.343043]  [<ffffffff811a2205>] vm_normal_page+0x55/0xa0
May 22 15:24:09 localhost kernel: [278248.343046]  [<ffffffff811a263f>] unmap_page_range+0x3ef/0x860
May 22 15:24:09 localhost kernel: [278248.343049]  [<ffffffff811a2b31>] unmap_single_vma+0x81/0xf0
May 22 15:24:09 localhost kernel: [278248.343052]  [<ffffffff81183790>] ? put_pages_list+0x70/0x70
May 22 15:24:09 localhost kernel: [278248.343054]  [<ffffffff811a3661>] unmap_vmas+0x51/0xa0
May 22 15:24:09 localhost kernel: [278248.343058]  [<ffffffff811ac7fc>] exit_mmap+0x9c/0x170
May 22 15:24:09 localhost kernel: [278248.343062]  [<ffffffff81071e44>] mmput+0x64/0x130
May 22 15:24:09 localhost kernel: [278248.343066]  [<ffffffff811f31e4>] flush_old_exec+0x404/0x8f0
May 22 15:24:09 localhost kernel: [278248.343069]  [<ffffffff8124111b>] load_elf_binary+0x32b/0x10e0
May 22 15:24:09 localhost kernel: [278248.343074]  [<ffffffff813d4d5a>] ? strnlen_user+0xda/0x100
May 22 15:24:09 localhost kernel: [278248.343077]  [<ffffffff811f2ab7>] search_binary_handler+0x97/0x1d0
May 22 15:24:09 localhost kernel: [278248.343080]  [<ffffffff811f3ed1>] do_execveat_common.isra.28+0x561/0x700
May 22 15:24:09 localhost kernel: [278248.343084]  [<ffffffff811f430a>] SyS_execve+0x3a/0x50
May 22 15:24:09 localhost kernel: [278248.343088]  [<ffffffff817b6c29>] stub_execve+0x69/0xa0
May 22 15:24:09 localhost kernel: [278248.343091] swap_free: Bad swap offset entry 1a00000281e4a
May 22 15:24:09 localhost kernel: [278248.343121] BUG: Bad page map in process java  pte:6800000a0792800 pmd:4e340b067
May 22 15:24:09 localhost kernel: [278248.343162] addr:00007fa32b11a000 vm_flags:08000070 anon_vma:          (null) mapping:ffff88080b1899e0 index:a6
May 22 15:24:09 localhost kernel: [278248.343217] vma->vm_ops->fault: filemap_fault+0x0/0x430
May 22 15:24:09 localhost kernel: [278248.343248] vma->vm_file->f_op->mmap: ext4_file_mmap+0x0/0x40
May 22 15:24:09 localhost kernel: [278248.343281] CPU: 3 PID: 16867 Comm: java Tainted: G    B      OE  3.19.0-25-generic #26~14.04.1-Ubuntu
May 22 15:24:09 localhost kernel: [278248.343282] Hardware name: To be filled by O.E.M. To be filled by O.E.M./P8B-C Series, BIOS 6702 07/23/2013
May 22 15:24:09 localhost kernel: [278248.343284]  ffff880148b37480 ffff88015974fa88 ffffffff817aed00 0000000000000000
May 22 15:24:09 localhost kernel: [278248.343286]  00007fa32b11a000 ffff88015974fad8 ffffffff811a138a 06800000a0792800
May 22 15:24:09 localhost kernel: [278248.343289]  00000000000000a6 ffff88015974fad8 00007fa32b11a000 06800000a0792800
May 22 15:24:09 localhost kernel: [278248.343292] Call Trace:
May 22 15:24:09 localhost kernel: [278248.343296]  [<ffffffff817aed00>] dump_stack+0x45/0x57
May 22 15:24:09 localhost kernel: [278248.343298]  [<ffffffff811a138a>] print_bad_pte+0x1aa/0x250
May 22 15:24:09 localhost kernel: [278248.343301]  [<ffffffff811a280e>] unmap_page_range+0x5be/0x860
May 22 15:24:09 localhost kernel: [278248.343304]  [<ffffffff811a2b31>] unmap_single_vma+0x81/0xf0
May 22 15:24:09 localhost kernel: [278248.343307]  [<ffffffff81183790>] ? put_pages_list+0x70/0x70
May 22 15:24:09 localhost kernel: [278248.343309]  [<ffffffff811a3661>] unmap_vmas+0x51/0xa0
May 22 15:24:09 localhost kernel: [278248.343313]  [<ffffffff811ac7fc>] exit_mmap+0x9c/0x170
May 22 15:24:09 localhost kernel: [278248.343317]  [<ffffffff81071e44>] mmput+0x64/0x130
May 22 15:24:09 localhost kernel: [278248.343321]  [<ffffffff811f31e4>] flush_old_exec+0x404/0x8f0
May 22 15:24:09 localhost kernel: [278248.343324]  [<ffffffff8124111b>] load_elf_binary+0x32b/0x10e0
May 22 15:24:09 localhost kernel: [278248.343328]  [<ffffffff813d4d5a>] ? strnlen_user+0xda/0x100
May 22 15:24:09 localhost kernel: [278248.343332]  [<ffffffff811f2ab7>] search_binary_handler+0x97/0x1d0
May 22 15:24:09 localhost kernel: [278248.343334]  [<ffffffff811f3ed1>] do_execveat_common.isra.28+0x561/0x700
May 22 15:24:09 localhost kernel: [278248.343338]  [<ffffffff811f430a>] SyS_execve+0x3a/0x50
May 22 15:24:09 localhost kernel: [278248.343342]  [<ffffffff817b6c29>] stub_execve+0x69/0xa0
May 22 15:24:09 localhost kernel: [278248.343344] BUG: Bad page map in process java  pte:8e88f8018e885aac pmd:4e340b067
May 22 15:24:09 localhost kernel: [278248.343386] addr:00007fa32b11b000 vm_flags:08000070 anon_vma:          (null) mapping:ffff88080b1899e0 index:a7
May 22 15:24:09 localhost kernel: [278248.343442] vma->vm_ops->fault: filemap_fault+0x0/0x430
May 22 15:24:09 localhost kernel: [278248.343472] vma->vm_file->f_op->mmap: ext4_file_mmap+0x0/0x40
May 22 15:24:09 localhost kernel: [278248.343504] CPU: 3 PID: 16867 Comm: java Tainted: G    B      OE  3.19.0-25-generic #26~14.04.1-Ubuntu
May 22 15:24:09 localhost kernel: [278248.343505] Hardware name: To be filled by O.E.M. To be filled by O.E.M./P8B-C Series, BIOS 6702 07/23/2013
May 22 15:24:09 localhost kernel: [278248.343507]  ffff880148b37480 ffff88015974fa68 ffffffff817aed00 0000000000000000
May 22 15:24:09 localhost kernel: [278248.343509]  00007fa32b11b000 ffff88015974fab8 ffffffff811a138a 8e88f8018e885aac
May 22 15:24:09 localhost kernel: [278248.343512]  00000000000000a7 ffff88015974fad8 00007fa32b11b000 8e88f8018e885aac
May 22 15:24:09 localhost kernel: [278248.343514] Call Trace:
May 22 15:24:09 localhost kernel: [278248.343518]  [<ffffffff817aed00>] dump_stack+0x45/0x57
May 22 15:24:09 localhost kernel: [278248.343520]  [<ffffffff811a138a>] print_bad_pte+0x1aa/0x250
May 22 15:24:09 localhost kernel: [278248.343523]  [<ffffffff811a223e>] vm_normal_page+0x8e/0xa0
May 22 15:24:09 localhost kernel: [278248.343525]  [<ffffffff811a263f>] unmap_page_range+0x3ef/0x860
May 22 15:24:09 localhost kernel: [278248.343528]  [<ffffffff811a2b31>] unmap_single_vma+0x81/0xf0
May 22 15:24:09 localhost kernel: [278248.343531]  [<ffffffff81183790>] ? put_pages_list+0x70/0x70
May 22 15:24:09 localhost kernel: [278248.343534]  [<ffffffff811a3661>] unmap_vmas+0x51/0xa0
May 22 15:24:09 localhost kernel: [278248.343537]  [<ffffffff811ac7fc>] exit_mmap+0x9c/0x170
May 22 15:24:09 localhost kernel: [278248.343541]  [<ffffffff81071e44>] mmput+0x64/0x130
May 22 15:24:09 localhost kernel: [278248.343544]  [<ffffffff811f31e4>] flush_old_exec+0x404/0x8f0
May 22 15:24:09 localhost kernel: [278248.343547]  [<ffffffff8124111b>] load_elf_binary+0x32b/0x10e0
May 22 15:24:09 localhost kernel: [278248.343551]  [<ffffffff813d4d5a>] ? strnlen_user+0xda/0x100
May 22 15:24:09 localhost kernel: [278248.343554]  [<ffffffff811f2ab7>] search_binary_handler+0x97/0x1d0
May 22 15:24:09 localhost kernel: [278248.343557]  [<ffffffff811f3ed1>] do_execveat_common.isra.28+0x561/0x700
May 22 15:24:09 localhost kernel: [278248.343560]  [<ffffffff811f430a>] SyS_execve+0x3a/0x50
May 22 15:24:09 localhost kernel: [278248.343563]  [<ffffffff817b6c29>] stub_execve+0x69/0xa0
May 22 15:24:09 localhost kernel: [278248.343565] BUG: Bad page map in process java  pte:98b9282588e3c101 pmd:4e340b067
May 22 15:24:09 localhost kernel: [278248.343606] addr:00007fa32b11c000 vm_flags:08000070 anon_vma:          (null) mapping:ffff88080b1899e0 index:a8
May 22 15:24:09 localhost kernel: [278248.343662] vma->vm_ops->fault: filemap_fault+0x0/0x430
May 22 15:24:09 localhost kernel: [278248.343692] vma->vm_file->f_op->mmap: ext4_file_mmap+0x0/0x40
May 22 15:24:09 localhost kernel: [278248.343724] CPU: 3 PID: 16867 Comm: java Tainted: G    B      OE  3.19.0-25-generic #26~14.04.1-Ubuntu
May 22 15:24:09 localhost kernel: [278248.343726] Hardware name: To be filled by O.E.M. To be filled by O.E.M./P8B-C Series, BIOS 6702 07/23/2013
May 22 15:24:09 localhost kernel: [278248.343727]  ffff880148b37480 ffff88015974fa68 ffffffff817aed00 0000000000000000
May 22 15:24:09 localhost kernel: [278248.343729]  00007fa32b11c000 ffff88015974fab8 ffffffff811a138a 98b9282588e3c101
May 22 15:24:09 localhost kernel: [278248.343732]  00000000000000a8 ffff88015974fad8 00007fa32b11c000 98b9282588e3c101
May 22 15:24:09 localhost kernel: [278248.343734] Call Trace:
May 22 15:24:09 localhost kernel: [278248.343738]  [<ffffffff817aed00>] dump_stack+0x45/0x57
May 22 15:24:09 localhost kernel: [278248.343740]  [<ffffffff811a138a>] print_bad_pte+0x1aa/0x250
May 22 15:24:09 localhost kernel: [278248.343743]  [<ffffffff811a223e>] vm_normal_page+0x8e/0xa0
May 22 15:24:09 localhost kernel: [278248.343745]  [<ffffffff811a263f>] unmap_page_range+0x3ef/0x860
May 22 15:24:09 localhost kernel: [278248.343748]  [<ffffffff811a2b31>] unmap_single_vma+0x81/0xf0
May 22 15:24:09 localhost kernel: [278248.343751]  [<ffffffff81183790>] ? put_pages_list+0x70/0x70
May 22 15:24:09 localhost kernel: [278248.343753]  [<ffffffff811a3661>] unmap_vmas+0x51/0xa0
May 22 15:24:09 localhost kernel: [278248.343756]  [<ffffffff811ac7fc>] exit_mmap+0x9c/0x170
May 22 15:24:09 localhost kernel: [278248.343761]  [<ffffffff81071e44>] mmput+0x64/0x130
May 22 15:24:09 localhost kernel: [278248.343764]  [<ffffffff811f31e4>] flush_old_exec+0x404/0x8f0
May 22 15:24:09 localhost kernel: [278248.343766]  [<ffffffff8124111b>] load_elf_binary+0x32b/0x10e0
May 22 15:24:09 localhost kernel: [278248.343770]  [<ffffffff813d4d5a>] ? strnlen_user+0xda/0x100
May 22 15:24:09 localhost kernel: [278248.343773]  [<ffffffff811f2ab7>] search_binary_handler+0x97/0x1d0
May 22 15:24:09 localhost kernel: [278248.343776]  [<ffffffff811f3ed1>] do_execveat_common.isra.28+0x561/0x700
May 22 15:24:09 localhost kernel: [278248.343779]  [<ffffffff811f430a>] SyS_execve+0x3a/0x50
May 22 15:24:09 localhost kernel: [278248.343782]  [<ffffffff817b6c29>] stub_execve+0x69/0xa0
May 22 15:24:09 localhost kernel: [278248.343785] BUG: Bad page map in process java  pte:1050d5736975704f pmd:4e340b067
May 22 15:24:09 localhost kernel: [278248.343825] addr:00007fa32b11d000 vm_flags:08000070 anon_vma:          (null) mapping:ffff88080b1899e0 index:a9
May 22 15:24:09 localhost kernel: [278248.343880] vma->vm_ops->fault: filemap_fault+0x0/0x430
May 22 15:24:09 localhost kernel: [278248.343910] vma->vm_file->f_op->mmap: ext4_file_mmap+0x0/0x40
May 22 15:24:09 localhost kernel: [278248.343942] CPU: 3 PID: 16867 Comm: java Tainted: G    B      OE  3.19.0-25-generic #26~14.04.1-Ubuntu
May 22 15:24:09 localhost kernel: [278248.343944] Hardware name: To be filled by O.E.M. To be filled by O.E.M./P8B-C Series, BIOS 6702 07/23/2013
May 22 15:24:09 localhost kernel: [278248.343945]  ffff880148b37480 ffff88015974fa68 ffffffff817aed00 0000000000000000
May 22 15:24:09 localhost kernel: [278248.343947]  00007fa32b11d000 ffff88015974fab8 ffffffff811a138a 1050d5736975704f
May 22 15:24:09 localhost kernel: [278248.343950]  00000000000000a9 ffff88015974fad8 00007fa32b11d000 1050d5736975704f
May 22 15:24:09 localhost kernel: [278248.343952] Call Trace:
May 22 15:24:09 localhost kernel: [278248.343955]  [<ffffffff817aed00>] dump_stack+0x45/0x57
May 22 15:24:09 localhost kernel: [278248.343958]  [<ffffffff811a138a>] print_bad_pte+0x1aa/0x250
May 22 15:24:09 localhost kernel: [278248.343960]  [<ffffffff811a223e>] vm_normal_page+0x8e/0xa0
May 22 15:24:09 localhost kernel: [278248.343963]  [<ffffffff811a263f>] unmap_page_range+0x3ef/0x860
May 22 15:24:09 localhost kernel: [278248.343966]  [<ffffffff811a2b31>] unmap_single_vma+0x81/0xf0
May 22 15:24:09 localhost kernel: [278248.343968]  [<ffffffff81183790>] ? put_pages_list+0x70/0x70
May 22 15:24:09 localhost kernel: [278248.343971]  [<ffffffff811a3661>] unmap_vmas+0x51/0xa0
May 22 15:24:09 localhost kernel: [278248.343974]  [<ffffffff811ac7fc>] exit_mmap+0x9c/0x170
May 22 15:24:09 localhost kernel: [278248.343978]  [<ffffffff81071e44>] mmput+0x64/0x130
May 22 15:24:09 localhost kernel: [278248.343981]  [<ffffffff811f31e4>] flush_old_exec+0x404/0x8f0
May 22 15:24:09 localhost kernel: [278248.343983]  [<ffffffff8124111b>] load_elf_binary+0x32b/0x10e0
May 22 15:24:09 localhost kernel: [278248.343987]  [<ffffffff813d4d5a>] ? strnlen_user+0xda/0x100
May 22 15:24:09 localhost kernel: [278248.343990]  [<ffffffff811f2ab7>] search_binary_handler+0x97/0x1d0
May 22 15:24:09 localhost kernel: [278248.343993]  [<ffffffff811f3ed1>] do_execveat_common.isra.28+0x561/0x700
May 22 15:24:09 localhost kernel: [278248.343996]  [<ffffffff811f430a>] SyS_execve+0x3a/0x50
May 22 15:24:09 localhost kernel: [278248.344000]  [<ffffffff817b6c29>] stub_execve+0x69/0xa0
May 22 15:24:09 localhost kernel: [278248.344002] BUG: Bad page map in process java  pte:76a48ffb pmd:4e340b067
May 22 15:24:09 localhost kernel: [278248.344039] addr:00007fa32b11e000 vm_flags:08000070 anon_vma:          (null) mapping:ffff88080b1899e0 index:aa
May 22 15:24:09 localhost kernel: [278248.344094] vma->vm_ops->fault: filemap_fault+0x0/0x430
May 22 15:24:09 localhost kernel: [278248.344124] vma->vm_file->f_op->mmap: ext4_file_mmap+0x0/0x40
May 22 15:24:09 localhost kernel: [278248.344157] CPU: 3 PID: 16867 Comm: java Tainted: G    B      OE  3.19.0-25-generic #26~14.04.1-Ubuntu
May 22 15:24:09 localhost kernel: [278248.344159] Hardware name: To be filled by O.E.M. To be filled by O.E.M./P8B-C Series, BIOS 6702 07/23/2013
May 22 15:24:09 localhost kernel: [278248.344160]  ffff880148b37480 ffff88015974fa68 ffffffff817aed00 0000000000000000
May 22 15:24:09 localhost kernel: [278248.344162]  00007fa32b11e000 ffff88015974fab8 ffffffff811a138a 0000000076a48ffb
May 22 15:24:09 localhost kernel: [278248.344165]  00000000000000aa ffff88015974fad8 00007fa32b11e000 0000000076a48ffb
May 22 15:24:09 localhost kernel: [278248.344167] Call Trace:
May 22 15:24:09 localhost kernel: [278248.344171]  [<ffffffff817aed00>] dump_stack+0x45/0x57
May 22 15:24:09 localhost kernel: [278248.344173]  [<ffffffff811a138a>] print_bad_pte+0x1aa/0x250
May 22 15:24:09 localhost kernel: [278248.344176]  [<ffffffff811a2205>] vm_normal_page+0x55/0xa0
May 22 15:24:09 localhost kernel: [278248.344178]  [<ffffffff811a263f>] unmap_page_range+0x3ef/0x860
May 22 15:24:09 localhost kernel: [278248.344181]  [<ffffffff811a2b31>] unmap_single_vma+0x81/0xf0
May 22 15:24:09 localhost kernel: [278248.344184]  [<ffffffff81183790>] ? put_pages_list+0x70/0x70
May 22 15:24:09 localhost kernel: [278248.344186]  [<ffffffff811a3661>] unmap_vmas+0x51/0xa0
May 22 15:24:09 localhost kernel: [278248.344189]  [<ffffffff811ac7fc>] exit_mmap+0x9c/0x170
May 22 15:24:09 localhost kernel: [278248.344193]  [<ffffffff81071e44>] mmput+0x64/0x130
May 22 15:24:09 localhost kernel: [278248.344196]  [<ffffffff811f31e4>] flush_old_exec+0x404/0x8f0
May 22 15:24:09 localhost kernel: [278248.344199]  [<ffffffff8124111b>] load_elf_binary+0x32b/0x10e0
May 22 15:24:09 localhost kernel: [278248.344202]  [<ffffffff813d4d5a>] ? strnlen_user+0xda/0x100
May 22 15:24:09 localhost kernel: [278248.344206]  [<ffffffff811f2ab7>] search_binary_handler+0x97/0x1d0
May 22 15:24:09 localhost kernel: [278248.344208]  [<ffffffff811f3ed1>] do_execveat_common.isra.28+0x561/0x700
May 22 15:24:09 localhost kernel: [278248.344211]  [<ffffffff811f430a>] SyS_execve+0x3a/0x50
May 22 15:24:09 localhost kernel: [278248.344215]  [<ffffffff817b6c29>] stub_execve+0x69/0xa0
May 22 15:24:09 localhost kernel: [278248.344217] swap_free: Bad swap offset entry 1b17a875c00000
May 22 15:24:09 localhost kernel: [278248.344249] BUG: Bad page map in process java  pte:6c5ea1d700000000 pmd:4e340b067
May 22 15:24:09 localhost kernel: [278248.344290] addr:00007fa32b11f000 vm_flags:08000070 anon_vma:          (null) mapping:ffff88080b1899e0 index:ab
May 22 15:24:09 localhost kernel: [278248.344344] vma->vm_ops->fault: filemap_fault+0x0/0x430
May 22 15:24:09 localhost kernel: [278248.344374] vma->vm_file->f_op->mmap: ext4_file_mmap+0x0/0x40
May 22 15:24:09 localhost kernel: [278248.344407] CPU: 3 PID: 16867 Comm: java Tainted: G    B      OE  3.19.0-25-generic #26~14.04.1-Ubuntu
May 22 15:24:09 localhost kernel: [278248.344408] Hardware name: To be filled by O.E.M. To be filled by O.E.M./P8B-C Series, BIOS 6702 07/23/2013
May 22 15:24:09 localhost kernel: [278248.344409]  ffff880148b37480 ffff88015974fa88 ffffffff817aed00 0000000000000000
May 22 15:24:09 localhost kernel: [278248.344412]  00007fa32b11f000 ffff88015974fad8 ffffffff811a138a 6c5ea1d700000000
May 22 15:24:09 localhost kernel: [278248.344414]  00000000000000ab ffff88015974fad8 00007fa32b11f000 6c5ea1d700000000
May 22 15:24:09 localhost kernel: [278248.344417] Call Trace:
May 22 15:24:09 localhost kernel: [278248.344420]  [<ffffffff817aed00>] dump_stack+0x45/0x57
May 22 15:24:09 localhost kernel: [278248.344422]  [<ffffffff811a138a>] print_bad_pte+0x1aa/0x250
May 22 15:24:09 localhost kernel: [278248.344425]  [<ffffffff811a280e>] unmap_page_range+0x5be/0x860
May 22 15:24:09 localhost kernel: [278248.344428]  [<ffffffff811a2b31>] unmap_single_vma+0x81/0xf0
May 22 15:24:09 localhost kernel: [278248.344430]  [<ffffffff81183790>] ? put_pages_list+0x70/0x70
May 22 15:24:09 localhost kernel: [278248.344433]  [<ffffffff811a3661>] unmap_vmas+0x51/0xa0
May 22 15:24:09 localhost kernel: [278248.344436]  [<ffffffff811ac7fc>] exit_mmap+0x9c/0x170
May 22 15:24:09 localhost kernel: [278248.344440]  [<ffffffff81071e44>] mmput+0x64/0x130
May 22 15:24:09 localhost kernel: [278248.344443]  [<ffffffff811f31e4>] flush_old_exec+0x404/0x8f0
May 22 15:24:09 localhost kernel: [278248.344445]  [<ffffffff8124111b>] load_elf_binary+0x32b/0x10e0
May 22 15:24:09 localhost kernel: [278248.344449]  [<ffffffff813d4d5a>] ? strnlen_user+0xda/0x100
May 22 15:24:09 localhost kernel: [278248.344452]  [<ffffffff811f2ab7>] search_binary_handler+0x97/0x1d0
May 22 15:24:09 localhost kernel: [278248.344455]  [<ffffffff811f3ed1>] do_execveat_common.isra.28+0x561/0x700
May 22 15:24:09 localhost kernel: [278248.344458]  [<ffffffff811f430a>] SyS_execve+0x3a/0x50
May 22 15:24:09 localhost kernel: [278248.344462]  [<ffffffff817b6c29>] stub_execve+0x69/0xa0
May 22 15:24:09 localhost kernel: [278248.344465] swap_free: Bad swap offset entry 230f279190c2e4
May 22 15:24:09 localhost kernel: [278248.344496] BUG: Bad page map in process java  pte:8c3c9e46430b9000 pmd:4becf9067
May 22 15:24:09 localhost kernel: [278248.344536] addr:00007fa32b228000 vm_flags:08000070 anon_vma:          (null) mapping:ffff88080b1899e0 index:1b4
May 22 15:24:09 localhost kernel: [278248.344592] vma->vm_ops->fault: filemap_fault+0x0/0x430
May 22 15:24:09 localhost kernel: [278248.344622] vma->vm_file->f_op->mmap: ext4_file_mmap+0x0/0x40
May 22 15:24:09 localhost kernel: [278248.344654] CPU: 3 PID: 16867 Comm: java Tainted: G    B      OE  3.19.0-25-generic #26~14.04.1-Ubuntu
May 22 15:24:09 localhost kernel: [278248.344655] Hardware name: To be filled by O.E.M. To be filled by O.E.M./P8B-C Series, BIOS 6702 07/23/2013
May 22 15:24:09 localhost kernel: [278248.344657]  ffff880148b37480 ffff88015974fa88 ffffffff817aed00 0000000000000000
May 22 15:24:09 localhost kernel: [278248.344659]  00007fa32b228000 ffff88015974fad8 ffffffff811a138a 8c3c9e46430b9000
May 22 15:24:09 localhost kernel: [278248.344662]  00000000000001b4 ffff88015974fad8 00007fa32b228000 8c3c9e46430b9000
May 22 15:24:09 localhost kernel: [278248.344664] Call Trace:
May 22 15:24:09 localhost kernel: [278248.344667]  [<ffffffff817aed00>] dump_stack+0x45/0x57
May 22 15:24:09 localhost kernel: [278248.344670]  [<ffffffff811a138a>] print_bad_pte+0x1aa/0x250
May 22 15:24:09 localhost kernel: [278248.344672]  [<ffffffff811a280e>] unmap_page_range+0x5be/0x860
May 22 15:24:09 localhost kernel: [278248.344676]  [<ffffffff811a2b31>] unmap_single_vma+0x81/0xf0
May 22 15:24:09 localhost kernel: [278248.344678]  [<ffffffff81183790>] ? put_pages_list+0x70/0x70
May 22 15:24:09 localhost kernel: [278248.344681]  [<ffffffff811a3661>] unmap_vmas+0x51/0xa0
May 22 15:24:09 localhost kernel: [278248.344684]  [<ffffffff811ac7fc>] exit_mmap+0x9c/0x170
May 22 15:24:09 localhost kernel: [278248.344688]  [<ffffffff81071e44>] mmput+0x64/0x130
May 22 15:24:09 localhost kernel: [278248.344690]  [<ffffffff811f31e4>] flush_old_exec+0x404/0x8f0
May 22 15:24:09 localhost kernel: [278248.344693]  [<ffffffff8124111b>] load_elf_binary+0x32b/0x10e0
May 22 15:24:09 localhost kernel: [278248.344697]  [<ffffffff813d4d5a>] ? strnlen_user+0xda/0x100
May 22 15:24:09 localhost kernel: [278248.344700]  [<ffffffff811f2ab7>] search_binary_handler+0x97/0x1d0
May 22 15:24:09 localhost kernel: [278248.344703]  [<ffffffff811f3ed1>] do_execveat_common.isra.28+0x561/0x700
May 22 15:24:09 localhost kernel: [278248.344706]  [<ffffffff811f430a>] SyS_execve+0x3a/0x50
May 22 15:24:09 localhost kernel: [278248.344709]  [<ffffffff817b6c29>] stub_execve+0x69/0xa0
May 22 15:24:09 localhost kernel: [278248.344711] BUG: Bad page map in process java  pte:74040081c6d9a940 pmd:4becf9067
May 22 15:24:09 localhost kernel: [278248.344752] addr:00007fa32b229000 vm_flags:08000070 anon_vma:          (null) mapping:ffff88080b1899e0 index:1b5
May 22 15:24:09 localhost kernel: [278248.344807] vma->vm_ops->fault: filemap_fault+0x0/0x430
May 22 15:24:09 localhost kernel: [278248.344837] vma->vm_file->f_op->mmap: ext4_file_mmap+0x0/0x40
May 22 15:24:09 localhost kernel: [278248.344870] CPU: 3 PID: 16867 Comm: java Tainted: G    B      OE  3.19.0-25-generic #26~14.04.1-Ubuntu
May 22 15:24:09 localhost kernel: [278248.344871] Hardware name: To be filled by O.E.M. To be filled by O.E.M./P8B-C Series, BIOS 6702 07/23/2013
May 22 15:24:09 localhost kernel: [278248.344872]  ffff880148b37480 ffff88015974fa68 ffffffff817aed00 0000000000000000
May 22 15:24:09 localhost kernel: [278248.344875]  00007fa32b229000 ffff88015974fab8 ffffffff811a138a 74040081c6d9a940
May 22 15:24:09 localhost kernel: [278248.344877]  00000000000001b5 ffff88015974fad8 00007fa32b229000 74040081c6d9a940
May 22 15:24:09 localhost kernel: [278248.344880] Call Trace:
May 22 15:24:09 localhost kernel: [278248.344883]  [<ffffffff817aed00>] dump_stack+0x45/0x57
May 22 15:24:09 localhost kernel: [278248.344886]  [<ffffffff811a138a>] print_bad_pte+0x1aa/0x250
May 22 15:24:09 localhost kernel: [278248.344888]  [<ffffffff811a223e>] vm_normal_page+0x8e/0xa0
May 22 15:24:09 localhost kernel: [278248.344891]  [<ffffffff811a263f>] unmap_page_range+0x3ef/0x860
May 22 15:24:09 localhost kernel: [278248.344894]  [<ffffffff811a2b31>] unmap_single_vma+0x81/0xf0
May 22 15:24:09 localhost kernel: [278248.344896]  [<ffffffff81183790>] ? put_pages_list+0x70/0x70
May 22 15:24:09 localhost kernel: [278248.344899]  [<ffffffff811a3661>] unmap_vmas+0x51/0xa0
May 22 15:24:09 localhost kernel: [278248.344902]  [<ffffffff811ac7fc>] exit_mmap+0x9c/0x170
May 22 15:24:09 localhost kernel: [278248.344905]  [<ffffffff81071e44>] mmput+0x64/0x130
May 22 15:24:09 localhost kernel: [278248.344908]  [<ffffffff811f31e4>] flush_old_exec+0x404/0x8f0
May 22 15:24:09 localhost kernel: [278248.344911]  [<ffffffff8124111b>] load_elf_binary+0x32b/0x10e0
May 22 15:24:09 localhost kernel: [278248.344915]  [<ffffffff813d4d5a>] ? strnlen_user+0xda/0x100
May 22 15:24:09 localhost kernel: [278248.344918]  [<ffffffff811f2ab7>] search_binary_handler+0x97/0x1d0
May 22 15:24:09 localhost kernel: [278248.344921]  [<ffffffff811f3ed1>] do_execveat_common.isra.28+0x561/0x700
May 22 15:24:09 localhost kernel: [278248.344924]  [<ffffffff811f430a>] SyS_execve+0x3a/0x50
May 22 15:24:09 localhost kernel: [278248.344927]  [<ffffffff817b6c29>] stub_execve+0x69/0xa0
May 22 15:24:09 localhost kernel: [278248.344929] swap_free: Bad swap file entry 828e84a00001140
May 22 15:24:09 localhost kernel: [278248.344960] BUG: Bad page map in process java  pte:a3a1280000450008 pmd:4becf9067
May 22 15:24:09 localhost kernel: [278248.345000] addr:00007fa32b22a000 vm_flags:08000070 anon_vma:          (null) mapping:ffff88080b1899e0 index:1b6
May 22 15:24:09 localhost kernel: [278248.345070] vma->vm_ops->fault: filemap_fault+0x0/0x430
May 22 15:24:09 localhost kernel: [278248.345106] vma->vm_file->f_op->mmap: ext4_file_mmap+0x0/0x40
May 22 15:24:09 localhost kernel: [278248.345141] CPU: 3 PID: 16867 Comm: java Tainted: G    B      OE  3.19.0-25-generic #26~14.04.1-Ubuntu
May 22 15:24:09 localhost kernel: [278248.345147] Hardware name: To be filled by O.E.M. To be filled by O.E.M./P8B-C Series, BIOS 6702 07/23/2013
May 22 15:24:09 localhost kernel: [278248.345153]  ffff880148b37480 ffff88015974fa88 ffffffff817aed00 0000000000002e9c
May 22 15:24:09 localhost kernel: [278248.345160]  00007fa32b22a000 ffff88015974fad8 ffffffff811a138a a3a1280000450008
May 22 15:24:09 localhost kernel: [278248.345163]  00000000000001b6 ffff88015974fad8 00007fa32b22a000 a3a1280000450008
May 22 15:24:09 localhost kernel: [278248.345165] Call Trace:
May 22 15:24:09 localhost kernel: [278248.345169]  [<ffffffff817aed00>] dump_stack+0x45/0x57
May 22 15:24:09 localhost kernel: [278248.345172]  [<ffffffff811a138a>] print_bad_pte+0x1aa/0x250
May 22 15:24:09 localhost kernel: [278248.345174]  [<ffffffff811a280e>] unmap_page_range+0x5be/0x860
May 22 15:24:09 localhost kernel: [278248.345177]  [<ffffffff811a2b31>] unmap_single_vma+0x81/0xf0
May 22 15:24:09 localhost kernel: [278248.345180]  [<ffffffff81183790>] ? put_pages_list+0x70/0x70
May 22 15:24:09 localhost kernel: [278248.345182]  [<ffffffff811a3661>] unmap_vmas+0x51/0xa0
May 22 15:24:09 localhost kernel: [278248.345185]  [<ffffffff811ac7fc>] exit_mmap+0x9c/0x170
May 22 15:24:09 localhost kernel: [278248.345189]  [<ffffffff81071e44>] mmput+0x64/0x130
May 22 15:24:09 localhost kernel: [278248.345192]  [<ffffffff811f31e4>] flush_old_exec+0x404/0x8f0
May 22 15:24:09 localhost kernel: [278248.345195]  [<ffffffff8124111b>] load_elf_binary+0x32b/0x10e0
May 22 15:24:09 localhost kernel: [278248.345199]  [<ffffffff813d4d5a>] ? strnlen_user+0xda/0x100
May 22 15:24:09 localhost kernel: [278248.345202]  [<ffffffff811f2ab7>] search_binary_handler+0x97/0x1d0
May 22 15:24:09 localhost kernel: [278248.345205]  [<ffffffff811f3ed1>] do_execveat_common.isra.28+0x561/0x700
May 22 15:24:09 localhost kernel: [278248.345208]  [<ffffffff811f430a>] SyS_execve+0x3a/0x50
May 22 15:24:09 localhost kernel: [278248.345211]  [<ffffffff817b6c29>] stub_execve+0x69/0xa0
May 22 15:24:09 localhost kernel: [278248.345213] BUG: Bad page map in process java  pte:be1b713006380040 pmd:4becf9067
May 22 15:24:09 localhost kernel: [278248.345254] addr:00007fa32b22b000 vm_flags:08000070 anon_vma:          (null) mapping:ffff88080b1899e0 index:1b7
May 22 15:24:09 localhost kernel: [278248.345310] vma->vm_ops->fault: filemap_fault+0x0/0x430
May 22 15:24:09 localhost kernel: [278248.345340] vma->vm_file->f_op->mmap: ext4_file_mmap+0x0/0x40
May 22 15:24:09 localhost kernel: [278248.345372] CPU: 3 PID: 16867 Comm: java Tainted: G    B      OE  3.19.0-25-generic #26~14.04.1-Ubuntu
May 22 15:24:09 localhost kernel: [278248.345374] Hardware name: To be filled by O.E.M. To be filled by O.E.M./P8B-C Series, BIOS 6702 07/23/2013
May 22 15:24:09 localhost kernel: [278248.345375]  ffff880148b37480 ffff88015974fa88 ffffffff817aed00 0000000000003088
May 22 15:24:09 localhost kernel: [278248.345392]  00007fa32b22b000 ffff88015974fad8 ffffffff811a138a be1b713006380040
May 22 15:24:09 localhost kernel: [278248.345413]  00000000000001b7 ffff88015974fad8 00007fa32b22b000 be1b713006380040
May 22 15:24:09 localhost kernel: [278248.345433] Call Trace:
May 22 15:24:09 localhost kernel: [278248.345444]  [<ffffffff817aed00>] dump_stack+0x45/0x57
May 22 15:24:09 localhost kernel: [278248.345454]  [<ffffffff811a138a>] print_bad_pte+0x1aa/0x250
May 22 15:24:09 localhost kernel: [278248.345465]  [<ffffffff811a2a58>] unmap_page_range+0x808/0x860
May 22 15:24:09 localhost kernel: [278248.345475]  [<ffffffff811a2b31>] unmap_single_vma+0x81/0xf0
May 22 15:24:09 localhost kernel: [278248.345486]  [<ffffffff81183790>] ? put_pages_list+0x70/0x70
May 22 15:24:09 localhost kernel: [278248.345495]  [<ffffffff811a3661>] unmap_vmas+0x51/0xa0
May 22 15:24:09 localhost kernel: [278248.345498]  [<ffffffff811ac7fc>] exit_mmap+0x9c/0x170
May 22 15:24:09 localhost kernel: [278248.345502]  [<ffffffff81071e44>] mmput+0x64/0x130
May 22 15:24:09 localhost kernel: [278248.345504]  [<ffffffff811f31e4>] flush_old_exec+0x404/0x8f0
May 22 15:24:09 localhost kernel: [278248.345507]  [<ffffffff8124111b>] load_elf_binary+0x32b/0x10e0
May 22 15:24:09 localhost kernel: [278248.345511]  [<ffffffff813d4d5a>] ? strnlen_user+0xda/0x100
May 22 15:24:09 localhost kernel: [278248.345514]  [<ffffffff811f2ab7>] search_binary_handler+0x97/0x1d0
May 22 15:24:09 localhost kernel: [278248.345517]  [<ffffffff811f3ed1>] do_execveat_common.isra.28+0x561/0x700
May 22 15:24:09 localhost kernel: [278248.345520]  [<ffffffff811f430a>] SyS_execve+0x3a/0x50
May 22 15:24:09 localhost kernel: [278248.345523]  [<ffffffff817b6c29>] stub_execve+0x69/0xa0
May 22 15:24:09 localhost kernel: [278248.345525] BUG: Bad page map in process java  pte:88e3f0018e887fca pmd:4becf9067
May 22 15:24:09 localhost kernel: [278248.345566] addr:00007fa32b22c000 vm_flags:08000070 anon_vma:          (null) mapping:ffff88080b1899e0 index:1b8
May 22 15:24:09 localhost kernel: [278248.345621] vma->vm_ops->fault: filemap_fault+0x0/0x430
May 22 15:24:09 localhost kernel: [278248.345657] vma->vm_file->f_op->mmap: ext4_file_mmap+0x0/0x40
May 22 15:24:09 localhost kernel: [278248.345689] CPU: 3 PID: 16867 Comm: java Tainted: G    B      OE  3.19.0-25-generic #26~14.04.1-Ubuntu
May 22 15:24:09 localhost kernel: [278248.345695] Hardware name: To be filled by O.E.M. To be filled by O.E.M./P8B-C Series, BIOS 6702 07/23/2013
May 22 15:24:09 localhost kernel: [278248.345701]  ffff880148b37480 ffff88015974fa68 ffffffff817aed00 000000000000332e
May 22 15:24:09 localhost kernel: [278248.345721]  00007fa32b22c000 ffff88015974fab8 ffffffff811a138a 88e3f0018e887fca
May 22 15:24:09 localhost kernel: [278248.345742]  00000000000001b8 ffff88015974fad8 00007fa32b22c000 88e3f0018e887fca
May 22 15:24:09 localhost kernel: [278248.345762] Call Trace:
May 22 15:24:09 localhost kernel: [278248.345773]  [<ffffffff817aed00>] dump_stack+0x45/0x57
May 22 15:24:09 localhost kernel: [278248.345784]  [<ffffffff811a138a>] print_bad_pte+0x1aa/0x250
May 22 15:24:09 localhost kernel: [278248.345794]  [<ffffffff811a2205>] vm_normal_page+0x55/0xa0
May 22 15:24:09 localhost kernel: [278248.345804]  [<ffffffff811a263f>] unmap_page_range+0x3ef/0x860
May 22 15:24:09 localhost kernel: [278248.345811]  [<ffffffff811a2b31>] unmap_single_vma+0x81/0xf0
May 22 15:24:09 localhost kernel: [278248.345813]  [<ffffffff81183790>] ? put_pages_list+0x70/0x70
May 22 15:24:09 localhost kernel: [278248.345816]  [<ffffffff811a3661>] unmap_vmas+0x51/0xa0
May 22 15:24:09 localhost kernel: [278248.345819]  [<ffffffff811ac7fc>] exit_mmap+0x9c/0x170
May 22 15:24:09 localhost kernel: [278248.345823]  [<ffffffff81071e44>] mmput+0x64/0x130
May 22 15:24:09 localhost kernel: [278248.345826]  [<ffffffff811f31e4>] flush_old_exec+0x404/0x8f0
May 22 15:24:09 localhost kernel: [278248.345829]  [<ffffffff8124111b>] load_elf_binary+0x32b/0x10e0
May 22 15:24:09 localhost kernel: [278248.345832]  [<ffffffff813d4d5a>] ? strnlen_user+0xda/0x100
May 22 15:24:09 localhost kernel: [278248.345835]  [<ffffffff811f2ab7>] search_binary_handler+0x97/0x1d0
May 22 15:24:09 localhost kernel: [278248.345838]  [<ffffffff811f3ed1>] do_execveat_common.isra.28+0x561/0x700
May 22 15:24:09 localhost kernel: [278248.345841]  [<ffffffff811f430a>] SyS_execve+0x3a/0x50
May 22 15:24:09 localhost kernel: [278248.345844]  [<ffffffff817b6c29>] stub_execve+0x69/0xa0
May 22 15:24:09 localhost kernel: [278248.345847] BUG: Bad page map in process java  pte:52b9790c8db82825 pmd:4becf9067
May 22 15:24:09 localhost kernel: [278248.345887] addr:00007fa32b22d000 vm_flags:08000070 anon_vma:          (null) mapping:ffff88080b1899e0 index:1b9
May 22 15:24:09 localhost kernel: [278248.345942] vma->vm_ops->fault: filemap_fault+0x0/0x430
May 22 15:24:09 localhost kernel: [278248.345975] vma->vm_file->f_op->mmap: ext4_file_mmap+0x0/0x40
May 22 15:24:09 localhost kernel: [278248.346009] CPU: 3 PID: 16867 Comm: java Tainted: G    B      OE  3.19.0-25-generic #26~14.04.1-Ubuntu
May 22 15:24:09 localhost kernel: [278248.346010] Hardware name: To be filled by O.E.M. To be filled by O.E.M./P8B-C Series, BIOS 6702 07/23/2013
May 22 15:24:09 localhost kernel: [278248.346011]  ffff880148b37480 ffff88015974fa68 ffffffff817aed00 000000000000360c
May 22 15:24:09 localhost kernel: [278248.346017]  00007fa32b22d000 ffff88015974fab8 ffffffff811a138a 52b9790c8db82825
May 22 15:24:09 localhost kernel: [278248.346021]  00000000000001b9 ffff88015974fad8 00007fa32b22d000 52b9790c8db82825
May 22 15:24:09 localhost kernel: [278248.346025] Call Trace:
May 22 15:24:09 localhost kernel: [278248.346030]  [<ffffffff817aed00>] dump_stack+0x45/0x57
May 22 15:24:09 localhost kernel: [278248.346033]  [<ffffffff811a138a>] print_bad_pte+0x1aa/0x250
May 22 15:24:09 localhost kernel: [278248.346035]  [<ffffffff811a223e>] vm_normal_page+0x8e/0xa0
May 22 15:24:09 localhost kernel: [278248.346038]  [<ffffffff811a263f>] unmap_page_range+0x3ef/0x860
May 22 15:24:09 localhost kernel: [278248.346041]  [<ffffffff811a2b31>] unmap_single_vma+0x81/0xf0
May 22 15:24:09 localhost kernel: [278248.346043]  [<ffffffff81183790>] ? put_pages_list+0x70/0x70
May 22 15:24:09 localhost kernel: [278248.346046]  [<ffffffff811a3661>] unmap_vmas+0x51/0xa0
May 22 15:24:09 localhost kernel: [278248.346049]  [<ffffffff811ac7fc>] exit_mmap+0x9c/0x170
May 22 15:24:09 localhost kernel: [278248.346053]  [<ffffffff81071e44>] mmput+0x64/0x130
May 22 15:24:09 localhost kernel: [278248.346055]  [<ffffffff811f31e4>] flush_old_exec+0x404/0x8f0
May 22 15:24:09 localhost kernel: [278248.346058]  [<ffffffff8124111b>] load_elf_binary+0x32b/0x10e0
May 22 15:24:09 localhost kernel: [278248.346062]  [<ffffffff813d4d5a>] ? strnlen_user+0xda/0x100
May 22 15:24:09 localhost kernel: [278248.346065]  [<ffffffff811f2ab7>] search_binary_handler+0x97/0x1d0
May 22 15:24:09 localhost kernel: [278248.346068]  [<ffffffff811f3ed1>] do_execveat_common.isra.28+0x561/0x700
May 22 15:24:09 localhost kernel: [278248.346071]  [<ffffffff811f430a>] SyS_execve+0x3a/0x50
May 22 15:24:09 localhost kernel: [278248.346074]  [<ffffffff817b6c29>] stub_execve+0x69/0xa0
May 22 15:24:09 localhost kernel: [278248.346076] swap_free: Bad swap file entry 23c6b7141c41416
May 22 15:24:09 localhost kernel: [278248.346107] BUG: Bad page map in process java  pte:f1adc50710505802 pmd:4becf9067
May 22 15:24:09 localhost kernel: [278248.346147] addr:00007fa32b22e000 vm_flags:08000070 anon_vma:          (null) mapping:ffff88080b1899e0 index:1ba
May 22 15:24:09 localhost kernel: [278248.346204] vma->vm_ops->fault: filemap_fault+0x0/0x430
May 22 15:24:09 localhost kernel: [278248.346236] vma->vm_file->f_op->mmap: ext4_file_mmap+0x0/0x40
May 22 15:24:09 localhost kernel: [278248.346268] CPU: 3 PID: 16867 Comm: java Tainted: G    B      OE  3.19.0-25-generic #26~14.04.1-Ubuntu
May 22 15:24:09 localhost kernel: [278248.346270] Hardware name: To be filled by O.E.M. To be filled by O.E.M./P8B-C Series, BIOS 6702 07/23/2013
May 22 15:24:09 localhost kernel: [278248.346271]  ffff880148b37480 ffff88015974fa88 ffffffff817aed00 0000000000003836
May 22 15:24:09 localhost kernel: [278248.346274]  00007fa32b22e000 ffff88015974fad8 ffffffff811a138a f1adc50710505802
May 22 15:24:09 localhost kernel: [278248.346276]  00000000000001ba ffff88015974fad8 00007fa32b22e000 f1adc50710505802
May 22 15:24:09 localhost kernel: [278248.346279] Call Trace:
May 22 15:24:09 localhost kernel: [278248.346282]  [<ffffffff817aed00>] dump_stack+0x45/0x57
May 22 15:24:09 localhost kernel: [278248.346285]  [<ffffffff811a138a>] print_bad_pte+0x1aa/0x250
May 22 15:24:09 localhost kernel: [278248.346287]  [<ffffffff811a280e>] unmap_page_range+0x5be/0x860
May 22 15:24:09 localhost kernel: [278248.346290]  [<ffffffff811a2b31>] unmap_single_vma+0x81/0xf0
May 22 15:24:09 localhost kernel: [278248.346293]  [<ffffffff81183790>] ? put_pages_list+0x70/0x70
